
Discarded input sections

 .text          0x00000000        0x0 build/obj/crt0.o
 .data          0x00000000        0x0 build/obj/crt0.o
 .bss           0x00000000        0x0 build/obj/crt0.o
 .text.__early_init
                0x00000000       0x10 build/obj/crt0.o
 .text          0x00000000        0x0 build/obj/vectors.o
 .data          0x00000000        0x0 build/obj/vectors.o
 .bss           0x00000000        0x0 build/obj/vectors.o
 .text          0x00000000        0x0 build/obj/chcore.o
 .data          0x00000000        0x0 build/obj/chcore.o
 .bss           0x00000000        0x0 build/obj/chcore.o
 .text.port_halt
                0x00000000       0x10 build/obj/chcore.o
 .debug_info    0x00000000       0x92 build/obj/chcore.o
 .debug_abbrev  0x00000000       0x42 build/obj/chcore.o
 .debug_aranges
                0x00000000       0x20 build/obj/chcore.o
 .debug_ranges  0x00000000       0x10 build/obj/chcore.o
 .debug_line    0x00000000       0x56 build/obj/chcore.o
 .debug_str     0x00000000      0x19c build/obj/chcore.o
 .comment       0x00000000       0x31 build/obj/chcore.o
 .ARM.attributes
                0x00000000       0x33 build/obj/chcore.o
 .debug_frame   0x00000000       0x20 build/obj/chcore.o
 .text          0x00000000        0x0 build/obj/chcore_v7m.o
 .data          0x00000000        0x0 build/obj/chcore_v7m.o
 .bss           0x00000000        0x0 build/obj/chcore_v7m.o
 .text          0x00000000        0x0 build/obj/nvic.o
 .data          0x00000000        0x0 build/obj/nvic.o
 .bss           0x00000000        0x0 build/obj/nvic.o
 .text.nvicDisableVector
                0x00000000       0x50 build/obj/nvic.o
 .text          0x00000000        0x0 build/obj/chsys.o
 .data          0x00000000        0x0 build/obj/chsys.o
 .bss           0x00000000        0x0 build/obj/chsys.o
 .text          0x00000000        0x0 build/obj/chdebug.o
 .data          0x00000000        0x0 build/obj/chdebug.o
 .bss           0x00000000        0x0 build/obj/chdebug.o
 .debug_info    0x00000000       0x79 build/obj/chdebug.o
 .debug_abbrev  0x00000000       0x26 build/obj/chdebug.o
 .debug_aranges
                0x00000000       0x18 build/obj/chdebug.o
 .debug_line    0x00000000       0x1d build/obj/chdebug.o
 .debug_str     0x00000000      0x18d build/obj/chdebug.o
 .comment       0x00000000       0x31 build/obj/chdebug.o
 .ARM.attributes
                0x00000000       0x33 build/obj/chdebug.o
 .text          0x00000000        0x0 build/obj/chlists.o
 .data          0x00000000        0x0 build/obj/chlists.o
 .bss           0x00000000        0x0 build/obj/chlists.o
 .debug_info    0x00000000       0x79 build/obj/chlists.o
 .debug_abbrev  0x00000000       0x26 build/obj/chlists.o
 .debug_aranges
                0x00000000       0x18 build/obj/chlists.o
 .debug_line    0x00000000       0x1d build/obj/chlists.o
 .debug_str     0x00000000      0x18d build/obj/chlists.o
 .comment       0x00000000       0x31 build/obj/chlists.o
 .ARM.attributes
                0x00000000       0x33 build/obj/chlists.o
 .text          0x00000000        0x0 build/obj/chvt.o
 .data          0x00000000        0x0 build/obj/chvt.o
 .bss           0x00000000        0x0 build/obj/chvt.o
 .text          0x00000000        0x0 build/obj/chschd.o
 .data          0x00000000        0x0 build/obj/chschd.o
 .bss           0x00000000        0x0 build/obj/chschd.o
 .text.chSchRescheduleS
                0x00000000       0x20 build/obj/chschd.o
 .text          0x00000000        0x0 build/obj/chthreads.o
 .data          0x00000000        0x0 build/obj/chthreads.o
 .bss           0x00000000        0x0 build/obj/chthreads.o
 .text.chThdCreateI
                0x00000000       0x80 build/obj/chthreads.o
 .text.chThdSetPriority
                0x00000000       0x30 build/obj/chthreads.o
 .text.chThdResume
                0x00000000       0x20 build/obj/chthreads.o
 .text.chThdTerminate
                0x00000000       0x20 build/obj/chthreads.o
 .text.chThdSleepUntil
                0x00000000       0x30 build/obj/chthreads.o
 .text.chThdYield
                0x00000000       0x30 build/obj/chthreads.o
 .text.chThdWait
                0x00000000       0x40 build/obj/chthreads.o
 .text          0x00000000        0x0 build/obj/chdynamic.o
 .data          0x00000000        0x0 build/obj/chdynamic.o
 .bss           0x00000000        0x0 build/obj/chdynamic.o
 .text.chThdAddRef
                0x00000000       0x20 build/obj/chdynamic.o
 .text.chThdRelease
                0x00000000       0x50 build/obj/chdynamic.o
 .text.chThdCreateFromHeap
                0x00000000       0x40 build/obj/chdynamic.o
 .text.chThdCreateFromMemoryPool
                0x00000000       0x40 build/obj/chdynamic.o
 .debug_info    0x00000000      0x868 build/obj/chdynamic.o
 .debug_abbrev  0x00000000      0x22b build/obj/chdynamic.o
 .debug_loc     0x00000000      0x1d4 build/obj/chdynamic.o
 .debug_aranges
                0x00000000       0x38 build/obj/chdynamic.o
[...]
Memory Configuration

Name             Origin             Length             Attributes
flash            0x08000000         0x00100000
ram              0x20000000         0x0001c000
ethram           0x2001c000         0x00004000
ccmram           0x10000000         0x00010000
*default*        0x00000000         0xffffffff

Linker script and memory map

LOAD build/obj/crt0.o
LOAD build/obj/vectors.o
LOAD build/obj/chcore.o
LOAD build/obj/chcore_v7m.o
LOAD build/obj/nvic.o
LOAD build/obj/chsys.o
LOAD build/obj/chdebug.o
LOAD build/obj/chlists.o
LOAD build/obj/chvt.o
LOAD build/obj/chschd.o
LOAD build/obj/chthreads.o
LOAD build/obj/chdynamic.o
LOAD build/obj/chregistry.o
LOAD build/obj/chsem.o
LOAD build/obj/chmtx.o
LOAD build/obj/chcond.o
LOAD build/obj/chevents.o
LOAD build/obj/chmsg.o
LOAD build/obj/chmboxes.o
LOAD build/obj/chqueues.o
LOAD build/obj/chmemcore.o
LOAD build/obj/chheap.o
LOAD build/obj/chmempools.o
LOAD build/obj/test.o
LOAD build/obj/testthd.o
LOAD build/obj/testsem.o
LOAD build/obj/testmtx.o
LOAD build/obj/testmsg.o
LOAD build/obj/testmbox.o
LOAD build/obj/testevt.o
LOAD build/obj/testheap.o
LOAD build/obj/testpools.o
LOAD build/obj/testdyn.o
LOAD build/obj/testqueues.o
LOAD build/obj/testbmk.o
LOAD build/obj/hal.o
LOAD build/obj/adc.o
LOAD build/obj/can.o
LOAD build/obj/ext.o
LOAD build/obj/gpt.o
LOAD build/obj/i2c.o
LOAD build/obj/icu.o
LOAD build/obj/mac.o
LOAD build/obj/mmc_spi.o
LOAD build/obj/mmcsd.o
LOAD build/obj/pal.o
LOAD build/obj/pwm.o
LOAD build/obj/rtc.o
LOAD build/obj/sdc.o
LOAD build/obj/serial.o
LOAD build/obj/serial_usb.o
LOAD build/obj/spi.o
LOAD build/obj/tm.o
LOAD build/obj/uart.o
LOAD build/obj/usb.o
LOAD build/obj/stm32_dma.o
LOAD build/obj/hal_lld.o
LOAD build/obj/adc_lld.o
LOAD build/obj/ext_lld_isr.o
LOAD build/obj/can_lld.o
LOAD build/obj/ext_lld.o
LOAD build/obj/mac_lld.o
LOAD build/obj/sdc_lld.o
LOAD build/obj/pal_lld.o
LOAD build/obj/i2c_lld.o
LOAD build/obj/usb_lld.o
LOAD build/obj/rtc_lld.o
LOAD build/obj/spi_lld.o
LOAD build/obj/gpt_lld.o
LOAD build/obj/icu_lld.o
LOAD build/obj/pwm_lld.o
LOAD build/obj/serial_lld.o
LOAD build/obj/uart_lld.o
LOAD build/obj/board.o
LOAD build/obj/main.o
                0x00000400                __main_stack_size__ = 0x400
                0x00000400                __process_stack_size__ = 0x400
                0x20000000                __ram_start__ = ORIGIN (ram)
                0x0001c000                __ram_size__ = 0x1c000
                0x2001c000                __ram_end__ = (__ram_start__ + __ram_size__)
                0x00000000                . = 0x0
                0x00000000                _text = .

startup         0x08000000      0x1ac
 *(vectors)
 vectors        0x08000000      0x1ac build/obj/vectors.o
                0x08000000                _vectors

constructors    0x080001ac        0x0
                0x080001ac                PROVIDE (__init_array_start, .)
 *(SORT(.init_array.*))
 *(.init_array)
                0x080001ac                PROVIDE (__init_array_end, .)

destructors     0x080001ac        0x0
                0x080001ac                PROVIDE (__fini_array_start, .)
 *(.fini_array)
 *(SORT(.fini_array.*))
                0x080001ac                PROVIDE (__fini_array_end, .)

.text           0x080001b0     0x1a38
 *(.text.startup.*)
 .text.startup.main
                0x080001b0       0xb0 build/obj/main.o
                0x080001b0                main
 *(.text)
 *(.text.*)
 .text.__late_init
                0x08000260       0x10 build/obj/crt0.o
                0x08000260                __late_init
 .text._default_exit
                0x08000270       0x10 build/obj/crt0.o
                0x08000270                _default_exit
 .text.ResetHandler
                0x08000280      0x140 build/obj/crt0.o
                0x08000280                ResetHandler
 .text._unhandled_exception
                0x080003c0       0x10 build/obj/vectors.o
                0x080003c0                Vector58
                0x080003c0                VectorE8
                0x080003c0                Vector9C
                0x080003c0                VectorAC
                0x080003c0                Vector1A0
                0x080003c0                Vector5C
                0x080003c0                NMIVector
                0x080003c0                Vector11C
                0x080003c0                Vector19C
                0x080003c0                VectorDC
                0x080003c0                Vector168
                0x080003c0                Vector110
                0x080003c0                Vector120
                0x080003c0                VectorC8
                0x080003c0                VectorA8
                0x080003c0                VectorB4
                0x080003c0                Vector74
                0x080003c0                Vector160
                0x080003c0                VectorEC
                0x080003c0                UsageFaultVector
                0x080003c0                DebugMonitorVector
                0x080003c0                Vector40
                0x080003c0                VectorF8
                0x080003c0                Vector108
                0x080003c0                VectorBC
                0x080003c0                Vector190
                0x080003c0                Vector150
                0x080003c0                Vector124
                0x080003c0                Vector188
                0x080003c0                PendSVVector
                0x080003c0                Vector198
                0x080003c0                Vector118
                0x080003c0                Vector64
                0x080003c0                VectorCC
                0x080003c0                Vector54
                0x080003c0                VectorD8
                0x080003c0                Vector138
                0x080003c0                Vector24
                0x080003c0                Vector178
                0x080003c0                Vector84
                0x080003c0                Vector1A4
                0x080003c0                BusFaultVector
                0x080003c0                VectorD0
                0x080003c0                VectorE4
                0x080003c0                VectorC0
                0x080003c0                Vector158
                0x080003c0                Vector130
                0x080003c0                HardFaultVector
                0x080003c0                Vector134
                0x080003c0                VectorF0
                0x080003c0                Vector12C
                0x080003c0                Vector100
                0x080003c0                VectorE0
                0x080003c0                VectorF4
                0x080003c0                MemManageVector
                0x080003c0                Vector6C
                0x080003c0                VectorA0
                0x080003c0                VectorC4
                0x080003c0                Vector7C
                0x080003c0                Vector180
                0x080003c0                VectorB0
                0x080003c0                Vector114
                0x080003c0                Vector164
                0x080003c0                Vector60
                0x080003c0                Vector1C
                0x080003c0                Vector17C
                0x080003c0                Vector48
                0x080003c0                Vector1A8
                0x080003c0                Vector16C
                0x080003c0                Vector70
                0x080003c0                VectorD4
                0x080003c0                Vector4C
                0x080003c0                Vector80
                0x080003c0                Vector15C
                0x080003c0                Vector68
                0x080003c0                Vector78
                0x080003c0                _unhandled_exception
                0x080003c0                Vector170
                0x080003c0                Vector88
                0x080003c0                Vector104
                0x080003c0                Vector184
                0x080003c0                Vector10C
                0x080003c0                Vector14C
                0x080003c0                Vector50
                0x080003c0                Vector194
                0x080003c0                Vector154
                0x080003c0                Vector44
                0x080003c0                Vector28
                0x080003c0                VectorB8
                0x080003c0                VectorFC
                0x080003c0                Vector34
                0x080003c0                Vector128
                0x080003c0                VectorA4
                0x080003c0                Vector20
                0x080003c0                Vector18C
                0x080003c0                Vector174
 .text._port_switch_from_isr
                0x080003d0       0x10 build/obj/chcore_v7m.o
                0x080003d0                _port_switch_from_isr
 .text.SVCallVector
                0x080003e0       0x20 build/obj/chcore_v7m.o
                0x080003e0                SVCallVector
 .text._port_init
                0x08000400       0x40 build/obj/chcore_v7m.o
                0x08000400                _port_init
 .text._port_irq_epilogue
                0x08000440       0x80 build/obj/chcore_v7m.o
                0x08000440                _port_irq_epilogue
 .text.SysTickVector
                0x080004c0       0x20 build/obj/chcore_v7m.o
                0x080004c0                SysTickVector
 .text._port_switch
                0x080004e0       0x10 build/obj/chcore_v7m.o
                0x080004e0                _port_switch
 .text._port_thread_start
                0x080004f0       0x10 build/obj/chcore_v7m.o
                0x080004f0                _port_thread_start
 .text.nvicEnableVector
                0x08000500       0x50 build/obj/nvic.o
                0x08000500                nvicEnableVector
 .text.nvicSetSystemHandlerPriority
                0x08000550       0x30 build/obj/nvic.o
                0x08000550                nvicSetSystemHandlerPriority
 .text._idle_thread
                0x08000580       0x20 build/obj/chsys.o
                0x08000580                _idle_thread
 .text.chSysInit
                0x080005a0       0x70 build/obj/chsys.o
                0x080005a0                chSysInit
 .text.chSysTimerHandlerI
                0x08000610       0x70 build/obj/chsys.o
                0x08000610                chSysTimerHandlerI
 .text._vt_init
                0x08000680       0x20 build/obj/chvt.o
                0x08000680                _vt_init
 .text.chVTSetI
                0x080006a0       0x40 build/obj/chvt.o
                0x080006a0                chVTSetI
 .text.chVTResetI
                0x080006e0       0x30 build/obj/chvt.o
                0x080006e0                chVTResetI
 .text.wakeup   0x08000710       0x70 build/obj/chschd.o
 .text._scheduler_init
                0x08000780       0x20 build/obj/chschd.o
                0x08000780                _scheduler_init
 .text.chSchReadyI
                0x080007a0       0x30 build/obj/chschd.o
                0x080007a0                chSchReadyI
 .text.chSchGoSleepS
                0x080007d0       0x30 build/obj/chschd.o
                0x080007d0                chSchGoSleepS
 .text.chSchGoSleepTimeoutS
                0x08000800       0x50 build/obj/chschd.o
                0x08000800                chSchGoSleepTimeoutS
 .text.chSchWakeupS
                0x08000850       0x70 build/obj/chschd.o
                0x08000850                chSchWakeupS
 .text.chSchDoRescheduleBehind
                0x080008c0       0x50 build/obj/chschd.o
                0x080008c0                chSchDoRescheduleBehind
 .text.chSchDoRescheduleAhead
                0x08000910       0x40 build/obj/chschd.o
                0x08000910                chSchDoRescheduleAhead
 .text.chSchDoReschedule
                0x08000950       0x20 build/obj/chschd.o
                0x08000950                chSchDoReschedule
 .text._thread_init
                0x08000970       0x60 build/obj/chthreads.o
                0x08000970                _thread_init
 .text.chThdCreateStatic
                0x080009d0       0x90 build/obj/chthreads.o
                0x080009d0                chThdCreateStatic
 .text.chThdSleep
                0x08000a60       0x20 build/obj/chthreads.o
                0x08000a60                chThdSleep
 .text.chThdExitS
                0x08000a80       0x40 build/obj/chthreads.o
                0x08000a80                chThdExitS
 .text.chThdExit
                0x08000ac0       0x10 build/obj/chthreads.o
                0x08000ac0                chThdExit
 .text.chSemInit
                0x08000ad0       0x10 build/obj/chsem.o
                0x08000ad0                chSemInit
 .text.chSemWaitTimeoutS
                0x08000ae0       0x50 build/obj/chsem.o
                0x08000ae0                chSemWaitTimeoutS
 .text.chSemSignalI
                0x08000b30       0x30 build/obj/chsem.o
                0x08000b30                chSemSignalI
 .text.chMtxInit
                0x08000b60       0x10 build/obj/chmtx.o
                0x08000b60                chMtxInit
 .text.chEvtRegisterMask
                0x08000b70       0x30 build/obj/chevents.o
                0x08000b70                chEvtRegisterMask
 .text.chEvtUnregister
                0x08000ba0       0x30 build/obj/chevents.o
                0x08000ba0                chEvtUnregister
 .text.chEvtSignalI
                0x08000bd0       0x30 build/obj/chevents.o
                0x08000bd0                chEvtSignalI
 .text.chEvtBroadcastFlagsI
                0x08000c00       0x20 build/obj/chevents.o
                0x08000c00                chEvtBroadcastFlagsI
 .text.chEvtWaitAnyTimeout
                0x08000c20       0x60 build/obj/chevents.o
                0x08000c20                chEvtWaitAnyTimeout
 .text._core_init
                0x08000c80       0x30 build/obj/chmemcore.o
                0x08000c80                _core_init
 .text.chCoreAlloc
                0x08000cb0       0x40 build/obj/chmemcore.o
                0x08000cb0                chCoreAlloc
 .text._heap_init
                0x08000cf0       0x20 build/obj/chheap.o
                0x08000cf0                _heap_init
 .text.halInit  0x08000d10       0x30 build/obj/hal.o
                0x08000d10                halInit
 .text.canInit  0x08000d40       0x10 build/obj/can.o
                0x08000d40                canInit
 .text.canObjectInit
                0x08000d50       0x40 build/obj/can.o
                0x08000d50                canObjectInit
 .text.canStart
                0x08000d90       0x40 build/obj/can.o
                0x08000d90                canStart
 .text.canTransmit
                0x08000dd0       0x60 build/obj/can.o
                0x08000dd0                canTransmit
 .text.canReceive
                0x08000e30       0x60 build/obj/can.o
                0x08000e30                canReceive
 .text.tm_start
                0x08000e90       0x10 build/obj/tm.o
 .text.tm_stop  0x08000ea0       0x40 build/obj/tm.o
 .text.tmInit   0x08000ee0       0x50 build/obj/tm.o
                0x08000ee0                tmInit
 .text.hal_lld_init
                0x08000f30       0xb0 build/obj/hal_lld.o
                0x08000f30                hal_lld_init
 .text.stm32_clock_init
                0x08000fe0      0x110 build/obj/hal_lld.o
                0x08000fe0                stm32_clock_init
 .text.can_lld_set_filters
                0x080010f0      0x140 build/obj/can_lld.o
 .text.can_lld_tx_handler
                0x08001230       0x40 build/obj/can_lld.o
 .text.can_lld_rx0_handler
                0x08001270       0x70 build/obj/can_lld.o
 .text.can_lld_rx1_handler
                0x080012e0       0x70 build/obj/can_lld.o
 .text.can_lld_sce_handler
                0x08001350       0x70 build/obj/can_lld.o
 .text.Vector8C
                0x080013c0       0x20 build/obj/can_lld.o
                0x080013c0                Vector8C
 .text.Vector90
                0x080013e0       0x20 build/obj/can_lld.o
                0x080013e0                Vector90
 .text.Vector94
                0x08001400       0x20 build/obj/can_lld.o
                0x08001400                Vector94
 .text.Vector98
                0x08001420       0x20 build/obj/can_lld.o
                0x08001420                Vector98
 .text.Vector13C
                0x08001440       0x20 build/obj/can_lld.o
                0x08001440                Vector13C
 .text.Vector140
                0x08001460       0x20 build/obj/can_lld.o
                0x08001460                Vector140
 .text.Vector144
                0x08001480       0x20 build/obj/can_lld.o
                0x08001480                Vector144
 .text.Vector148
                0x080014a0       0x20 build/obj/can_lld.o
                0x080014a0                Vector148
 .text.can_lld_init
                0x080014c0       0x40 build/obj/can_lld.o
                0x080014c0                can_lld_init
 .text.can_lld_start
                0x08001500       0xc0 build/obj/can_lld.o
                0x08001500                can_lld_start
 .text.can_lld_is_tx_empty
                0x080015c0       0x40 build/obj/can_lld.o
                0x080015c0                can_lld_is_tx_empty
 .text.can_lld_transmit
                0x08001600       0x80 build/obj/can_lld.o
                0x08001600                can_lld_transmit
 .text.can_lld_is_rx_nonempty
                0x08001680       0x40 build/obj/can_lld.o
                0x08001680                can_lld_is_rx_nonempty
 .text.can_lld_receive
                0x080016c0       0xd0 build/obj/can_lld.o
                0x080016c0                can_lld_receive
 .text._pal_lld_init
                0x08001790      0x1b0 build/obj/pal_lld.o
                0x08001790                _pal_lld_init
 .text.__early_init
                0x08001940       0x10 build/obj/board.o
                0x08001940                __early_init
 .text.boardInit
                0x08001950       0x10 build/obj/board.o
                0x08001950                boardInit
 .text.can_tx   0x08001960       0x90 build/obj/main.o
 .text.can_rx   0x080019f0       0x80 build/obj/main.o
 *(.rodata)
 *(.rodata.*)
 .rodata.str1.4
                0x08001a70        0x5 build/obj/chsys.o
                                  0x8 (size before relaxing)
 *fill*         0x08001a75        0xb 
 .rodata.ch_debug
                0x08001a80       0x18 build/obj/chregistry.o
                0x08001a80                ch_debug
 *fill*         0x08001a98        0x8 
 .rodata.pal_default_config
                0x08001aa0       0xfc build/obj/board.o
                0x08001aa0                pal_default_config
 *fill*         0x08001b9c        0x4 
 .rodata.cancfg
                0x08001ba0        0x8 build/obj/main.o
 *fill*         0x08001ba8        0x8 
 .rodata.can1   0x08001bb0        0x8 build/obj/main.o
 *fill*         0x08001bb8        0x8 
 .rodata.str1.4
                0x08001bc0       0x18 build/obj/main.o
 *fill*         0x08001bd8        0x8 
 .rodata.can2   0x08001be0        0x8 build/obj/main.o
 *(.glue_7t)
 .glue_7t       0x00000000        0x0 linker stubs
 *(.glue_7)
 .glue_7        0x00000000        0x0 linker stubs
 *(.gcc*)

.vfp11_veneer   0x08001be8        0x0
 .vfp11_veneer  0x00000000        0x0 linker stubs

.v4_bx          0x08001be8        0x0
 .v4_bx         0x00000000        0x0 linker stubs

.iplt           0x08001be8        0x0
 .iplt          0x00000000        0x0 build/obj/crt0.o

.rel.dyn        0x08001be8        0x0
 .rel.iplt      0x00000000        0x0 build/obj/crt0.o

.ARM.extab
 *(.ARM.extab* .gnu.linkonce.armextab.*)

.ARM.exidx      0x08001be8        0x0
                0x08001be8                PROVIDE (__exidx_start, .)
 *(.ARM.exidx* .gnu.linkonce.armexidx.*)
                0x08001be8                PROVIDE (__exidx_end, .)

.eh_frame_hdr
 *(.eh_frame_hdr)

.eh_frame
 *(.eh_frame)

.textalign      0x08001be8        0x0
                0x08001be8                . = ALIGN (0x8)
                0x08001be8                . = ALIGN (0x4)
                0x08001be8                _etext = .
                0x08001be8                _textdata = _etext

.stacks         0x20000000      0x800
                0x20000000                . = ALIGN (0x8)
                0x20000000                __main_stack_base__ = .
                0x20000400                . = (. + __main_stack_size__)
 *fill*         0x20000000      0x400 
                0x20000400                . = ALIGN (0x8)
                0x20000400                __main_stack_end__ = .
                0x20000400                __process_stack_base__ = .
                0x20000400                __main_thread_stack_base__ = .
                0x20000800                . = (. + __process_stack_size__)
 *fill*         0x20000400      0x400 
                0x20000800                . = ALIGN (0x8)
                0x20000800                __process_stack_end__ = .
                0x20000800                __main_thread_stack_end__ = .

.data           0x20000800        0x0 load address 0x08001be8
                0x20000800                . = ALIGN (0x4)
                0x20000800                PROVIDE (_data, .)
 *(.data)
 *(.data.*)
 *(.ramtext)
                0x20000800                . = ALIGN (0x4)
                0x20000800                PROVIDE (_edata, .)

.igot.plt       0x20000800        0x0 load address 0x08001be8
 .igot.plt      0x00000000        0x0 build/obj/crt0.o

.bss            0x20000800      0x768
                0x20000800                . = ALIGN (0x4)
                0x20000800                PROVIDE (_bss_start, .)
 *(.bss)
 *(.bss.*)
 .bss.mainthread.4774
                0x20000800       0x48 build/obj/chsys.o
 .bss._idle_thread_wa
                0x20000848       0xe0 build/obj/chsys.o
                0x20000848                _idle_thread_wa
 .bss.vtlist    0x20000928       0x10 build/obj/chvt.o
                0x20000928                vtlist
 .bss.rlist     0x20000938       0x1c build/obj/chschd.o
                0x20000938                rlist
 .bss.endmem    0x20000954        0x4 build/obj/chmemcore.o
 .bss.nextmem   0x20000958        0x4 build/obj/chmemcore.o
 *fill*         0x2000095c        0x4 
 .bss.default_heap
                0x20000960       0x20 build/obj/chheap.o
 .bss.measurement_offset
                0x20000980        0x4 build/obj/tm.o
 .bss.CAND1     0x20000984       0x38 build/obj/can_lld.o
                0x20000984                CAND1
 .bss.CAND2     0x200009bc       0x38 build/obj/can_lld.o
                0x200009bc                CAND2
 *fill*         0x200009f4        0x4 
 .bss.can_rx2_wa
                0x200009f8      0x1d0 build/obj/main.o
 .bss.can_tx_wa
                0x20000bc8      0x1d0 build/obj/main.o
 .bss.can_rx1_wa
                0x20000d98      0x1d0 build/obj/main.o
 *(COMMON)
                0x20000f68                . = ALIGN (0x4)
                0x20000f68                PROVIDE (_bss_end, .)
                0x20000f68                PROVIDE (end, .)
                0x20000f68                _end = .
                0x20000f68                __heap_base__ = _end
                0x2001c000                __heap_end__ = __ram_end__
START GROUP
LOAD /usr/bin/../lib/gcc/arm-none-eabi/4.8.1/thumb2/libgcc.a
LOAD /usr/bin/../lib/gcc/arm-none-eabi/4.8.1/../../../../arm-none-eabi/lib/thumb2/libc.a
END GROUP
OUTPUT(build/ch.elf elf32-littlearm)

.debug_info     0x00000000     0xa99e
 .debug_info    0x00000000      0x2a9 build/obj/crt0.o
 .debug_info    0x000002a9      0x1c2 build/obj/vectors.o
 .debug_info    0x0000046b      0x7d1 build/obj/chcore_v7m.o
 .debug_info    0x00000c3c      0x3fb build/obj/nvic.o
 .debug_info    0x00001037      0x7f0 build/obj/chsys.o
 .debug_info    0x00001827      0x1f8 build/obj/chvt.o
 .debug_info    0x00001a1f      0x955 build/obj/chschd.o
 .debug_info    0x00002374      0xbc9 build/obj/chthreads.o
 .debug_info    0x00002f3d      0x5f7 build/obj/chregistry.o
 .debug_info    0x00003534      0xa93 build/obj/chsem.o
 .debug_info    0x00003fc7      0x9ad build/obj/chmtx.o
 .debug_info    0x00004974      0xd58 build/obj/chevents.o
 .debug_info    0x000056cc      0x209 build/obj/chmemcore.o
 .debug_info    0x000058d5      0x6ce build/obj/chheap.o
 .debug_info    0x00005fa3      0x386 build/obj/hal.o
 .debug_info    0x00006329      0xfed build/obj/can.o
 .debug_info    0x00007316      0x2c3 build/obj/tm.o
 .debug_info    0x000075d9      0x46a build/obj/hal_lld.o
 .debug_info    0x00007a43     0x1747 build/obj/can_lld.o
 .debug_info    0x0000918a      0x6e3 build/obj/pal_lld.o
 .debug_info    0x0000986d      0x1de build/obj/board.o
 .debug_info    0x00009a4b      0xf53 build/obj/main.o

.debug_abbrev   0x00000000     0x2c00
 .debug_abbrev  0x00000000       0xf4 build/obj/crt0.o
 .debug_abbrev  0x000000f4       0xaf build/obj/vectors.o
 .debug_abbrev  0x000001a3      0x1b9 build/obj/chcore_v7m.o
 .debug_abbrev  0x0000035c      0x10e build/obj/nvic.o
 .debug_abbrev  0x0000046a      0x20e build/obj/chsys.o
 .debug_abbrev  0x00000678      0x117 build/obj/chvt.o
 .debug_abbrev  0x0000078f      0x30a build/obj/chschd.o
 .debug_abbrev  0x00000a99      0x35e build/obj/chthreads.o
 .debug_abbrev  0x00000df7      0x176 build/obj/chregistry.o
 .debug_abbrev  0x00000f6d      0x2ff build/obj/chsem.o
 .debug_abbrev  0x0000126c      0x2fa build/obj/chmtx.o
 .debug_abbrev  0x00001566      0x2f8 build/obj/chevents.o
 .debug_abbrev  0x0000185e      0x15b build/obj/chmemcore.o
 .debug_abbrev  0x000019b9      0x1e7 build/obj/chheap.o
 .debug_abbrev  0x00001ba0      0x1bf build/obj/hal.o
 .debug_abbrev  0x00001d5f      0x2ef build/obj/can.o
 .debug_abbrev  0x0000204e      0x19a build/obj/tm.o
 .debug_abbrev  0x000021e8      0x10c build/obj/hal_lld.o
 .debug_abbrev  0x000022f4      0x3d6 build/obj/can_lld.o
 .debug_abbrev  0x000026ca      0x1aa build/obj/pal_lld.o
 .debug_abbrev  0x00002874       0xe3 build/obj/board.o
 .debug_abbrev  0x00002957      0x2a9 build/obj/main.o

.debug_loc      0x00000000     0x2569
 .debug_loc     0x00000000       0xe2 build/obj/crt0.o
 .debug_loc     0x000000e2       0x5a build/obj/chcore_v7m.o
 .debug_loc     0x0000013c      0x159 build/obj/nvic.o
 .debug_loc     0x00000295       0x31 build/obj/chsys.o
 .debug_loc     0x000002c6       0x6a build/obj/chvt.o
 .debug_loc     0x00000330      0x2e2 build/obj/chschd.o
 .debug_loc     0x00000612      0x350 build/obj/chthreads.o
 .debug_loc     0x00000962       0x21 build/obj/chregistry.o
 .debug_loc     0x00000983      0x4d2 build/obj/chsem.o
 .debug_loc     0x00000e55      0x376 build/obj/chmtx.o
 .debug_loc     0x000011cb      0x4b8 build/obj/chevents.o
 .debug_loc     0x00001683       0xaa build/obj/chmemcore.o
 .debug_loc     0x0000172d      0x3ae build/obj/chheap.o
 .debug_loc     0x00001adb       0x58 build/obj/hal.o
 .debug_loc     0x00001b33      0x222 build/obj/can.o
 .debug_loc     0x00001d55       0x6d build/obj/tm.o
 .debug_loc     0x00001dc2      0x5ae build/obj/can_lld.o
 .debug_loc     0x00002370      0x19c build/obj/pal_lld.o
 .debug_loc     0x0000250c       0x5d build/obj/main.o

.debug_aranges  0x00000000      0x658
 .debug_aranges
                0x00000000       0x38 build/obj/crt0.o
 .debug_aranges
                0x00000038       0x20 build/obj/vectors.o
 .debug_aranges
                0x00000058       0x50 build/obj/chcore_v7m.o
 .debug_aranges
                0x000000a8       0x30 build/obj/nvic.o
 .debug_aranges
                0x000000d8       0x30 build/obj/chsys.o
 .debug_aranges
                0x00000108       0x30 build/obj/chvt.o
 .debug_aranges
                0x00000138       0x68 build/obj/chschd.o
 .debug_aranges
                0x000001a0       0x78 build/obj/chthreads.o
 .debug_aranges
                0x00000218       0x28 build/obj/chregistry.o
 .debug_aranges
                0x00000240       0x70 build/obj/chsem.o
 .debug_aranges
                0x000002b0       0x58 build/obj/chmtx.o
 .debug_aranges
                0x00000308       0xa0 build/obj/chevents.o
 .debug_aranges
                0x000003a8       0x38 build/obj/chmemcore.o
 .debug_aranges
                0x000003e0       0x40 build/obj/chheap.o
 .debug_aranges
                0x00000420       0x30 build/obj/hal.o
 .debug_aranges
                0x00000450       0x58 build/obj/can.o
 .debug_aranges
                0x000004a8       0x38 build/obj/tm.o
 .debug_aranges
                0x000004e0       0x28 build/obj/hal_lld.o
 .debug_aranges
                0x00000508       0xd0 build/obj/can_lld.o
 .debug_aranges
                0x000005d8       0x28 build/obj/pal_lld.o
 .debug_aranges
                0x00000600       0x28 build/obj/board.o
 .debug_aranges
                0x00000628       0x30 build/obj/main.o

.debug_ranges   0x00000000      0xc08
 .debug_ranges  0x00000000       0x28 build/obj/crt0.o
 .debug_ranges  0x00000028       0x10 build/obj/vectors.o
 .debug_ranges  0x00000038       0x58 build/obj/chcore_v7m.o
 .debug_ranges  0x00000090       0x20 build/obj/nvic.o
 .debug_ranges  0x000000b0       0x38 build/obj/chsys.o
 .debug_ranges  0x000000e8       0x20 build/obj/chvt.o
 .debug_ranges  0x00000108      0x150 build/obj/chschd.o
 .debug_ranges  0x00000258      0x130 build/obj/chthreads.o
 .debug_ranges  0x00000388       0x30 build/obj/chregistry.o
 .debug_ranges  0x000003b8       0xf0 build/obj/chsem.o
 .debug_ranges  0x000004a8      0x170 build/obj/chmtx.o
 .debug_ranges  0x00000618      0x120 build/obj/chevents.o
 .debug_ranges  0x00000738       0x28 build/obj/chmemcore.o
 .debug_ranges  0x00000760       0x30 build/obj/chheap.o
 .debug_ranges  0x00000790       0x40 build/obj/hal.o
 .debug_ranges  0x000007d0      0x108 build/obj/can.o
 .debug_ranges  0x000008d8       0x80 build/obj/tm.o
 .debug_ranges  0x00000958       0x38 build/obj/hal_lld.o
 .debug_ranges  0x00000990       0xd8 build/obj/can_lld.o
 .debug_ranges  0x00000a68      0x168 build/obj/pal_lld.o
 .debug_ranges  0x00000bd0       0x18 build/obj/board.o
 .debug_ranges  0x00000be8       0x20 build/obj/main.o

.debug_line     0x00000000     0x2c52
 .debug_line    0x00000000       0xde build/obj/crt0.o
 .debug_line    0x000000de       0x88 build/obj/vectors.o
 .debug_line    0x00000166      0x1be build/obj/chcore_v7m.o
 .debug_line    0x00000324       0xc3 build/obj/nvic.o
 .debug_line    0x000003e7      0x1ab build/obj/chsys.o
 .debug_line    0x00000592      0x101 build/obj/chvt.o
 .debug_line    0x00000693      0x307 build/obj/chschd.o
 .debug_line    0x0000099a      0x359 build/obj/chthreads.o
 .debug_line    0x00000cf3      0x177 build/obj/chregistry.o
 .debug_line    0x00000e6a      0x2bc build/obj/chsem.o
 .debug_line    0x00001126      0x2f6 build/obj/chmtx.o
 .debug_line    0x0000141c      0x2da build/obj/chevents.o
 .debug_line    0x000016f6       0xfd build/obj/chmemcore.o
 .debug_line    0x000017f3      0x21e build/obj/chheap.o
 .debug_line    0x00001a11      0x222 build/obj/hal.o
 .debug_line    0x00001c33      0x2a7 build/obj/can.o
 .debug_line    0x00001eda      0x1a5 build/obj/tm.o
 .debug_line    0x0000207f      0x194 build/obj/hal_lld.o
 .debug_line    0x00002213      0x4bb build/obj/can_lld.o
 .debug_line    0x000026ce      0x1a7 build/obj/pal_lld.o
 .debug_line    0x00002875      0x135 build/obj/board.o
 .debug_line    0x000029aa      0x2a8 build/obj/main.o

.debug_str      0x00000000     0x1886
 .debug_str     0x00000000      0x26a build/obj/crt0.o
                                0x29e (size before relaxing)
 .debug_str     0x0000026a      0x148 build/obj/vectors.o
                                0x2c9 (size before relaxing)
 .debug_str     0x000003b2      0x2e5 build/obj/chcore_v7m.o
                                0x471 (size before relaxing)
 .debug_str     0x00000697       0x99 build/obj/nvic.o
                                0x29b (size before relaxing)
 .debug_str     0x00000730      0x208 build/obj/chsys.o
                                0x549 (size before relaxing)
 .debug_str     0x00000938       0x39 build/obj/chvt.o
                                0x21c (size before relaxing)
 .debug_str     0x00000971       0xd1 build/obj/chschd.o
                                0x47e (size before relaxing)
 .debug_str     0x00000a42       0xd6 build/obj/chthreads.o
                                0x4e9 (size before relaxing)
 .debug_str     0x00000b18       0x45 build/obj/chregistry.o
                                0x46c (size before relaxing)
 .debug_str     0x00000b5d       0xcb build/obj/chsem.o
                                0x462 (size before relaxing)
 .debug_str     0x00000c28       0x94 build/obj/chmtx.o
                                0x403 (size before relaxing)
 .debug_str     0x00000cbc      0x1bc build/obj/chevents.o
                                0x527 (size before relaxing)
 .debug_str     0x00000e78       0x73 build/obj/chmemcore.o
                                0x207 (size before relaxing)
 .debug_str     0x00000eeb       0xb6 build/obj/chheap.o
                                0x3e7 (size before relaxing)
 .debug_str     0x00000fa1      0x171 build/obj/hal.o
                                0x303 (size before relaxing)
 .debug_str     0x00001112      0x2d4 build/obj/can.o
                                0x6c3 (size before relaxing)
 .debug_str     0x000013e6       0x6a build/obj/tm.o
                                0x258 (size before relaxing)
 .debug_str     0x00001450      0x18f build/obj/hal_lld.o
                                0x3b3 (size before relaxing)
 .debug_str     0x000015df      0x14f build/obj/can_lld.o
                                0x895 (size before relaxing)
 .debug_str     0x0000172e       0xcc build/obj/pal_lld.o
                                0x40e (size before relaxing)
 .debug_str     0x000017fa       0x2d build/obj/board.o
                                0x273 (size before relaxing)
 .debug_str     0x00001827       0x5f build/obj/main.o
                                0x6e9 (size before relaxing)

.comment        0x00000000       0x30
 .comment       0x00000000       0x30 build/obj/crt0.o
                                 0x31 (size before relaxing)
 .comment       0x00000000       0x31 build/obj/vectors.o
 .comment       0x00000000       0x31 build/obj/chcore_v7m.o
 .comment       0x00000000       0x31 build/obj/nvic.o
 .comment       0x00000000       0x31 build/obj/chsys.o
 .comment       0x00000000       0x31 build/obj/chvt.o
 .comment       0x00000000       0x31 build/obj/chschd.o
 .comment       0x00000000       0x31 build/obj/chthreads.o
 .comment       0x00000000       0x31 build/obj/chregistry.o
 .comment       0x00000000       0x31 build/obj/chsem.o
 .comment       0x00000000       0x31 build/obj/chmtx.o
 .comment       0x00000000       0x31 build/obj/chevents.o
 .comment       0x00000000       0x31 build/obj/chmemcore.o
 .comment       0x00000000       0x31 build/obj/chheap.o
 .comment       0x00000000       0x31 build/obj/hal.o
 .comment       0x00000000       0x31 build/obj/can.o
 .comment       0x00000000       0x31 build/obj/tm.o
 .comment       0x00000000       0x31 build/obj/hal_lld.o
 .comment       0x00000000       0x31 build/obj/can_lld.o
 .comment       0x00000000       0x31 build/obj/pal_lld.o
 .comment       0x00000000       0x31 build/obj/board.o
 .comment       0x00000000       0x31 build/obj/main.o

.ARM.attributes
                0x00000000       0x33
 .ARM.attributes
                0x00000000       0x33 build/obj/crt0.o
 .ARM.attributes
                0x00000033       0x33 build/obj/vectors.o
 .ARM.attributes
                0x00000066       0x33 build/obj/chcore_v7m.o
 .ARM.attributes
                0x00000099       0x33 build/obj/nvic.o
 .ARM.attributes
                0x000000cc       0x33 build/obj/chsys.o
 .ARM.attributes
                0x000000ff       0x33 build/obj/chvt.o
 .ARM.attributes
                0x00000132       0x33 build/obj/chschd.o
 .ARM.attributes
                0x00000165       0x33 build/obj/chthreads.o
 .ARM.attributes
                0x00000198       0x33 build/obj/chregistry.o
 .ARM.attributes
                0x000001cb       0x33 build/obj/chsem.o
 .ARM.attributes
                0x000001fe       0x33 build/obj/chmtx.o
 .ARM.attributes
                0x00000231       0x33 build/obj/chevents.o
 .ARM.attributes
                0x00000264       0x33 build/obj/chmemcore.o
 .ARM.attributes
                0x00000297       0x33 build/obj/chheap.o
 .ARM.attributes
                0x000002ca       0x33 build/obj/hal.o
 .ARM.attributes
                0x000002fd       0x33 build/obj/can.o
 .ARM.attributes
                0x00000330       0x33 build/obj/tm.o
 .ARM.attributes
                0x00000363       0x33 build/obj/hal_lld.o
 .ARM.attributes
                0x00000396       0x33 build/obj/can_lld.o
 .ARM.attributes
                0x000003c9       0x33 build/obj/pal_lld.o
 .ARM.attributes
                0x000003fc       0x33 build/obj/board.o
 .ARM.attributes
                0x0000042f       0x33 build/obj/main.o

.debug_frame    0x00000000      0xf28
 .debug_frame   0x00000000       0x50 build/obj/crt0.o
 .debug_frame   0x00000050       0x20 build/obj/vectors.o
 .debug_frame   0x00000070       0x98 build/obj/chcore_v7m.o
 .debug_frame   0x00000108       0x64 build/obj/nvic.o
 .debug_frame   0x0000016c       0x5c build/obj/chsys.o
 .debug_frame   0x000001c8       0x4c build/obj/chvt.o
 .debug_frame   0x00000214      0x108 build/obj/chschd.o
 .debug_frame   0x0000031c      0x180 build/obj/chthreads.o
 .debug_frame   0x0000049c       0x3c build/obj/chregistry.o
 .debug_frame   0x000004d8      0x138 build/obj/chsem.o
 .debug_frame   0x00000610       0xe4 build/obj/chmtx.o
 .debug_frame   0x000006f4      0x1e0 build/obj/chevents.o
 .debug_frame   0x000008d4       0x50 build/obj/chmemcore.o
 .debug_frame   0x00000924       0x98 build/obj/chheap.o
 .debug_frame   0x000009bc       0x54 build/obj/hal.o
 .debug_frame   0x00000a10      0x10c build/obj/can.o
 .debug_frame   0x00000b1c       0x6c build/obj/tm.o
 .debug_frame   0x00000b88       0x40 build/obj/hal_lld.o
 .debug_frame   0x00000bc8      0x268 build/obj/can_lld.o
 .debug_frame   0x00000e30       0x4c build/obj/pal_lld.o
 .debug_frame   0x00000e7c       0x30 build/obj/board.o
 .debug_frame   0x00000eac       0x7c build/obj/main.o

Cross Reference Table

Symbol                                            File
BusFaultVector                                    build/obj/vectors.o
CAND1                                             build/obj/can_lld.o
                                                  build/obj/main.o
CAND2                                             build/obj/can_lld.o
                                                  build/obj/main.o
DebugMonitorVector                                build/obj/vectors.o
HardFaultVector                                   build/obj/vectors.o
MemManageVector                                   build/obj/vectors.o
NMIVector                                         build/obj/vectors.o
PendSVVector                                      build/obj/vectors.o
ResetHandler                                      build/obj/crt0.o
                                                  build/obj/vectors.o
SVCallVector                                      build/obj/chcore_v7m.o
                                                  build/obj/vectors.o
SysTickVector                                     build/obj/chcore_v7m.o
                                                  build/obj/vectors.o
TestThread                                        build/obj/test.o
UsageFaultVector                                  build/obj/vectors.o
Vector100                                         build/obj/vectors.o
Vector104                                         build/obj/vectors.o
Vector108                                         build/obj/vectors.o
Vector10C                                         build/obj/vectors.o
Vector110                                         build/obj/vectors.o
Vector114                                         build/obj/vectors.o
Vector118                                         build/obj/vectors.o
Vector11C                                         build/obj/vectors.o
Vector120                                         build/obj/vectors.o
Vector124                                         build/obj/vectors.o
Vector128                                         build/obj/vectors.o
Vector12C                                         build/obj/vectors.o
Vector130                                         build/obj/vectors.o
Vector134                                         build/obj/vectors.o
Vector138                                         build/obj/vectors.o
Vector13C                                         build/obj/can_lld.o
                                                  build/obj/vectors.o
Vector140                                         build/obj/can_lld.o
                                                  build/obj/vectors.o
Vector144                                         build/obj/can_lld.o
                                                  build/obj/vectors.o
Vector148                                         build/obj/can_lld.o
                                                  build/obj/vectors.o
Vector14C                                         build/obj/vectors.o
Vector150                                         build/obj/vectors.o
Vector154                                         build/obj/vectors.o
Vector158                                         build/obj/vectors.o
Vector15C                                         build/obj/vectors.o
Vector160                                         build/obj/vectors.o
Vector164                                         build/obj/vectors.o
Vector168                                         build/obj/vectors.o
Vector16C                                         build/obj/vectors.o
Vector170                                         build/obj/vectors.o
Vector174                                         build/obj/vectors.o
Vector178                                         build/obj/vectors.o
Vector17C                                         build/obj/vectors.o
Vector180                                         build/obj/vectors.o
Vector184                                         build/obj/vectors.o
Vector188                                         build/obj/vectors.o
Vector18C                                         build/obj/vectors.o
Vector190                                         build/obj/vectors.o
Vector194                                         build/obj/vectors.o
Vector198                                         build/obj/vectors.o
Vector19C                                         build/obj/vectors.o
Vector1A0                                         build/obj/vectors.o
Vector1A4                                         build/obj/vectors.o
Vector1A8                                         build/obj/vectors.o
Vector1C                                          build/obj/vectors.o
Vector20                                          build/obj/vectors.o
Vector24                                          build/obj/vectors.o
Vector28                                          build/obj/vectors.o
Vector34                                          build/obj/vectors.o
Vector40                                          build/obj/vectors.o
Vector44                                          build/obj/vectors.o
Vector48                                          build/obj/vectors.o
Vector4C                                          build/obj/vectors.o
Vector50                                          build/obj/vectors.o
Vector54                                          build/obj/vectors.o
Vector58                                          build/obj/vectors.o
Vector5C                                          build/obj/vectors.o
Vector60                                          build/obj/vectors.o
Vector64                                          build/obj/vectors.o
Vector68                                          build/obj/vectors.o
Vector6C                                          build/obj/vectors.o
Vector70                                          build/obj/vectors.o
Vector74                                          build/obj/vectors.o
Vector78                                          build/obj/vectors.o
Vector7C                                          build/obj/vectors.o
Vector80                                          build/obj/vectors.o
Vector84                                          build/obj/vectors.o
Vector88                                          build/obj/vectors.o
Vector8C                                          build/obj/can_lld.o
                                                  build/obj/vectors.o
Vector90                                          build/obj/can_lld.o
                                                  build/obj/vectors.o
Vector94                                          build/obj/can_lld.o
                                                  build/obj/vectors.o
Vector98                                          build/obj/can_lld.o
                                                  build/obj/vectors.o
Vector9C                                          build/obj/vectors.o
VectorA0                                          build/obj/vectors.o
VectorA4                                          build/obj/vectors.o
VectorA8                                          build/obj/vectors.o
VectorAC                                          build/obj/vectors.o
VectorB0                                          build/obj/vectors.o
VectorB4                                          build/obj/vectors.o
VectorB8                                          build/obj/vectors.o
VectorBC                                          build/obj/vectors.o
VectorC0                                          build/obj/vectors.o
VectorC4                                          build/obj/vectors.o
VectorC8                                          build/obj/vectors.o
VectorCC                                          build/obj/vectors.o
VectorD0                                          build/obj/vectors.o
VectorD4                                          build/obj/vectors.o
VectorD8                                          build/obj/vectors.o
VectorDC                                          build/obj/vectors.o
VectorE0                                          build/obj/vectors.o
VectorE4                                          build/obj/vectors.o
VectorE8                                          build/obj/vectors.o
VectorEC                                          build/obj/vectors.o
VectorF0                                          build/obj/vectors.o
VectorF4                                          build/obj/vectors.o
VectorF8                                          build/obj/vectors.o
VectorFC                                          build/obj/vectors.o
__early_init                                      build/obj/board.o
                                                  build/obj/crt0.o
__fini_array_end                                  build/obj/crt0.o
__fini_array_start                                build/obj/crt0.o
__heap_base__                                     build/obj/chmemcore.o
__heap_end__                                      build/obj/chmemcore.o
__init_array_end                                  build/obj/crt0.o
__init_array_start                                build/obj/crt0.o
__late_init                                       build/obj/crt0.o
__main_stack_base__                               build/obj/crt0.o
__main_stack_end__                                build/obj/vectors.o
                                                  build/obj/crt0.o
__process_stack_base__                            build/obj/crt0.o
__process_stack_end__                             build/obj/crt0.o
_bss_end                                          build/obj/crt0.o
_bss_start                                        build/obj/crt0.o
_core_init                                        build/obj/chmemcore.o
                                                  build/obj/chsys.o
_data                                             build/obj/crt0.o
_default_exit                                     build/obj/crt0.o
_edata                                            build/obj/crt0.o
_heap_init                                        build/obj/chheap.o
                                                  build/obj/chsys.o
_idle_thread                                      build/obj/chsys.o
_idle_thread_wa                                   build/obj/chsys.o
_pal_lld_init                                     build/obj/pal_lld.o
                                                  build/obj/hal.o
_pal_lld_setgroupmode                             build/obj/pal_lld.o
                                                  build/obj/pal.o
_port_init                                        build/obj/chcore_v7m.o
                                                  build/obj/chsys.o
_port_irq_epilogue                                build/obj/chcore_v7m.o
                                                  build/obj/can_lld.o
_port_switch                                      build/obj/chcore_v7m.o
                                                  build/obj/chschd.o
_port_switch_from_isr                             build/obj/chcore_v7m.o
_port_thread_start                                build/obj/chcore_v7m.o
                                                  build/obj/chthreads.o
_scheduler_init                                   build/obj/chschd.o
                                                  build/obj/chsys.o
_test_assert                                      build/obj/test.o
                                                  build/obj/testqueues.o
                                                  build/obj/testdyn.o
                                                  build/obj/testpools.o
                                                  build/obj/testheap.o
                                                  build/obj/testevt.o
                                                  build/obj/testmbox.o
                                                  build/obj/testmtx.o
                                                  build/obj/testsem.o
                                                  build/obj/testthd.o
_test_assert_sequence                             build/obj/test.o
                                                  build/obj/testqueues.o
                                                  build/obj/testdyn.o
                                                  build/obj/testevt.o
                                                  build/obj/testmbox.o
                                                  build/obj/testmsg.o
                                                  build/obj/testmtx.o
                                                  build/obj/testsem.o
                                                  build/obj/testthd.o
_test_assert_time_window                          build/obj/test.o
                                                  build/obj/testevt.o
                                                  build/obj/testmtx.o
                                                  build/obj/testsem.o
                                                  build/obj/testthd.o
_test_fail                                        build/obj/test.o
_textdata                                         build/obj/crt0.o
_thread_init                                      build/obj/chthreads.o
                                                  build/obj/chsys.o
_unhandled_exception                              build/obj/vectors.o
_vectors                                          build/obj/vectors.o
_vt_init                                          build/obj/chvt.o
                                                  build/obj/chsys.o
boardInit                                         build/obj/board.o
                                                  build/obj/hal.o
canInit                                           build/obj/can.o
                                                  build/obj/hal.o
canObjectInit                                     build/obj/can.o
                                                  build/obj/can_lld.o
canReceive                                        build/obj/can.o
                                                  build/obj/main.o
canSTM32SetFilters                                build/obj/can_lld.o
canSleep                                          build/obj/can.o
canStart                                          build/obj/can.o
                                                  build/obj/main.o
canStop                                           build/obj/can.o
canTransmit                                       build/obj/can.o
                                                  build/obj/main.o
canWakeup                                         build/obj/can.o
can_lld_init                                      build/obj/can_lld.o
                                                  build/obj/can.o
can_lld_is_rx_nonempty                            build/obj/can_lld.o
                                                  build/obj/can.o
can_lld_is_tx_empty                               build/obj/can_lld.o
                                                  build/obj/can.o
can_lld_receive                                   build/obj/can_lld.o
                                                  build/obj/can.o
can_lld_sleep                                     build/obj/can_lld.o
                                                  build/obj/can.o
can_lld_start                                     build/obj/can_lld.o
                                                  build/obj/can.o
can_lld_stop                                      build/obj/can_lld.o
                                                  build/obj/can.o
can_lld_transmit                                  build/obj/can_lld.o
                                                  build/obj/can.o
can_lld_wakeup                                    build/obj/can_lld.o
                                                  build/obj/can.o
chCondBroadcast                                   build/obj/chcond.o
                                                  build/obj/testmtx.o
chCondBroadcastI                                  build/obj/chcond.o
chCondInit                                        build/obj/chcond.o
                                                  build/obj/testmtx.o
chCondSignal                                      build/obj/chcond.o
                                                  build/obj/testmtx.o
chCondSignalI                                     build/obj/chcond.o
                                                  build/obj/testmtx.o
chCondWait                                        build/obj/chcond.o
                                                  build/obj/testmtx.o
chCondWaitS                                       build/obj/chcond.o
chCondWaitTimeout                                 build/obj/chcond.o
                                                  build/obj/testmtx.o
chCondWaitTimeoutS                                build/obj/chcond.o
chCoreAlloc                                       build/obj/chmemcore.o
                                                  build/obj/chheap.o
chCoreAllocI                                      build/obj/chmemcore.o
chCoreStatus                                      build/obj/chmemcore.o
                                                  build/obj/testheap.o
chEvtAddEvents                                    build/obj/chevents.o
                                                  build/obj/testevt.o
chEvtBroadcastFlags                               build/obj/chevents.o
                                                  build/obj/testevt.o
chEvtBroadcastFlagsI                              build/obj/chevents.o
                                                  build/obj/can_lld.o
                                                  build/obj/can.o
chEvtDispatch                                     build/obj/chevents.o
                                                  build/obj/testevt.o
chEvtGetAndClearEvents                            build/obj/chevents.o
                                                  build/obj/testevt.o
chEvtGetAndClearFlags                             build/obj/chevents.o
chEvtGetAndClearFlagsI                            build/obj/chevents.o
chEvtRegisterMask                                 build/obj/chevents.o
                                                  build/obj/main.o
                                                  build/obj/testevt.o
chEvtSignal                                       build/obj/chevents.o
                                                  build/obj/testevt.o
chEvtSignalI                                      build/obj/chevents.o
chEvtUnregister                                   build/obj/chevents.o
                                                  build/obj/main.o
                                                  build/obj/testevt.o
chEvtWaitAll                                      build/obj/chevents.o
                                                  build/obj/testevt.o
chEvtWaitAllTimeout                               build/obj/chevents.o
                                                  build/obj/testevt.o
chEvtWaitAny                                      build/obj/chevents.o
                                                  build/obj/testevt.o
chEvtWaitAnyTimeout                               build/obj/chevents.o
                                                  build/obj/main.o
                                                  build/obj/testevt.o
chEvtWaitOne                                      build/obj/chevents.o
                                                  build/obj/testevt.o
chEvtWaitOneTimeout                               build/obj/chevents.o
                                                  build/obj/testevt.o
chHeapAlloc                                       build/obj/chheap.o
                                                  build/obj/testdyn.o
                                                  build/obj/testheap.o
                                                  build/obj/chdynamic.o
chHeapFree                                        build/obj/chheap.o
                                                  build/obj/testdyn.o
                                                  build/obj/testheap.o
                                                  build/obj/chdynamic.o
chHeapInit                                        build/obj/chheap.o
                                                  build/obj/testdyn.o
                                                  build/obj/testheap.o
chHeapStatus                                      build/obj/chheap.o
                                                  build/obj/testdyn.o
                                                  build/obj/testheap.o
chIQGetTimeout                                    build/obj/chqueues.o
                                                  build/obj/testbmk.o
                                                  build/obj/testqueues.o
chIQInit                                          build/obj/chqueues.o
                                                  build/obj/testbmk.o
                                                  build/obj/testqueues.o
chIQPutI                                          build/obj/chqueues.o
                                                  build/obj/testbmk.o
                                                  build/obj/testqueues.o
chIQReadTimeout                                   build/obj/chqueues.o
                                                  build/obj/testqueues.o
chIQResetI                                        build/obj/chqueues.o
                                                  build/obj/testqueues.o
chMBFetch                                         build/obj/chmboxes.o
                                                  build/obj/testmbox.o
chMBFetchI                                        build/obj/chmboxes.o
                                                  build/obj/testmbox.o
chMBFetchS                                        build/obj/chmboxes.o
chMBInit                                          build/obj/chmboxes.o
                                                  build/obj/testmbox.o
chMBPost                                          build/obj/chmboxes.o
                                                  build/obj/testmbox.o
chMBPostAhead                                     build/obj/chmboxes.o
                                                  build/obj/testmbox.o
chMBPostAheadI                                    build/obj/chmboxes.o
                                                  build/obj/testmbox.o
chMBPostAheadS                                    build/obj/chmboxes.o
chMBPostI                                         build/obj/chmboxes.o
                                                  build/obj/testmbox.o
chMBPostS                                         build/obj/chmboxes.o
chMBReset                                         build/obj/chmboxes.o
                                                  build/obj/testmbox.o
chMsgRelease                                      build/obj/chmsg.o
                                                  build/obj/testbmk.o
                                                  build/obj/testmsg.o
chMsgSend                                         build/obj/chmsg.o
                                                  build/obj/testbmk.o
                                                  build/obj/testmsg.o
chMsgWait                                         build/obj/chmsg.o
                                                  build/obj/testbmk.o
                                                  build/obj/testmsg.o
chMtxInit                                         build/obj/chmtx.o
                                                  build/obj/testbmk.o
                                                  build/obj/testmtx.o
                                                  build/obj/chheap.o
chMtxLock                                         build/obj/chmtx.o
                                                  build/obj/testbmk.o
                                                  build/obj/testmtx.o
                                                  build/obj/chheap.o
chMtxLockS                                        build/obj/chmtx.o
                                                  build/obj/chcond.o
chMtxTryLock                                      build/obj/chmtx.o
                                                  build/obj/testmtx.o
chMtxTryLockS                                     build/obj/chmtx.o
chMtxUnlock                                       build/obj/chmtx.o
                                                  build/obj/testbmk.o
                                                  build/obj/testmtx.o
                                                  build/obj/chheap.o
chMtxUnlockAll                                    build/obj/chmtx.o
                                                  build/obj/testmtx.o
chMtxUnlockS                                      build/obj/chmtx.o
                                                  build/obj/testmtx.o
                                                  build/obj/chcond.o
chOQGetI                                          build/obj/chqueues.o
                                                  build/obj/testqueues.o
chOQInit                                          build/obj/chqueues.o
                                                  build/obj/testqueues.o
chOQPutTimeout                                    build/obj/chqueues.o
                                                  build/obj/testqueues.o
chOQResetI                                        build/obj/chqueues.o
                                                  build/obj/testqueues.o
chOQWriteTimeout                                  build/obj/chqueues.o
                                                  build/obj/testqueues.o
chPoolAlloc                                       build/obj/chmempools.o
                                                  build/obj/testdyn.o
                                                  build/obj/testpools.o
                                                  build/obj/chdynamic.o
chPoolAllocI                                      build/obj/chmempools.o
chPoolFree                                        build/obj/chmempools.o
                                                  build/obj/testdyn.o
                                                  build/obj/testpools.o
                                                  build/obj/chdynamic.o
chPoolFreeI                                       build/obj/chmempools.o
chPoolInit                                        build/obj/chmempools.o
                                                  build/obj/testdyn.o
                                                  build/obj/testpools.o
chPoolLoadArray                                   build/obj/chmempools.o
                                                  build/obj/testpools.o
chRegFirstThread                                  build/obj/chregistry.o
                                                  build/obj/testdyn.o
chRegNextThread                                   build/obj/chregistry.o
                                                  build/obj/testdyn.o
chSchDoReschedule                                 build/obj/chschd.o
                                                  build/obj/chcore_v7m.o
chSchDoRescheduleAhead                            build/obj/chschd.o
chSchDoRescheduleBehind                           build/obj/chschd.o
                                                  build/obj/chthreads.o
chSchGoSleepS                                     build/obj/chschd.o
                                                  build/obj/testbmk.o
                                                  build/obj/chmsg.o
                                                  build/obj/chevents.o
                                                  build/obj/chcond.o
                                                  build/obj/chmtx.o
                                                  build/obj/chsem.o
                                                  build/obj/chthreads.o
chSchGoSleepTimeoutS                              build/obj/chschd.o
                                                  build/obj/can_lld.o
                                                  build/obj/can.o
                                                  build/obj/chqueues.o
                                                  build/obj/chevents.o
                                                  build/obj/chcond.o
                                                  build/obj/chsem.o
                                                  build/obj/chthreads.o
chSchReadyI                                       build/obj/chschd.o
                                                  build/obj/chqueues.o
                                                  build/obj/chmsg.o
                                                  build/obj/chevents.o
                                                  build/obj/chcond.o
                                                  build/obj/chmtx.o
                                                  build/obj/chsem.o
                                                  build/obj/chthreads.o
chSchRescheduleS                                  build/obj/chschd.o
                                                  build/obj/can.o
                                                  build/obj/testmtx.o
                                                  build/obj/testsem.o
                                                  build/obj/chmboxes.o
                                                  build/obj/chevents.o
                                                  build/obj/chcond.o
                                                  build/obj/chmtx.o
                                                  build/obj/chsem.o
                                                  build/obj/chthreads.o
chSchWakeupS                                      build/obj/chschd.o
                                                  build/obj/testbmk.o
                                                  build/obj/chmsg.o
                                                  build/obj/chcond.o
                                                  build/obj/chmtx.o
                                                  build/obj/chsem.o
                                                  build/obj/chdynamic.o
                                                  build/obj/chthreads.o
chSemAddCounterI                                  build/obj/chsem.o
                                                  build/obj/testsem.o
chSemInit                                         build/obj/chsem.o
                                                  build/obj/can.o
                                                  build/obj/testbmk.o
                                                  build/obj/testsem.o
                                                  build/obj/chmboxes.o
chSemReset                                        build/obj/chsem.o
                                                  build/obj/testbmk.o
                                                  build/obj/testsem.o
chSemResetI                                       build/obj/chsem.o
                                                  build/obj/can.o
                                                  build/obj/chmboxes.o
chSemSignal                                       build/obj/chsem.o
                                                  build/obj/testbmk.o
                                                  build/obj/testsem.o
chSemSignalI                                      build/obj/chsem.o
                                                  build/obj/can_lld.o
                                                  build/obj/testsem.o
                                                  build/obj/chmboxes.o
chSemSignalWait                                   build/obj/chsem.o
                                                  build/obj/testsem.o
chSemWait                                         build/obj/chsem.o
                                                  build/obj/testbmk.o
                                                  build/obj/testsem.o
chSemWaitS                                        build/obj/chsem.o
chSemWaitTimeout                                  build/obj/chsem.o
                                                  build/obj/testsem.o
chSemWaitTimeoutS                                 build/obj/chsem.o
                                                  build/obj/can.o
                                                  build/obj/chmboxes.o
chSysInit                                         build/obj/chsys.o
                                                  build/obj/main.o
chSysTimerHandlerI                                build/obj/chsys.o
                                                  build/obj/chcore_v7m.o
chThdAddRef                                       build/obj/chdynamic.o
                                                  build/obj/testdyn.o
chThdCreateFromHeap                               build/obj/chdynamic.o
                                                  build/obj/testdyn.o
chThdCreateFromMemoryPool                         build/obj/chdynamic.o
                                                  build/obj/testdyn.o
chThdCreateI                                      build/obj/chthreads.o
                                                  build/obj/testthd.o
                                                  build/obj/chdynamic.o
chThdCreateStatic                                 build/obj/chthreads.o
                                                  build/obj/main.o
                                                  build/obj/testbmk.o
                                                  build/obj/testqueues.o
                                                  build/obj/testevt.o
                                                  build/obj/testmsg.o
                                                  build/obj/testmtx.o
                                                  build/obj/testsem.o
                                                  build/obj/testthd.o
                                                  build/obj/chsys.o
chThdExit                                         build/obj/chthreads.o
                                                  build/obj/chcore_v7m.o
chThdExitS                                        build/obj/chthreads.o
chThdRelease                                      build/obj/chdynamic.o
                                                  build/obj/testdyn.o
                                                  build/obj/chregistry.o
                                                  build/obj/chthreads.o
chThdResume                                       build/obj/chthreads.o
                                                  build/obj/testthd.o
chThdSetPriority                                  build/obj/chthreads.o
                                                  build/obj/testthd.o
chThdSleep                                        build/obj/chthreads.o
                                                  build/obj/main.o
                                                  build/obj/testbmk.o
                                                  build/obj/testdyn.o
                                                  build/obj/testevt.o
                                                  build/obj/testmtx.o
                                                  build/obj/testsem.o
                                                  build/obj/testthd.o
                                                  build/obj/test.o
chThdSleepUntil                                   build/obj/chthreads.o
                                                  build/obj/testthd.o
chThdTerminate                                    build/obj/chthreads.o
                                                  build/obj/test.o
chThdWait                                         build/obj/chthreads.o
                                                  build/obj/testbmk.o
                                                  build/obj/test.o
chThdYield                                        build/obj/chthreads.o
                                                  build/obj/testbmk.o
chVTResetI                                        build/obj/chvt.o
                                                  build/obj/testbmk.o
                                                  build/obj/chschd.o
chVTSetI                                          build/obj/chvt.o
                                                  build/obj/testbmk.o
                                                  build/obj/test.o
                                                  build/obj/chschd.o
ch_debug                                          build/obj/chregistry.o
                                                  build/obj/chsys.o
halInit                                           build/obj/hal.o
                                                  build/obj/main.o
halIsCounterWithin                                build/obj/hal.o
halPolledDelay                                    build/obj/hal.o
hal_lld_init                                      build/obj/hal_lld.o
                                                  build/obj/hal.o
main                                              build/obj/main.o
                                                  build/obj/crt0.o
nvicDisableVector                                 build/obj/nvic.o
                                                  build/obj/can_lld.o
nvicEnableVector                                  build/obj/nvic.o
                                                  build/obj/can_lld.o
nvicSetSystemHandlerPriority                      build/obj/nvic.o
                                                  build/obj/chcore_v7m.o
palReadBus                                        build/obj/pal.o
palSetBusMode                                     build/obj/pal.o
palWriteBus                                       build/obj/pal.o
pal_default_config                                build/obj/board.o
                                                  build/obj/hal.o
patternbmk                                        build/obj/testbmk.o
                                                  build/obj/test.o
patterndyn                                        build/obj/testdyn.o
                                                  build/obj/test.o
patternevt                                        build/obj/testevt.o
                                                  build/obj/test.o
patternheap                                       build/obj/testheap.o
                                                  build/obj/test.o
patternmbox                                       build/obj/testmbox.o
                                                  build/obj/test.o
patternmsg                                        build/obj/testmsg.o
                                                  build/obj/test.o
patternmtx                                        build/obj/testmtx.o
                                                  build/obj/test.o
patternpools                                      build/obj/testpools.o
                                                  build/obj/test.o
patternqueues                                     build/obj/testqueues.o
                                                  build/obj/test.o
patternsem                                        build/obj/testsem.o
                                                  build/obj/test.o
patternthd                                        build/obj/testthd.o
                                                  build/obj/test.o
port_halt                                         build/obj/chcore.o
rlist                                             build/obj/chschd.o
                                                  build/obj/main.o
                                                  build/obj/testbmk.o
                                                  build/obj/testqueues.o
                                                  build/obj/testdyn.o
                                                  build/obj/testevt.o
                                                  build/obj/testmsg.o
                                                  build/obj/testmtx.o
                                                  build/obj/testsem.o
                                                  build/obj/testthd.o
                                                  build/obj/test.o
                                                  build/obj/chqueues.o
                                                  build/obj/chmsg.o
                                                  build/obj/chevents.o
                                                  build/obj/chcond.o
                                                  build/obj/chmtx.o
                                                  build/obj/chsem.o
                                                  build/obj/chregistry.o
                                                  build/obj/chthreads.o
                                                  build/obj/chsys.o
                                                  build/obj/chcore_v7m.o
stm32_clock_init                                  build/obj/hal_lld.o
                                                  build/obj/board.o
test                                              build/obj/test.o
                                                  build/obj/testqueues.o
                                                  build/obj/testdyn.o
                                                  build/obj/testheap.o
                                                  build/obj/testmbox.o
test_cpu_pulse                                    build/obj/test.o
                                                  build/obj/testmtx.o
test_emit_token                                   build/obj/test.o
                                                  build/obj/testqueues.o
                                                  build/obj/testdyn.o
                                                  build/obj/testevt.o
                                                  build/obj/testmbox.o
                                                  build/obj/testmsg.o
                                                  build/obj/testmtx.o
                                                  build/obj/testsem.o
                                                  build/obj/testthd.o
test_print                                        build/obj/test.o
                                                  build/obj/testbmk.o
test_println                                      build/obj/test.o
                                                  build/obj/testbmk.o
test_printn                                       build/obj/test.o
                                                  build/obj/testbmk.o
test_start_timer                                  build/obj/test.o
                                                  build/obj/testbmk.o
test_terminate_threads                            build/obj/test.o
                                                  build/obj/testbmk.o
test_timer_done                                   build/obj/test.o
                                                  build/obj/testbmk.o
test_wait_threads                                 build/obj/test.o
                                                  build/obj/testbmk.o
                                                  build/obj/testqueues.o
                                                  build/obj/testdyn.o
                                                  build/obj/testevt.o
                                                  build/obj/testmtx.o
                                                  build/obj/testsem.o
                                                  build/obj/testthd.o
test_wait_tick                                    build/obj/test.o
                                                  build/obj/testbmk.o
                                                  build/obj/testevt.o
                                                  build/obj/testmtx.o
                                                  build/obj/testsem.o
                                                  build/obj/testthd.o
testbmk1                                          build/obj/testbmk.o
testbmk10                                         build/obj/testbmk.o
testbmk11                                         build/obj/testbmk.o
testbmk12                                         build/obj/testbmk.o
testbmk13                                         build/obj/testbmk.o
testbmk2                                          build/obj/testbmk.o
testbmk3                                          build/obj/testbmk.o
testbmk4                                          build/obj/testbmk.o
testbmk5                                          build/obj/testbmk.o
testbmk6                                          build/obj/testbmk.o
testbmk7                                          build/obj/testbmk.o
testbmk8                                          build/obj/testbmk.o
testbmk9                                          build/obj/testbmk.o
testdyn1                                          build/obj/testdyn.o
testdyn2                                          build/obj/testdyn.o
testdyn3                                          build/obj/testdyn.o
testevt1                                          build/obj/testevt.o
testevt2                                          build/obj/testevt.o
testevt3                                          build/obj/testevt.o
testheap1                                         build/obj/testheap.o
testmbox1                                         build/obj/testmbox.o
testmsg1                                          build/obj/testmsg.o
testmtx1                                          build/obj/testmtx.o
testmtx2                                          build/obj/testmtx.o
testmtx3                                          build/obj/testmtx.o
testmtx4                                          build/obj/testmtx.o
testmtx5                                          build/obj/testmtx.o
testmtx6                                          build/obj/testmtx.o
testmtx7                                          build/obj/testmtx.o
testmtx8                                          build/obj/testmtx.o
testpools1                                        build/obj/testpools.o
testqueues1                                       build/obj/testqueues.o
testqueues2                                       build/obj/testqueues.o
testsem1                                          build/obj/testsem.o
testsem2                                          build/obj/testsem.o
testsem3                                          build/obj/testsem.o
testsem4                                          build/obj/testsem.o
testthd1                                          build/obj/testthd.o
testthd2                                          build/obj/testthd.o
testthd3                                          build/obj/testthd.o
testthd4                                          build/obj/testthd.o
thread4                                           build/obj/testbmk.o
threads                                           build/obj/test.o
                                                  build/obj/testbmk.o
                                                  build/obj/testqueues.o
                                                  build/obj/testdyn.o
                                                  build/obj/testevt.o
                                                  build/obj/testmsg.o
                                                  build/obj/testmtx.o
                                                  build/obj/testsem.o
                                                  build/obj/testthd.o
tmInit                                            build/obj/tm.o
                                                  build/obj/hal.o
tmObjectInit                                      build/obj/tm.o
vtlist                                            build/obj/chvt.o
                                                  build/obj/testevt.o
                                                  build/obj/testmtx.o
                                                  build/obj/testsem.o
                                                  build/obj/testthd.o
                                                  build/obj/test.o
                                                  build/obj/chthreads.o
                                                  build/obj/chsys.o
wa                                                build/obj/test.o
                                                  build/obj/testbmk.o
                                                  build/obj/testqueues.o
                                                  build/obj/testdyn.o
                                                  build/obj/testpools.o
                                                  build/obj/testevt.o
                                                  build/obj/testmsg.o
                                                  build/obj/testmtx.o
                                                  build/obj/testsem.o
                                                  build/obj/testthd.o
