
Discarded input sections

 .text          0x0000000000000000        0x0 build/obj/crt0.o
 .data          0x0000000000000000        0x0 build/obj/crt0.o
 .bss           0x0000000000000000        0x0 build/obj/crt0.o
 .text.__early_init
                0x0000000000000000       0x10 build/obj/crt0.o
 .text          0x0000000000000000        0x0 build/obj/vectors.o
 .data          0x0000000000000000        0x0 build/obj/vectors.o
 .bss           0x0000000000000000        0x0 build/obj/vectors.o
 .text          0x0000000000000000        0x0 build/obj/chcore.o
 .data          0x0000000000000000        0x0 build/obj/chcore.o
 .bss           0x0000000000000000        0x0 build/obj/chcore.o
 .text.port_halt
                0x0000000000000000       0x10 build/obj/chcore.o
 .debug_info    0x0000000000000000       0x92 build/obj/chcore.o
 .debug_abbrev  0x0000000000000000       0x42 build/obj/chcore.o
 .debug_aranges
                0x0000000000000000       0x20 build/obj/chcore.o
 .debug_ranges  0x0000000000000000       0x10 build/obj/chcore.o
 .debug_line    0x0000000000000000       0x5c build/obj/chcore.o
 .debug_str     0x0000000000000000      0x1aa build/obj/chcore.o
 .comment       0x0000000000000000       0x34 build/obj/chcore.o
 .debug_frame   0x0000000000000000       0x20 build/obj/chcore.o
 .ARM.attributes
                0x0000000000000000       0x33 build/obj/chcore.o
 .text          0x0000000000000000        0x0 build/obj/chcore_v7m.o
 .data          0x0000000000000000        0x0 build/obj/chcore_v7m.o
 .bss           0x0000000000000000        0x0 build/obj/chcore_v7m.o
 .text          0x0000000000000000        0x0 build/obj/nvic.o
 .data          0x0000000000000000        0x0 build/obj/nvic.o
 .bss           0x0000000000000000        0x0 build/obj/nvic.o
 .text.nvicDisableVector
                0x0000000000000000       0x40 build/obj/nvic.o
 .text          0x0000000000000000        0x0 build/obj/chsys.o
 .data          0x0000000000000000        0x0 build/obj/chsys.o
 .bss           0x0000000000000000        0x0 build/obj/chsys.o
 .text          0x0000000000000000        0x0 build/obj/chdebug.o
 .data          0x0000000000000000        0x0 build/obj/chdebug.o
 .bss           0x0000000000000000        0x0 build/obj/chdebug.o
 .debug_info    0x0000000000000000       0x79 build/obj/chdebug.o
 .debug_abbrev  0x0000000000000000       0x26 build/obj/chdebug.o
 .debug_aranges
                0x0000000000000000       0x18 build/obj/chdebug.o
 .debug_line    0x0000000000000000       0x1d build/obj/chdebug.o
 .debug_str     0x0000000000000000      0x19b build/obj/chdebug.o
 .comment       0x0000000000000000       0x34 build/obj/chdebug.o
 .ARM.attributes
                0x0000000000000000       0x33 build/obj/chdebug.o
 .text          0x0000000000000000        0x0 build/obj/chlists.o
 .data          0x0000000000000000        0x0 build/obj/chlists.o
 .bss           0x0000000000000000        0x0 build/obj/chlists.o
 .debug_info    0x0000000000000000       0x79 build/obj/chlists.o
 .debug_abbrev  0x0000000000000000       0x26 build/obj/chlists.o
 .debug_aranges
                0x0000000000000000       0x18 build/obj/chlists.o
 .debug_line    0x0000000000000000       0x1d build/obj/chlists.o
 .debug_str     0x0000000000000000      0x19b build/obj/chlists.o
 .comment       0x0000000000000000       0x34 build/obj/chlists.o
 .ARM.attributes
                0x0000000000000000       0x33 build/obj/chlists.o
 .text          0x0000000000000000        0x0 build/obj/chvt.o
 .data          0x0000000000000000        0x0 build/obj/chvt.o
 .bss           0x0000000000000000        0x0 build/obj/chvt.o
 .text          0x0000000000000000        0x0 build/obj/chschd.o
 .data          0x0000000000000000        0x0 build/obj/chschd.o
 .bss           0x0000000000000000        0x0 build/obj/chschd.o
 .text.chSchRescheduleS
                0x0000000000000000       0x20 build/obj/chschd.o
 .text          0x0000000000000000        0x0 build/obj/chthreads.o
 .data          0x0000000000000000        0x0 build/obj/chthreads.o
 .bss           0x0000000000000000        0x0 build/obj/chthreads.o
 .text.chThdCreateI
                0x0000000000000000       0x70 build/obj/chthreads.o
 .text.chThdSetPriority
                0x0000000000000000       0x30 build/obj/chthreads.o
 .text.chThdResume
                0x0000000000000000       0x20 build/obj/chthreads.o
 .text.chThdTerminate
                0x0000000000000000       0x20 build/obj/chthreads.o
 .text.chThdSleepUntil
                0x0000000000000000       0x30 build/obj/chthreads.o
 .text.chThdYield
                0x0000000000000000       0x30 build/obj/chthreads.o
 .text.chThdWait
                0x0000000000000000       0x40 build/obj/chthreads.o
 .text          0x0000000000000000        0x0 build/obj/chdynamic.o
 .data          0x0000000000000000        0x0 build/obj/chdynamic.o
 .bss           0x0000000000000000        0x0 build/obj/chdynamic.o
 .text.chThdAddRef
[...]
Memory Configuration

Name             Origin             Length             Attributes
flash            0x0000000008000000 0x0000000000100000
ram              0x0000000020000000 0x000000000001c000
ethram           0x000000002001c000 0x0000000000004000
ccmram           0x0000000010000000 0x0000000000010000
*default*        0x0000000000000000 0xffffffffffffffff

Linker script and memory map

LOAD build/obj/crt0.o
LOAD build/obj/vectors.o
LOAD build/obj/chcore.o
LOAD build/obj/chcore_v7m.o
LOAD build/obj/nvic.o
LOAD build/obj/chsys.o
LOAD build/obj/chdebug.o
LOAD build/obj/chlists.o
LOAD build/obj/chvt.o
LOAD build/obj/chschd.o
LOAD build/obj/chthreads.o
LOAD build/obj/chdynamic.o
LOAD build/obj/chregistry.o
LOAD build/obj/chsem.o
LOAD build/obj/chmtx.o
LOAD build/obj/chcond.o
LOAD build/obj/chevents.o
LOAD build/obj/chmsg.o
LOAD build/obj/chmboxes.o
LOAD build/obj/chqueues.o
LOAD build/obj/chmemcore.o
LOAD build/obj/chheap.o
LOAD build/obj/chmempools.o
LOAD build/obj/test.o
LOAD build/obj/testthd.o
LOAD build/obj/testsem.o
LOAD build/obj/testmtx.o
LOAD build/obj/testmsg.o
LOAD build/obj/testmbox.o
LOAD build/obj/testevt.o
LOAD build/obj/testheap.o
LOAD build/obj/testpools.o
LOAD build/obj/testdyn.o
LOAD build/obj/testqueues.o
LOAD build/obj/testbmk.o
LOAD build/obj/hal.o
LOAD build/obj/adc.o
LOAD build/obj/can.o
LOAD build/obj/ext.o
LOAD build/obj/gpt.o
LOAD build/obj/i2c.o
LOAD build/obj/icu.o
LOAD build/obj/mac.o
LOAD build/obj/mmc_spi.o
LOAD build/obj/mmcsd.o
LOAD build/obj/pal.o
LOAD build/obj/pwm.o
LOAD build/obj/rtc.o
LOAD build/obj/sdc.o
LOAD build/obj/serial.o
LOAD build/obj/serial_usb.o
LOAD build/obj/spi.o
LOAD build/obj/tm.o
LOAD build/obj/uart.o
LOAD build/obj/usb.o
LOAD build/obj/stm32_dma.o
LOAD build/obj/hal_lld.o
LOAD build/obj/adc_lld.o
LOAD build/obj/ext_lld_isr.o
LOAD build/obj/can_lld.o
LOAD build/obj/ext_lld.o
LOAD build/obj/mac_lld.o
LOAD build/obj/sdc_lld.o
LOAD build/obj/pal_lld.o
LOAD build/obj/i2c_lld.o
LOAD build/obj/usb_lld.o
LOAD build/obj/rtc_lld.o
LOAD build/obj/spi_lld.o
LOAD build/obj/gpt_lld.o
LOAD build/obj/icu_lld.o
LOAD build/obj/pwm_lld.o
LOAD build/obj/serial_lld.o
LOAD build/obj/uart_lld.o
LOAD build/obj/board.o
LOAD build/obj/lis302dl.o
LOAD build/obj/chprintf.o
LOAD build/obj/main.o
LOAD build/obj/thruster.o
                0x0000000000000400                __main_stack_size__ = 0x400
                0x0000000000000400                __process_stack_size__ = 0x400
                0x0000000020000000                __ram_start__ = ORIGIN (ram)
                0x000000000001c000                __ram_size__ = 0x1c000
                0x000000002001c000                __ram_end__ = (__ram_start__ + __ram_size__)
                0x0000000000000000                . = 0x0
                0x0000000000000000                _text = .

startup         0x0000000008000000      0x1ac
 *(vectors)
 vectors        0x0000000008000000      0x1ac build/obj/vectors.o
                0x0000000008000000                _vectors

constructors    0x00000000080001ac        0x0
                0x00000000080001ac                PROVIDE (__init_array_start, .)
 *(SORT(.init_array.*))
 *(.init_array)
                0x00000000080001ac                PROVIDE (__init_array_end, .)

destructors     0x00000000080001ac        0x0
                0x00000000080001ac                PROVIDE (__fini_array_start, .)
 *(.fini_array)
 *(SORT(.fini_array.*))
                0x00000000080001ac                PROVIDE (__fini_array_end, .)

.text           0x00000000080001b0     0x2518
 *(.text.startup.*)
 .text.startup.main
                0x00000000080001b0       0xe0 build/obj/main.o
                0x00000000080001b0                main
 *(.text)
 *(.text.*)
 .text.__late_init
                0x0000000008000290       0x10 build/obj/crt0.o
                0x0000000008000290                __late_init
 .text._default_exit
                0x00000000080002a0       0x10 build/obj/crt0.o
                0x00000000080002a0                _default_exit
 .text.ResetHandler
                0x00000000080002b0      0x100 build/obj/crt0.o
                0x00000000080002b0                ResetHandler
 .text._unhandled_exception
                0x00000000080003b0       0x10 build/obj/vectors.o
                0x00000000080003b0                Vector58
                0x00000000080003b0                VectorE8
                0x00000000080003b0                Vector9C
                0x00000000080003b0                Vector1A0
                0x00000000080003b0                Vector5C
                0x00000000080003b0                NMIVector
                0x00000000080003b0                Vector11C
                0x00000000080003b0                Vector19C
                0x00000000080003b0                VectorDC
                0x00000000080003b0                Vector168
                0x00000000080003b0                Vector110
                0x00000000080003b0                VectorC8
                0x00000000080003b0                VectorA8
                0x00000000080003b0                VectorB4
                0x00000000080003b0                Vector160
                0x00000000080003b0                VectorEC
                0x00000000080003b0                UsageFaultVector
                0x00000000080003b0                DebugMonitorVector
                0x00000000080003b0                Vector40
                0x00000000080003b0                Vector108
                0x00000000080003b0                VectorBC
                0x00000000080003b0                Vector190
                0x00000000080003b0                Vector148
                0x00000000080003b0                Vector188
                0x00000000080003b0                PendSVVector
                0x00000000080003b0                Vector198
                0x00000000080003b0                Vector118
                0x00000000080003b0                Vector64
                0x00000000080003b0                VectorCC
                0x00000000080003b0                Vector54
                0x00000000080003b0                Vector138
                0x00000000080003b0                Vector24
                0x00000000080003b0                Vector178
                0x00000000080003b0                Vector1A4
                0x00000000080003b0                BusFaultVector
                0x00000000080003b0                VectorD0
                0x00000000080003b0                Vector140
                0x00000000080003b0                VectorE4
                0x00000000080003b0                VectorC0
                0x00000000080003b0                HardFaultVector
                0x00000000080003b0                Vector134
                0x00000000080003b0                Vector13C
                0x00000000080003b0                Vector100
                0x00000000080003b0                VectorE0
                0x00000000080003b0                VectorF4
                0x00000000080003b0                MemManageVector
                0x00000000080003b0                VectorA0
                0x00000000080003b0                VectorC4
                0x00000000080003b0                Vector180
                0x00000000080003b0                Vector114
                0x00000000080003b0                Vector164
                0x00000000080003b0                Vector60
                0x00000000080003b0                Vector1C
                0x00000000080003b0                Vector17C
                0x00000000080003b0                Vector48
                0x00000000080003b0                Vector1A8
                0x00000000080003b0                Vector16C
                0x00000000080003b0                VectorD4
                0x00000000080003b0                Vector4C
                0x00000000080003b0                Vector144
                0x00000000080003b0                Vector15C
                0x00000000080003b0                Vector68
                0x00000000080003b0                _unhandled_exception
                0x00000000080003b0                Vector170
                0x00000000080003b0                Vector104
                0x00000000080003b0                Vector184
                0x00000000080003b0                Vector10C
                0x00000000080003b0                Vector14C
                0x00000000080003b0                Vector50
                0x00000000080003b0                Vector194
                0x00000000080003b0                Vector44
                0x00000000080003b0                Vector28
                0x00000000080003b0                Vector34
                0x00000000080003b0                Vector20
                0x00000000080003b0                Vector18C
                0x00000000080003b0                Vector174
 .text._port_switch_from_isr
                0x00000000080003c0       0x10 build/obj/chcore_v7m.o
                0x00000000080003c0                _port_switch_from_isr
 .text.SVCallVector
                0x00000000080003d0       0x20 build/obj/chcore_v7m.o
                0x00000000080003d0                SVCallVector
 .text._port_init
                0x00000000080003f0       0x30 build/obj/chcore_v7m.o
                0x00000000080003f0                _port_init
 .text._port_irq_epilogue
                0x0000000008000420       0x80 build/obj/chcore_v7m.o
                0x0000000008000420                _port_irq_epilogue
 .text.SysTickVector
                0x00000000080004a0       0x20 build/obj/chcore_v7m.o
                0x00000000080004a0                SysTickVector
 .text._port_switch
                0x00000000080004c0       0x10 build/obj/chcore_v7m.o
                0x00000000080004c0                _port_switch
 .text._port_thread_start
                0x00000000080004d0       0x10 build/obj/chcore_v7m.o
                0x00000000080004d0                _port_thread_start
 .text.nvicEnableVector
                0x00000000080004e0       0x50 build/obj/nvic.o
                0x00000000080004e0                nvicEnableVector
 .text.nvicSetSystemHandlerPriority
                0x0000000008000530       0x30 build/obj/nvic.o
                0x0000000008000530                nvicSetSystemHandlerPriority
 .text._idle_thread
                0x0000000008000560       0x20 build/obj/chsys.o
                0x0000000008000560                _idle_thread
 .text.chSysInit
                0x0000000008000580       0x60 build/obj/chsys.o
                0x0000000008000580                chSysInit
 .text.chSysTimerHandlerI
                0x00000000080005e0       0x60 build/obj/chsys.o
                0x00000000080005e0                chSysTimerHandlerI
 .text._vt_init
                0x0000000008000640       0x20 build/obj/chvt.o
                0x0000000008000640                _vt_init
 .text.chVTSetI
                0x0000000008000660       0x40 build/obj/chvt.o
                0x0000000008000660                chVTSetI
 .text.chVTResetI
                0x00000000080006a0       0x30 build/obj/chvt.o
                0x00000000080006a0                chVTResetI
 .text.wakeup   0x00000000080006d0       0x70 build/obj/chschd.o
 .text._scheduler_init
                0x0000000008000740       0x20 build/obj/chschd.o
                0x0000000008000740                _scheduler_init
 .text.chSchReadyI
                0x0000000008000760       0x30 build/obj/chschd.o
                0x0000000008000760                chSchReadyI
 .text.chSchGoSleepS
                0x0000000008000790       0x30 build/obj/chschd.o
                0x0000000008000790                chSchGoSleepS
 .text.chSchGoSleepTimeoutS
                0x00000000080007c0       0x50 build/obj/chschd.o
                0x00000000080007c0                chSchGoSleepTimeoutS
 .text.chSchWakeupS
                0x0000000008000810       0x60 build/obj/chschd.o
                0x0000000008000810                chSchWakeupS
 .text.chSchDoRescheduleBehind
                0x0000000008000870       0x40 build/obj/chschd.o
                0x0000000008000870                chSchDoRescheduleBehind
 .text.chSchDoRescheduleAhead
                0x00000000080008b0       0x40 build/obj/chschd.o
                0x00000000080008b0                chSchDoRescheduleAhead
 .text.chSchDoReschedule
                0x00000000080008f0       0x20 build/obj/chschd.o
                0x00000000080008f0                chSchDoReschedule
 .text._thread_init
                0x0000000008000910       0x50 build/obj/chthreads.o
                0x0000000008000910                _thread_init
 .text.chThdCreateStatic
                0x0000000008000960       0x90 build/obj/chthreads.o
                0x0000000008000960                chThdCreateStatic
 .text.chThdSleep
                0x00000000080009f0       0x20 build/obj/chthreads.o
                0x00000000080009f0                chThdSleep
 .text.chThdExitS
                0x0000000008000a10       0x40 build/obj/chthreads.o
                0x0000000008000a10                chThdExitS
 .text.chThdExit
                0x0000000008000a50       0x10 build/obj/chthreads.o
                0x0000000008000a50                chThdExit
 .text.chSemInit
                0x0000000008000a60       0x10 build/obj/chsem.o
                0x0000000008000a60                chSemInit
 .text.chSemWaitTimeoutS
                0x0000000008000a70       0x40 build/obj/chsem.o
                0x0000000008000a70                chSemWaitTimeoutS
 .text.chSemSignalI
                0x0000000008000ab0       0x20 build/obj/chsem.o
                0x0000000008000ab0                chSemSignalI
 .text.chMtxInit
                0x0000000008000ad0       0x10 build/obj/chmtx.o
                0x0000000008000ad0                chMtxInit
 .text.chEvtSignalI
                0x0000000008000ae0       0x30 build/obj/chevents.o
                0x0000000008000ae0                chEvtSignalI
 .text.chEvtBroadcastFlagsI
                0x0000000008000b10       0x20 build/obj/chevents.o
                0x0000000008000b10                chEvtBroadcastFlagsI
 .text.qwait    0x0000000008000b30       0x30 build/obj/chqueues.o
 .text.chIQInit
                0x0000000008000b60       0x20 build/obj/chqueues.o
                0x0000000008000b60                chIQInit
 .text.chIQPutI
                0x0000000008000b80       0x50 build/obj/chqueues.o
                0x0000000008000b80                chIQPutI
 .text.chIQGetTimeout
                0x0000000008000bd0       0x50 build/obj/chqueues.o
                0x0000000008000bd0                chIQGetTimeout
 .text.chIQReadTimeout
                0x0000000008000c20       0x70 build/obj/chqueues.o
                0x0000000008000c20                chIQReadTimeout
 .text.chOQInit
                0x0000000008000c90       0x20 build/obj/chqueues.o
                0x0000000008000c90                chOQInit
 .text.chOQPutTimeout
                0x0000000008000cb0       0x60 build/obj/chqueues.o
                0x0000000008000cb0                chOQPutTimeout
 .text.chOQGetI
                0x0000000008000d10       0x50 build/obj/chqueues.o
                0x0000000008000d10                chOQGetI
 .text.chOQWriteTimeout
                0x0000000008000d60       0x90 build/obj/chqueues.o
                0x0000000008000d60                chOQWriteTimeout
 .text._core_init
                0x0000000008000df0       0x30 build/obj/chmemcore.o
                0x0000000008000df0                _core_init
 .text.chCoreAlloc
                0x0000000008000e20       0x40 build/obj/chmemcore.o
                0x0000000008000e20                chCoreAlloc
 .text._heap_init
                0x0000000008000e60       0x20 build/obj/chheap.o
                0x0000000008000e60                _heap_init
 .text.halInit  0x0000000008000e80       0x30 build/obj/hal.o
                0x0000000008000e80                halInit
 .text.adcInit  0x0000000008000eb0       0x10 build/obj/adc.o
                0x0000000008000eb0                adcInit
 .text.adcObjectInit
                0x0000000008000ec0       0x20 build/obj/adc.o
                0x0000000008000ec0                adcObjectInit
 .text.canInit  0x0000000008000ee0       0x10 build/obj/can.o
                0x0000000008000ee0                canInit
 .text.canObjectInit
                0x0000000008000ef0       0x40 build/obj/can.o
                0x0000000008000ef0                canObjectInit
 .text.canStart
                0x0000000008000f30       0x40 build/obj/can.o
                0x0000000008000f30                canStart
 .text.canReceive
                0x0000000008000f70       0x60 build/obj/can.o
                0x0000000008000f70                canReceive
 .text.pwmInit  0x0000000008000fd0       0x10 build/obj/pwm.o
                0x0000000008000fd0                pwmInit
 .text.pwmObjectInit
                0x0000000008000fe0       0x10 build/obj/pwm.o
                0x0000000008000fe0                pwmObjectInit
 .text.pwmStart
                0x0000000008000ff0       0x20 build/obj/pwm.o
                0x0000000008000ff0                pwmStart
 .text.pwmEnableChannel
                0x0000000008001010       0x20 build/obj/pwm.o
                0x0000000008001010                pwmEnableChannel
 .text.readt    0x0000000008001030       0x10 build/obj/serial.o
 .text.read     0x0000000008001040       0x10 build/obj/serial.o
 .text.writet   0x0000000008001050       0x10 build/obj/serial.o
 .text.write    0x0000000008001060       0x10 build/obj/serial.o
 .text.gett     0x0000000008001070       0x10 build/obj/serial.o
 .text.get      0x0000000008001080       0x10 build/obj/serial.o
 .text.putt     0x0000000008001090       0x10 build/obj/serial.o
 .text.put      0x00000000080010a0       0x10 build/obj/serial.o
 .text.sdInit   0x00000000080010b0       0x10 build/obj/serial.o
                0x00000000080010b0                sdInit
 .text.sdObjectInit
                0x00000000080010c0       0x40 build/obj/serial.o
                0x00000000080010c0                sdObjectInit
 .text.sdIncomingDataI
                0x0000000008001100       0x40 build/obj/serial.o
                0x0000000008001100                sdIncomingDataI
 .text.spiInit  0x0000000008001140       0x10 build/obj/spi.o
                0x0000000008001140                spiInit
 .text.spiObjectInit
                0x0000000008001150       0x10 build/obj/spi.o
                0x0000000008001150                spiObjectInit
 .text.Vector6C
                0x0000000008001160       0x30 build/obj/stm32_dma.o
                0x0000000008001160                Vector6C
 .text.Vector70
                0x0000000008001190       0x30 build/obj/stm32_dma.o
                0x0000000008001190                Vector70
 .text.Vector74
                0x00000000080011c0       0x30 build/obj/stm32_dma.o
                0x00000000080011c0                Vector74
 .text.Vector78
                0x00000000080011f0       0x30 build/obj/stm32_dma.o
                0x00000000080011f0                Vector78
 .text.Vector7C
                0x0000000008001220       0x30 build/obj/stm32_dma.o
                0x0000000008001220                Vector7C
 .text.Vector80
                0x0000000008001250       0x30 build/obj/stm32_dma.o
                0x0000000008001250                Vector80
 .text.Vector84
                0x0000000008001280       0x30 build/obj/stm32_dma.o
                0x0000000008001280                Vector84
 .text.VectorFC
                0x00000000080012b0       0x30 build/obj/stm32_dma.o
                0x00000000080012b0                VectorFC
 .text.Vector120
                0x00000000080012e0       0x30 build/obj/stm32_dma.o
                0x00000000080012e0                Vector120
 .text.Vector124
                0x0000000008001310       0x30 build/obj/stm32_dma.o
                0x0000000008001310                Vector124
 .text.Vector128
                0x0000000008001340       0x30 build/obj/stm32_dma.o
                0x0000000008001340                Vector128
 .text.Vector12C
                0x0000000008001370       0x30 build/obj/stm32_dma.o
                0x0000000008001370                Vector12C
 .text.Vector130
                0x00000000080013a0       0x30 build/obj/stm32_dma.o
                0x00000000080013a0                Vector130
 .text.Vector150
                0x00000000080013d0       0x30 build/obj/stm32_dma.o
                0x00000000080013d0                Vector150
 .text.Vector154
                0x0000000008001400       0x30 build/obj/stm32_dma.o
                0x0000000008001400                Vector154
 .text.Vector158
                0x0000000008001430       0x30 build/obj/stm32_dma.o
                0x0000000008001430                Vector158
 .text.dmaInit  0x0000000008001460       0x50 build/obj/stm32_dma.o
                0x0000000008001460                dmaInit
 .text.hal_lld_init
                0x00000000080014b0       0xa0 build/obj/hal_lld.o
                0x00000000080014b0                hal_lld_init
 .text.stm32_clock_init
                0x0000000008001550       0xd0 build/obj/hal_lld.o
                0x0000000008001550                stm32_clock_init
 .text.adc_lld_init
                0x0000000008001620       0x40 build/obj/adc_lld.o
                0x0000000008001620                adc_lld_init
 .text.adc_lld_stop_conversion
                0x0000000008001660       0x30 build/obj/adc_lld.o
                0x0000000008001660                adc_lld_stop_conversion
 .text.Vector88
                0x0000000008001690       0x80 build/obj/adc_lld.o
                0x0000000008001690                Vector88
 .text.can_lld_set_filters
                0x0000000008001710      0x120 build/obj/can_lld.o
 .text.Vector8C
                0x0000000008001830       0x50 build/obj/can_lld.o
                0x0000000008001830                Vector8C
 .text.Vector90
                0x0000000008001880       0x70 build/obj/can_lld.o
                0x0000000008001880                Vector90
 .text.Vector94
                0x00000000080018f0       0x70 build/obj/can_lld.o
                0x00000000080018f0                Vector94
 .text.Vector98
                0x0000000008001960       0x80 build/obj/can_lld.o
                0x0000000008001960                Vector98
 .text.can_lld_init
                0x00000000080019e0       0x30 build/obj/can_lld.o
                0x00000000080019e0                can_lld_init
 .text.can_lld_start
                0x0000000008001a10       0x80 build/obj/can_lld.o
                0x0000000008001a10                can_lld_start
 .text.can_lld_is_rx_nonempty
                0x0000000008001a90       0x40 build/obj/can_lld.o
                0x0000000008001a90                can_lld_is_rx_nonempty
 .text.can_lld_receive
                0x0000000008001ad0       0xd0 build/obj/can_lld.o
                0x0000000008001ad0                can_lld_receive
 .text._pal_lld_init
                0x0000000008001ba0      0x1d0 build/obj/pal_lld.o
                0x0000000008001ba0                _pal_lld_init
 .text._pal_lld_setgroupmode
                0x0000000008001d70       0xb0 build/obj/pal_lld.o
                0x0000000008001d70                _pal_lld_setgroupmode
 .text.spi_lld_init
                0x0000000008001e20       0x50 build/obj/spi_lld.o
                0x0000000008001e20                spi_lld_init
 .text.pwm_lld_serve_interrupt
                0x0000000008001e70       0x60 build/obj/pwm_lld.o
 .text.VectorA4
                0x0000000008001ed0       0x30 build/obj/pwm_lld.o
                0x0000000008001ed0                VectorA4
 .text.VectorAC
                0x0000000008001f00       0x60 build/obj/pwm_lld.o
                0x0000000008001f00                VectorAC
 .text.VectorB0
                0x0000000008001f60       0x20 build/obj/pwm_lld.o
                0x0000000008001f60                VectorB0
 .text.VectorB8
                0x0000000008001f80       0x20 build/obj/pwm_lld.o
                0x0000000008001f80                VectorB8
 .text.VectorF0
                0x0000000008001fa0       0x30 build/obj/pwm_lld.o
                0x0000000008001fa0                VectorF0
 .text.VectorF8
                0x0000000008001fd0       0x60 build/obj/pwm_lld.o
                0x0000000008001fd0                VectorF8
 .text.pwm_lld_init
                0x0000000008002030       0x60 build/obj/pwm_lld.o
                0x0000000008002030                pwm_lld_init
 .text.pwm_lld_start
                0x0000000008002090      0x190 build/obj/pwm_lld.o
                0x0000000008002090                pwm_lld_start
 .text.pwm_lld_enable_channel
                0x0000000008002220       0x30 build/obj/pwm_lld.o
                0x0000000008002220                pwm_lld_enable_channel
 .text.notify2  0x0000000008002250       0x20 build/obj/serial_lld.o
 .text.VectorD8
                0x0000000008002270      0x110 build/obj/serial_lld.o
                0x0000000008002270                VectorD8
 .text.sd_lld_init
                0x0000000008002380       0x20 build/obj/serial_lld.o
                0x0000000008002380                sd_lld_init
 .text.__early_init
                0x00000000080023a0       0x10 build/obj/board.o
                0x00000000080023a0                __early_init
 .text.boardInit
                0x00000000080023b0       0x10 build/obj/board.o
                0x00000000080023b0                boardInit
 .text.thruster_thread
                0x00000000080023c0       0xf0 build/obj/thruster.o
                0x00000000080023c0                thruster_thread
 *(.rodata)
 *(.rodata.*)
 .rodata.str1.4
                0x00000000080024b0        0x8 build/obj/chsys.o
 *fill*         0x00000000080024b8        0x8 
 .rodata.ch_debug
                0x00000000080024c0       0x18 build/obj/chregistry.o
                0x00000000080024c0                ch_debug
 *fill*         0x00000000080024d8        0x8 
 .rodata.vmt    0x00000000080024e0       0x20 build/obj/serial.o
 .rodata._stm32_dma_streams
                0x0000000008002500       0xc0 build/obj/stm32_dma.o
                0x0000000008002500                _stm32_dma_streams
 .rodata.pal_default_config
                0x00000000080025c0       0xfc build/obj/board.o
                0x00000000080025c0                pal_default_config
 *fill*         0x00000000080026bc        0x4 
 .rodata.cancfg
                0x00000000080026c0        0x8 build/obj/main.o
 *(.glue_7t)
 .glue_7t       0x00000000080026c8        0x0 linker stubs
 *(.glue_7)
 .glue_7        0x00000000080026c8        0x0 linker stubs
 *(.gcc*)

.vfp11_veneer   0x00000000080026c8        0x0
 .vfp11_veneer  0x00000000080026c8        0x0 linker stubs

.v4_bx          0x00000000080026c8        0x0
 .v4_bx         0x00000000080026c8        0x0 linker stubs

.iplt           0x00000000080026c8        0x0
 .iplt          0x00000000080026c8        0x0 build/obj/crt0.o

.rel.dyn        0x00000000080026c8        0x0
 .rel.iplt      0x00000000080026c8        0x0 build/obj/crt0.o

.ARM.extab
 *(.ARM.extab* .gnu.linkonce.armextab.*)

.ARM.exidx      0x00000000080026c8        0x0
                0x00000000080026c8                PROVIDE (__exidx_start, .)
 *(.ARM.exidx* .gnu.linkonce.armexidx.*)
                0x00000000080026c8                PROVIDE (__exidx_end, .)

.eh_frame_hdr
 *(.eh_frame_hdr)

.eh_frame
 *(.eh_frame)

.textalign      0x00000000080026c8        0x0
                0x00000000080026c8                . = ALIGN (0x8)
                0x00000000080026c8                . = ALIGN (0x4)
                0x00000000080026c8                _etext = .
                0x00000000080026c8                _textdata = _etext

.stacks         0x0000000020000000      0x800
                0x0000000020000000                . = ALIGN (0x8)
                0x0000000020000000                __main_stack_base__ = .
                0x0000000020000400                . = (. + __main_stack_size__)
 *fill*         0x0000000020000000      0x400 
                0x0000000020000400                . = ALIGN (0x8)
                0x0000000020000400                __main_stack_end__ = .
                0x0000000020000400                __process_stack_base__ = .
                0x0000000020000400                __main_thread_stack_base__ = .
                0x0000000020000800                . = (. + __process_stack_size__)
 *fill*         0x0000000020000400      0x400 
                0x0000000020000800                . = ALIGN (0x8)
                0x0000000020000800                __process_stack_end__ = .
                0x0000000020000800                __main_thread_stack_end__ = .

.data           0x0000000020000800       0x9c load address 0x00000000080026c8
                0x0000000020000800                . = ALIGN (0x4)
                0x0000000020000800                PROVIDE (_data, .)
 *(.data)
 *(.data.*)
 .data.pwmcfg8  0x0000000020000800       0x34 build/obj/main.o
 .data.pwmcfg1  0x0000000020000834       0x34 build/obj/main.o
 .data.pwmcfg2  0x0000000020000868       0x34 build/obj/main.o
 *(.ramtext)
                0x000000002000089c                . = ALIGN (0x4)
                0x000000002000089c                PROVIDE (_edata, .)

.igot.plt       0x000000002000089c        0x0 load address 0x0000000008002764
 .igot.plt      0x000000002000089c        0x0 build/obj/crt0.o

.bss            0x000000002000089c      0x544
                0x000000002000089c                . = ALIGN (0x4)
                0x000000002000089c                PROVIDE (_bss_start, .)
 *(.bss)
 *(.bss.*)
 .bss.mainthread.4812
                0x000000002000089c       0x48 build/obj/chsys.o
 *fill*         0x00000000200008e4        0x4 
 .bss._idle_thread_wa
                0x00000000200008e8       0xe0 build/obj/chsys.o
                0x00000000200008e8                _idle_thread_wa
 .bss.vtlist    0x00000000200009c8       0x10 build/obj/chvt.o
                0x00000000200009c8                vtlist
 .bss.rlist     0x00000000200009d8       0x1c build/obj/chschd.o
                0x00000000200009d8                rlist
 .bss.endmem    0x00000000200009f4        0x4 build/obj/chmemcore.o
 .bss.nextmem   0x00000000200009f8        0x4 build/obj/chmemcore.o
 *fill*         0x00000000200009fc        0x4 
 .bss.default_heap
                0x0000000020000a00       0x20 build/obj/chheap.o
 .bss.dma_isr_redir
                0x0000000020000a20       0x80 build/obj/stm32_dma.o
 .bss.dma_streams_mask
                0x0000000020000aa0        0x4 build/obj/stm32_dma.o
 .bss.ADCD1     0x0000000020000aa4       0x34 build/obj/adc_lld.o
                0x0000000020000aa4                ADCD1
 .bss.CAND1     0x0000000020000ad8       0x38 build/obj/can_lld.o
                0x0000000020000ad8                CAND1
 .bss.dummytx   0x0000000020000b10        0x2 build/obj/spi_lld.o
 *fill*         0x0000000020000b12        0x2 
 .bss.SPID2     0x0000000020000b14       0x30 build/obj/spi_lld.o
                0x0000000020000b14                SPID2
 .bss.PWMD1     0x0000000020000b44       0x14 build/obj/pwm_lld.o
                0x0000000020000b44                PWMD1
 .bss.PWMD2     0x0000000020000b58       0x14 build/obj/pwm_lld.o
                0x0000000020000b58                PWMD2
 .bss.PWMD4     0x0000000020000b6c       0x14 build/obj/pwm_lld.o
                0x0000000020000b6c                PWMD4
 .bss.PWMD8     0x0000000020000b80       0x14 build/obj/pwm_lld.o
                0x0000000020000b80                PWMD8
 .bss.SD2       0x0000000020000b94       0x78 build/obj/serial_lld.o
                0x0000000020000b94                SD2
 *fill*         0x0000000020000c0c        0x4 
 .bss.wa_thruster
                0x0000000020000c10      0x1d0 build/obj/thruster.o
                0x0000000020000c10                wa_thruster
 *(COMMON)
                0x0000000020000de0                . = ALIGN (0x4)
                0x0000000020000de0                PROVIDE (_bss_end, .)
                0x0000000020000de0                PROVIDE (end, .)
                0x0000000020000de0                _end = .
                0x0000000020000de0                __heap_base__ = _end
                0x000000002001c000                __heap_end__ = __ram_end__
START GROUP
LOAD /usr/lib/gcc/arm-none-eabi/4.9.2/armv7e-m/libgcc.a
LOAD /usr/lib/gcc/arm-none-eabi/4.9.2/../../../../arm-none-eabi/lib/armv7e-m/libg.a
LOAD /usr/lib/gcc/arm-none-eabi/4.9.2/../../../../arm-none-eabi/lib/armv7e-m/libc.a
END GROUP
OUTPUT(build/ch.elf elf32-littlearm)

.debug_info     0x0000000000000000    0x13a8d
 .debug_info    0x0000000000000000      0x2b3 build/obj/crt0.o
 .debug_info    0x00000000000002b3      0x1cd build/obj/vectors.o
 .debug_info    0x0000000000000480      0x81a build/obj/chcore_v7m.o
 .debug_info    0x0000000000000c9a      0x406 build/obj/nvic.o
 .debug_info    0x00000000000010a0      0x827 build/obj/chsys.o
 .debug_info    0x00000000000018c7      0x203 build/obj/chvt.o
 .debug_info    0x0000000000001aca      0x9e4 build/obj/chschd.o
 .debug_info    0x00000000000024ae      0xbf2 build/obj/chthreads.o
 .debug_info    0x00000000000030a0      0x629 build/obj/chregistry.o
 .debug_info    0x00000000000036c9      0xb4a build/obj/chsem.o
 .debug_info    0x0000000000004213      0x9f4 build/obj/chmtx.o
 .debug_info    0x0000000000004c07      0xd95 build/obj/chevents.o
 .debug_info    0x000000000000599c      0xbb3 build/obj/chqueues.o
 .debug_info    0x000000000000654f      0x21f build/obj/chmemcore.o
 .debug_info    0x000000000000676e      0x6fa build/obj/chheap.o
 .debug_info    0x0000000000006e68      0x3d5 build/obj/hal.o
 .debug_info    0x000000000000723d      0xe01 build/obj/adc.o
 .debug_info    0x000000000000803e     0x1037 build/obj/can.o
 .debug_info    0x0000000000009075      0x685 build/obj/pwm.o
 .debug_info    0x00000000000096fa      0xfbe build/obj/serial.o
 .debug_info    0x000000000000a6b8     0x10cb build/obj/spi.o
 .debug_info    0x000000000000b783      0xa7f build/obj/stm32_dma.o
 .debug_info    0x000000000000c202      0x491 build/obj/hal_lld.o
 .debug_info    0x000000000000c693     0x10c2 build/obj/adc_lld.o
 .debug_info    0x000000000000d755     0x155f build/obj/can_lld.o
 .debug_info    0x000000000000ecb4      0x6fc build/obj/pal_lld.o
 .debug_info    0x000000000000f3b0      0xdd4 build/obj/spi_lld.o
 .debug_info    0x0000000000010184      0xa73 build/obj/pwm_lld.o
 .debug_info    0x0000000000010bf7      0xf22 build/obj/serial_lld.o
 .debug_info    0x0000000000011b19      0x1f4 build/obj/board.o
 .debug_info    0x0000000000011d0d      0xeda build/obj/main.o
 .debug_info    0x0000000000012be7      0xea6 build/obj/thruster.o

.debug_abbrev   0x0000000000000000     0x4808
 .debug_abbrev  0x0000000000000000       0xfd build/obj/crt0.o
 .debug_abbrev  0x00000000000000fd       0xaf build/obj/vectors.o
 .debug_abbrev  0x00000000000001ac      0x216 build/obj/chcore_v7m.o
 .debug_abbrev  0x00000000000003c2      0x10e build/obj/nvic.o
 .debug_abbrev  0x00000000000004d0      0x20e build/obj/chsys.o
 .debug_abbrev  0x00000000000006de      0x117 build/obj/chvt.o
 .debug_abbrev  0x00000000000007f5      0x317 build/obj/chschd.o
 .debug_abbrev  0x0000000000000b0c      0x34f build/obj/chthreads.o
 .debug_abbrev  0x0000000000000e5b      0x187 build/obj/chregistry.o
 .debug_abbrev  0x0000000000000fe2      0x34b build/obj/chsem.o
 .debug_abbrev  0x000000000000132d      0x303 build/obj/chmtx.o
 .debug_abbrev  0x0000000000001630      0x2ef build/obj/chevents.o
 .debug_abbrev  0x000000000000191f      0x34a build/obj/chqueues.o
 .debug_abbrev  0x0000000000001c69      0x15b build/obj/chmemcore.o
 .debug_abbrev  0x0000000000001dc4      0x1e7 build/obj/chheap.o
 .debug_abbrev  0x0000000000001fab      0x1ca build/obj/hal.o
 .debug_abbrev  0x0000000000002175      0x304 build/obj/adc.o
 .debug_abbrev  0x0000000000002479      0x2ef build/obj/can.o
 .debug_abbrev  0x0000000000002768      0x19c build/obj/pwm.o
 .debug_abbrev  0x0000000000002904      0x2b9 build/obj/serial.o
 .debug_abbrev  0x0000000000002bbd      0x276 build/obj/spi.o
 .debug_abbrev  0x0000000000002e33      0x21f build/obj/stm32_dma.o
 .debug_abbrev  0x0000000000003052      0x12b build/obj/hal_lld.o
 .debug_abbrev  0x000000000000317d      0x324 build/obj/adc_lld.o
 .debug_abbrev  0x00000000000034a1      0x3d7 build/obj/can_lld.o
 .debug_abbrev  0x0000000000003878      0x1aa build/obj/pal_lld.o
 .debug_abbrev  0x0000000000003a22      0x304 build/obj/spi_lld.o
 .debug_abbrev  0x0000000000003d26      0x23a build/obj/pwm_lld.o
 .debug_abbrev  0x0000000000003f60      0x30e build/obj/serial_lld.o
 .debug_abbrev  0x000000000000426e       0xe3 build/obj/board.o
 .debug_abbrev  0x0000000000004351      0x231 build/obj/main.o
 .debug_abbrev  0x0000000000004582      0x286 build/obj/thruster.o

.debug_loc      0x0000000000000000     0x48d5
 .debug_loc     0x0000000000000000       0xba build/obj/crt0.o
 .debug_loc     0x00000000000000ba       0x5a build/obj/chcore_v7m.o
 .debug_loc     0x0000000000000114      0x158 build/obj/nvic.o
 .debug_loc     0x000000000000026c       0x31 build/obj/chsys.o
 .debug_loc     0x000000000000029d       0x67 build/obj/chvt.o
 .debug_loc     0x0000000000000304      0x2fd build/obj/chschd.o
 .debug_loc     0x0000000000000601      0x42f build/obj/chthreads.o
 .debug_loc     0x0000000000000a30       0x3f build/obj/chregistry.o
 .debug_loc     0x0000000000000a6f      0x548 build/obj/chsem.o
 .debug_loc     0x0000000000000fb7      0x404 build/obj/chmtx.o
 .debug_loc     0x00000000000013bb      0x5cd build/obj/chevents.o
 .debug_loc     0x0000000000001988      0x679 build/obj/chqueues.o
 .debug_loc     0x0000000000002001       0xb0 build/obj/chmemcore.o
 .debug_loc     0x00000000000020b1      0x3a1 build/obj/chheap.o
 .debug_loc     0x0000000000002452       0x87 build/obj/hal.o
 .debug_loc     0x00000000000024d9      0x3e6 build/obj/adc.o
 .debug_loc     0x00000000000028bf      0x222 build/obj/can.o
 .debug_loc     0x0000000000002ae1      0x102 build/obj/pwm.o
 .debug_loc     0x0000000000002be3      0x4e4 build/obj/serial.o
 .debug_loc     0x00000000000030c7      0x468 build/obj/spi.o
 .debug_loc     0x000000000000352f      0x276 build/obj/stm32_dma.o
 .debug_loc     0x00000000000037a5      0x306 build/obj/adc_lld.o
 .debug_loc     0x0000000000003aab      0x4fc build/obj/can_lld.o
 .debug_loc     0x0000000000003fa7      0x129 build/obj/pal_lld.o
 .debug_loc     0x00000000000040d0      0x254 build/obj/spi_lld.o
 .debug_loc     0x0000000000004324      0x2f8 build/obj/pwm_lld.o
 .debug_loc     0x000000000000461c      0x226 build/obj/serial_lld.o
 .debug_loc     0x0000000000004842       0x93 build/obj/thruster.o

.debug_aranges  0x0000000000000000      0xa90
 .debug_aranges
                0x0000000000000000       0x38 build/obj/crt0.o
 .debug_aranges
                0x0000000000000038       0x20 build/obj/vectors.o
 .debug_aranges
                0x0000000000000058       0x50 build/obj/chcore_v7m.o
 .debug_aranges
                0x00000000000000a8       0x30 build/obj/nvic.o
 .debug_aranges
                0x00000000000000d8       0x30 build/obj/chsys.o
 .debug_aranges
                0x0000000000000108       0x30 build/obj/chvt.o
 .debug_aranges
                0x0000000000000138       0x68 build/obj/chschd.o
 .debug_aranges
                0x00000000000001a0       0x78 build/obj/chthreads.o
 .debug_aranges
                0x0000000000000218       0x28 build/obj/chregistry.o
 .debug_aranges
                0x0000000000000240       0x70 build/obj/chsem.o
 .debug_aranges
                0x00000000000002b0       0x58 build/obj/chmtx.o
 .debug_aranges
                0x0000000000000308       0xa0 build/obj/chevents.o
 .debug_aranges
                0x00000000000003a8       0x70 build/obj/chqueues.o
 .debug_aranges
                0x0000000000000418       0x38 build/obj/chmemcore.o
 .debug_aranges
                0x0000000000000450       0x40 build/obj/chheap.o
 .debug_aranges
                0x0000000000000490       0x30 build/obj/hal.o
 .debug_aranges
                0x00000000000004c0       0x70 build/obj/adc.o
 .debug_aranges
                0x0000000000000530       0x58 build/obj/can.o
 .debug_aranges
                0x0000000000000588       0x50 build/obj/pwm.o
 .debug_aranges
                0x00000000000005d8       0x88 build/obj/serial.o
 .debug_aranges
                0x0000000000000660       0x98 build/obj/spi.o
 .debug_aranges
                0x00000000000006f8       0xb0 build/obj/stm32_dma.o
 .debug_aranges
                0x00000000000007a8       0x28 build/obj/hal_lld.o
 .debug_aranges
                0x00000000000007d0       0x70 build/obj/adc_lld.o
 .debug_aranges
                0x0000000000000840       0x90 build/obj/can_lld.o
 .debug_aranges
                0x00000000000008d0       0x28 build/obj/pal_lld.o
 .debug_aranges
                0x00000000000008f8       0x78 build/obj/spi_lld.o
 .debug_aranges
                0x0000000000000970       0x78 build/obj/pwm_lld.o
 .debug_aranges
                0x00000000000009e8       0x40 build/obj/serial_lld.o
 .debug_aranges
                0x0000000000000a28       0x28 build/obj/board.o
 .debug_aranges
                0x0000000000000a50       0x20 build/obj/main.o
 .debug_aranges
                0x0000000000000a70       0x20 build/obj/thruster.o

.debug_ranges   0x0000000000000000     0x11d0
 .debug_ranges  0x0000000000000000       0x58 build/obj/crt0.o
 .debug_ranges  0x0000000000000058       0x10 build/obj/vectors.o
 .debug_ranges  0x0000000000000068       0x58 build/obj/chcore_v7m.o
 .debug_ranges  0x00000000000000c0       0x20 build/obj/nvic.o
 .debug_ranges  0x00000000000000e0       0x38 build/obj/chsys.o
 .debug_ranges  0x0000000000000118       0x20 build/obj/chvt.o
 .debug_ranges  0x0000000000000138      0x1a8 build/obj/chschd.o
 .debug_ranges  0x00000000000002e0      0x118 build/obj/chthreads.o
 .debug_ranges  0x00000000000003f8       0x18 build/obj/chregistry.o
 .debug_ranges  0x0000000000000410      0x168 build/obj/chsem.o
 .debug_ranges  0x0000000000000578      0x190 build/obj/chmtx.o
 .debug_ranges  0x0000000000000708       0xc0 build/obj/chevents.o
 .debug_ranges  0x00000000000007c8       0xd0 build/obj/chqueues.o
 .debug_ranges  0x0000000000000898       0x28 build/obj/chmemcore.o
 .debug_ranges  0x00000000000008c0       0x30 build/obj/chheap.o
 .debug_ranges  0x00000000000008f0       0x20 build/obj/hal.o
 .debug_ranges  0x0000000000000910       0xd8 build/obj/adc.o
 .debug_ranges  0x00000000000009e8       0xd8 build/obj/can.o
 .debug_ranges  0x0000000000000ac0       0x70 build/obj/pwm.o
 .debug_ranges  0x0000000000000b30       0xa8 build/obj/serial.o
 .debug_ranges  0x0000000000000bd8      0x100 build/obj/spi.o
 .debug_ranges  0x0000000000000cd8       0xa0 build/obj/stm32_dma.o
 .debug_ranges  0x0000000000000d78       0x30 build/obj/hal_lld.o
 .debug_ranges  0x0000000000000da8       0x78 build/obj/adc_lld.o
 .debug_ranges  0x0000000000000e20       0xc8 build/obj/can_lld.o
 .debug_ranges  0x0000000000000ee8      0x120 build/obj/pal_lld.o
 .debug_ranges  0x0000000000001008       0x68 build/obj/spi_lld.o
 .debug_ranges  0x0000000000001070       0x68 build/obj/pwm_lld.o
 .debug_ranges  0x00000000000010d8       0xa8 build/obj/serial_lld.o
 .debug_ranges  0x0000000000001180       0x18 build/obj/board.o
 .debug_ranges  0x0000000000001198       0x10 build/obj/main.o
 .debug_ranges  0x00000000000011a8       0x28 build/obj/thruster.o

.debug_line     0x0000000000000000     0x53d2
 .debug_line    0x0000000000000000      0x120 build/obj/crt0.o
 .debug_line    0x0000000000000120       0xc5 build/obj/vectors.o
 .debug_line    0x00000000000001e5      0x1ed build/obj/chcore_v7m.o
 .debug_line    0x00000000000003d2       0xfa build/obj/nvic.o
 .debug_line    0x00000000000004cc      0x1e5 build/obj/chsys.o
 .debug_line    0x00000000000006b1      0x13d build/obj/chvt.o
 .debug_line    0x00000000000007ee      0x351 build/obj/chschd.o
 .debug_line    0x0000000000000b3f      0x387 build/obj/chthreads.o
 .debug_line    0x0000000000000ec6      0x1af build/obj/chregistry.o
 .debug_line    0x0000000000001075      0x316 build/obj/chsem.o
 .debug_line    0x000000000000138b      0x316 build/obj/chmtx.o
 .debug_line    0x00000000000016a1      0x2fc build/obj/chevents.o
 .debug_line    0x000000000000199d      0x33b build/obj/chqueues.o
 .debug_line    0x0000000000001cd8      0x135 build/obj/chmemcore.o
 .debug_line    0x0000000000001e0d      0x254 build/obj/chheap.o
 .debug_line    0x0000000000002061      0x271 build/obj/hal.o
 .debug_line    0x00000000000022d2      0x32f build/obj/adc.o
 .debug_line    0x0000000000002601      0x2df build/obj/can.o
 .debug_line    0x00000000000028e0      0x1c7 build/obj/pwm.o
 .debug_line    0x0000000000002aa7      0x358 build/obj/serial.o
 .debug_line    0x0000000000002dff      0x3a3 build/obj/spi.o
 .debug_line    0x00000000000031a2      0x3ae build/obj/stm32_dma.o
 .debug_line    0x0000000000003550      0x1cb build/obj/hal_lld.o
 .debug_line    0x000000000000371b      0x42e build/obj/adc_lld.o
 .debug_line    0x0000000000003b49      0x46c build/obj/can_lld.o
 .debug_line    0x0000000000003fb5      0x1d6 build/obj/pal_lld.o
 .debug_line    0x000000000000418b      0x426 build/obj/spi_lld.o
 .debug_line    0x00000000000045b1      0x389 build/obj/pwm_lld.o
 .debug_line    0x000000000000493a      0x329 build/obj/serial_lld.o
 .debug_line    0x0000000000004c63      0x170 build/obj/board.o
 .debug_line    0x0000000000004dd3      0x2eb build/obj/main.o
 .debug_line    0x00000000000050be      0x314 build/obj/thruster.o

.debug_str      0x0000000000000000     0x2a75
 .debug_str     0x0000000000000000      0x27c build/obj/crt0.o
                                        0x2c1 (size before relaxing)
 .debug_str     0x000000000000027c      0x149 build/obj/vectors.o
                                        0x2e2 (size before relaxing)
 .debug_str     0x00000000000003c5      0x2f0 build/obj/chcore_v7m.o
                                        0x49e (size before relaxing)
 .debug_str     0x00000000000006b5       0x9a build/obj/nvic.o
                                        0x2b4 (size before relaxing)
 .debug_str     0x000000000000074f      0x20d build/obj/chsys.o
                                        0x58c (size before relaxing)
 .debug_str     0x000000000000095c       0x3a build/obj/chvt.o
                                        0x235 (size before relaxing)
 .debug_str     0x0000000000000996       0xd2 build/obj/chschd.o
                                        0x4ab (size before relaxing)
 .debug_str     0x0000000000000a68       0xd7 build/obj/chthreads.o
                                        0x516 (size before relaxing)
 .debug_str     0x0000000000000b3f       0x46 build/obj/chregistry.o
                                        0x4a4 (size before relaxing)
 .debug_str     0x0000000000000b85       0xcc build/obj/chsem.o
                                        0x48f (size before relaxing)
 .debug_str     0x0000000000000c51       0x95 build/obj/chmtx.o
                                        0x430 (size before relaxing)
 .debug_str     0x0000000000000ce6      0x1bd build/obj/chevents.o
                                        0x554 (size before relaxing)
 .debug_str     0x0000000000000ea3      0x11d build/obj/chqueues.o
                                        0x4bb (size before relaxing)
 .debug_str     0x0000000000000fc0       0x74 build/obj/chmemcore.o
                                        0x22a (size before relaxing)
 .debug_str     0x0000000000001034       0xb7 build/obj/chheap.o
                                        0x41f (size before relaxing)
 .debug_str     0x00000000000010eb      0x18a build/obj/hal.o
                                        0x33e (size before relaxing)
 .debug_str     0x0000000000001275      0x2fd build/obj/adc.o
                                        0x6e5 (size before relaxing)
 .debug_str     0x0000000000001572      0x2d5 build/obj/can.o
                                        0x6fb (size before relaxing)
 .debug_str     0x0000000000001847      0x1b1 build/obj/pwm.o
                                        0x3ae (size before relaxing)
 .debug_str     0x00000000000019f8      0x131 build/obj/serial.o
                                        0x633 (size before relaxing)
 .debug_str     0x0000000000001b29      0x27f build/obj/spi.o
                                        0x6ec (size before relaxing)
 .debug_str     0x0000000000001da8      0x744 build/obj/stm32_dma.o
                                        0xa00 (size before relaxing)
 .debug_str     0x00000000000024ec       0xc2 build/obj/hal_lld.o
                                        0x3de (size before relaxing)
 .debug_str     0x00000000000025ae       0xd2 build/obj/adc_lld.o
                                        0xd1b (size before relaxing)
 .debug_str     0x0000000000002680      0x122 build/obj/can_lld.o
                                        0x89f (size before relaxing)
 .debug_str     0x00000000000027a2       0x7b build/obj/pal_lld.o
                                        0x43c (size before relaxing)
 .debug_str     0x000000000000281d       0xa5 build/obj/spi_lld.o
                                        0x78c (size before relaxing)
 .debug_str     0x00000000000028c2       0x9c build/obj/pwm_lld.o
                                        0x528 (size before relaxing)
 .debug_str     0x000000000000295e       0x69 build/obj/serial_lld.o
                                        0x6d9 (size before relaxing)
 .debug_str     0x00000000000029c7       0x2e build/obj/board.o
                                        0x296 (size before relaxing)
 .debug_str     0x00000000000029f5       0x32 build/obj/main.o
                                        0x75d (size before relaxing)
 .debug_str     0x0000000000002a27       0x4e build/obj/thruster.o
                                        0x75b (size before relaxing)

.comment        0x0000000000000000       0x33
 .comment       0x0000000000000000       0x33 build/obj/crt0.o
                                         0x34 (size before relaxing)
 .comment       0x0000000000000033       0x34 build/obj/vectors.o
 .comment       0x0000000000000033       0x34 build/obj/chcore_v7m.o
 .comment       0x0000000000000033       0x34 build/obj/nvic.o
 .comment       0x0000000000000033       0x34 build/obj/chsys.o
 .comment       0x0000000000000033       0x34 build/obj/chvt.o
 .comment       0x0000000000000033       0x34 build/obj/chschd.o
 .comment       0x0000000000000033       0x34 build/obj/chthreads.o
 .comment       0x0000000000000033       0x34 build/obj/chregistry.o
 .comment       0x0000000000000033       0x34 build/obj/chsem.o
 .comment       0x0000000000000033       0x34 build/obj/chmtx.o
 .comment       0x0000000000000033       0x34 build/obj/chevents.o
 .comment       0x0000000000000033       0x34 build/obj/chqueues.o
 .comment       0x0000000000000033       0x34 build/obj/chmemcore.o
 .comment       0x0000000000000033       0x34 build/obj/chheap.o
 .comment       0x0000000000000033       0x34 build/obj/hal.o
 .comment       0x0000000000000033       0x34 build/obj/adc.o
 .comment       0x0000000000000033       0x34 build/obj/can.o
 .comment       0x0000000000000033       0x34 build/obj/pwm.o
 .comment       0x0000000000000033       0x34 build/obj/serial.o
 .comment       0x0000000000000033       0x34 build/obj/spi.o
 .comment       0x0000000000000033       0x34 build/obj/stm32_dma.o
 .comment       0x0000000000000033       0x34 build/obj/hal_lld.o
 .comment       0x0000000000000033       0x34 build/obj/adc_lld.o
 .comment       0x0000000000000033       0x34 build/obj/can_lld.o
 .comment       0x0000000000000033       0x34 build/obj/pal_lld.o
 .comment       0x0000000000000033       0x34 build/obj/spi_lld.o
 .comment       0x0000000000000033       0x34 build/obj/pwm_lld.o
 .comment       0x0000000000000033       0x34 build/obj/serial_lld.o
 .comment       0x0000000000000033       0x34 build/obj/board.o
 .comment       0x0000000000000033       0x34 build/obj/main.o
 .comment       0x0000000000000033       0x34 build/obj/thruster.o

.ARM.attributes
                0x0000000000000000       0x33
 .ARM.attributes
                0x0000000000000000       0x33 build/obj/crt0.o
 .ARM.attributes
                0x0000000000000033       0x33 build/obj/vectors.o
 .ARM.attributes
                0x0000000000000066       0x33 build/obj/chcore_v7m.o
 .ARM.attributes
                0x0000000000000099       0x33 build/obj/nvic.o
 .ARM.attributes
                0x00000000000000cc       0x33 build/obj/chsys.o
 .ARM.attributes
                0x00000000000000ff       0x33 build/obj/chvt.o
 .ARM.attributes
                0x0000000000000132       0x33 build/obj/chschd.o
 .ARM.attributes
                0x0000000000000165       0x33 build/obj/chthreads.o
 .ARM.attributes
                0x0000000000000198       0x33 build/obj/chregistry.o
 .ARM.attributes
                0x00000000000001cb       0x33 build/obj/chsem.o
 .ARM.attributes
                0x00000000000001fe       0x33 build/obj/chmtx.o
 .ARM.attributes
                0x0000000000000231       0x33 build/obj/chevents.o
 .ARM.attributes
                0x0000000000000264       0x33 build/obj/chqueues.o
 .ARM.attributes
                0x0000000000000297       0x33 build/obj/chmemcore.o
 .ARM.attributes
                0x00000000000002ca       0x33 build/obj/chheap.o
 .ARM.attributes
                0x00000000000002fd       0x33 build/obj/hal.o
 .ARM.attributes
                0x0000000000000330       0x33 build/obj/adc.o
 .ARM.attributes
                0x0000000000000363       0x33 build/obj/can.o
 .ARM.attributes
                0x0000000000000396       0x33 build/obj/pwm.o
 .ARM.attributes
                0x00000000000003c9       0x33 build/obj/serial.o
 .ARM.attributes
                0x00000000000003fc       0x33 build/obj/spi.o
 .ARM.attributes
                0x000000000000042f       0x33 build/obj/stm32_dma.o
 .ARM.attributes
                0x0000000000000462       0x33 build/obj/hal_lld.o
 .ARM.attributes
                0x0000000000000495       0x33 build/obj/adc_lld.o
 .ARM.attributes
                0x00000000000004c8       0x33 build/obj/can_lld.o
 .ARM.attributes
                0x00000000000004fb       0x33 build/obj/pal_lld.o
 .ARM.attributes
                0x000000000000052e       0x33 build/obj/spi_lld.o
 .ARM.attributes
                0x0000000000000561       0x33 build/obj/pwm_lld.o
 .ARM.attributes
                0x0000000000000594       0x33 build/obj/serial_lld.o
 .ARM.attributes
                0x00000000000005c7       0x33 build/obj/board.o
 .ARM.attributes
                0x00000000000005fa       0x33 build/obj/main.o
 .ARM.attributes
                0x000000000000062d       0x33 build/obj/thruster.o

.debug_frame    0x0000000000000000     0x1cf4
 .debug_frame   0x0000000000000000       0x50 build/obj/crt0.o
 .debug_frame   0x0000000000000050       0x20 build/obj/vectors.o
 .debug_frame   0x0000000000000070       0xa0 build/obj/chcore_v7m.o
 .debug_frame   0x0000000000000110       0x74 build/obj/nvic.o
 .debug_frame   0x0000000000000184       0x5c build/obj/chsys.o
 .debug_frame   0x00000000000001e0       0x58 build/obj/chvt.o
 .debug_frame   0x0000000000000238      0x15c build/obj/chschd.o
 .debug_frame   0x0000000000000394      0x194 build/obj/chthreads.o
 .debug_frame   0x0000000000000528       0x3c build/obj/chregistry.o
 .debug_frame   0x0000000000000564      0x14c build/obj/chsem.o
 .debug_frame   0x00000000000006b0       0xec build/obj/chmtx.o
 .debug_frame   0x000000000000079c      0x1dc build/obj/chevents.o
 .debug_frame   0x0000000000000978      0x190 build/obj/chqueues.o
 .debug_frame   0x0000000000000b08       0x68 build/obj/chmemcore.o
 .debug_frame   0x0000000000000b70       0xb4 build/obj/chheap.o
 .debug_frame   0x0000000000000c24       0x50 build/obj/hal.o
 .debug_frame   0x0000000000000c74      0x130 build/obj/adc.o
 .debug_frame   0x0000000000000da4      0x10c build/obj/can.o
 .debug_frame   0x0000000000000eb0       0xb0 build/obj/pwm.o
 .debug_frame   0x0000000000000f60      0x14c build/obj/serial.o
 .debug_frame   0x00000000000010ac      0x1a8 build/obj/spi.o
 .debug_frame   0x0000000000001254      0x274 build/obj/stm32_dma.o
 .debug_frame   0x00000000000014c8       0x50 build/obj/hal_lld.o
 .debug_frame   0x0000000000001518      0x15c build/obj/adc_lld.o
 .debug_frame   0x0000000000001674      0x1cc build/obj/can_lld.o
 .debug_frame   0x0000000000001840       0x70 build/obj/pal_lld.o
 .debug_frame   0x00000000000018b0      0x168 build/obj/spi_lld.o
 .debug_frame   0x0000000000001a18      0x198 build/obj/pwm_lld.o
 .debug_frame   0x0000000000001bb0       0xa8 build/obj/serial_lld.o
 .debug_frame   0x0000000000001c58       0x30 build/obj/board.o
 .debug_frame   0x0000000000001c88       0x2c build/obj/main.o
 .debug_frame   0x0000000000001cb4       0x40 build/obj/thruster.o

Cross Reference Table

Symbol                                            File
ADCD1                                             build/obj/adc_lld.o
BusFaultVector                                    build/obj/vectors.o
CAND1                                             build/obj/can_lld.o
                                                  build/obj/thruster.o
                                                  build/obj/main.o
DebugMonitorVector                                build/obj/vectors.o
HardFaultVector                                   build/obj/vectors.o
MemManageVector                                   build/obj/vectors.o
NMIVector                                         build/obj/vectors.o
PWMD1                                             build/obj/pwm_lld.o
                                                  build/obj/main.o
PWMD2                                             build/obj/pwm_lld.o
                                                  build/obj/main.o
PWMD4                                             build/obj/pwm_lld.o
                                                  build/obj/thruster.o
                                                  build/obj/main.o
PWMD8                                             build/obj/pwm_lld.o
                                                  build/obj/thruster.o
                                                  build/obj/main.o
PendSVVector                                      build/obj/vectors.o
ResetHandler                                      build/obj/crt0.o
                                                  build/obj/vectors.o
SD2                                               build/obj/serial_lld.o
SPID2                                             build/obj/spi_lld.o
SVCallVector                                      build/obj/chcore_v7m.o
                                                  build/obj/vectors.o
SysTickVector                                     build/obj/chcore_v7m.o
                                                  build/obj/vectors.o
TestThread                                        build/obj/test.o
UsageFaultVector                                  build/obj/vectors.o
Vector100                                         build/obj/vectors.o
Vector104                                         build/obj/vectors.o
Vector108                                         build/obj/vectors.o
Vector10C                                         build/obj/vectors.o
Vector110                                         build/obj/vectors.o
Vector114                                         build/obj/vectors.o
Vector118                                         build/obj/vectors.o
Vector11C                                         build/obj/vectors.o
Vector120                                         build/obj/stm32_dma.o
                                                  build/obj/vectors.o
Vector124                                         build/obj/stm32_dma.o
                                                  build/obj/vectors.o
Vector128                                         build/obj/stm32_dma.o
                                                  build/obj/vectors.o
Vector12C                                         build/obj/stm32_dma.o
                                                  build/obj/vectors.o
Vector130                                         build/obj/stm32_dma.o
                                                  build/obj/vectors.o
Vector134                                         build/obj/vectors.o
Vector138                                         build/obj/vectors.o
Vector13C                                         build/obj/vectors.o
Vector140                                         build/obj/vectors.o
Vector144                                         build/obj/vectors.o
Vector148                                         build/obj/vectors.o
Vector14C                                         build/obj/vectors.o
Vector150                                         build/obj/stm32_dma.o
                                                  build/obj/vectors.o
Vector154                                         build/obj/stm32_dma.o
                                                  build/obj/vectors.o
Vector158                                         build/obj/stm32_dma.o
                                                  build/obj/vectors.o
Vector15C                                         build/obj/vectors.o
Vector160                                         build/obj/vectors.o
Vector164                                         build/obj/vectors.o
Vector168                                         build/obj/vectors.o
Vector16C                                         build/obj/vectors.o
Vector170                                         build/obj/vectors.o
Vector174                                         build/obj/vectors.o
Vector178                                         build/obj/vectors.o
Vector17C                                         build/obj/vectors.o
Vector180                                         build/obj/vectors.o
Vector184                                         build/obj/vectors.o
Vector188                                         build/obj/vectors.o
Vector18C                                         build/obj/vectors.o
Vector190                                         build/obj/vectors.o
Vector194                                         build/obj/vectors.o
Vector198                                         build/obj/vectors.o
Vector19C                                         build/obj/vectors.o
Vector1A0                                         build/obj/vectors.o
Vector1A4                                         build/obj/vectors.o
Vector1A8                                         build/obj/vectors.o
Vector1C                                          build/obj/vectors.o
Vector20                                          build/obj/vectors.o
Vector24                                          build/obj/vectors.o
Vector28                                          build/obj/vectors.o
Vector34                                          build/obj/vectors.o
Vector40                                          build/obj/vectors.o
Vector44                                          build/obj/vectors.o
Vector48                                          build/obj/vectors.o
Vector4C                                          build/obj/vectors.o
Vector50                                          build/obj/vectors.o
Vector54                                          build/obj/vectors.o
Vector58                                          build/obj/vectors.o
Vector5C                                          build/obj/vectors.o
Vector60                                          build/obj/vectors.o
Vector64                                          build/obj/vectors.o
Vector68                                          build/obj/vectors.o
Vector6C                                          build/obj/stm32_dma.o
                                                  build/obj/vectors.o
Vector70                                          build/obj/stm32_dma.o
                                                  build/obj/vectors.o
Vector74                                          build/obj/stm32_dma.o
                                                  build/obj/vectors.o
Vector78                                          build/obj/stm32_dma.o
                                                  build/obj/vectors.o
Vector7C                                          build/obj/stm32_dma.o
                                                  build/obj/vectors.o
Vector80                                          build/obj/stm32_dma.o
                                                  build/obj/vectors.o
Vector84                                          build/obj/stm32_dma.o
                                                  build/obj/vectors.o
Vector88                                          build/obj/adc_lld.o
                                                  build/obj/vectors.o
Vector8C                                          build/obj/can_lld.o
                                                  build/obj/vectors.o
Vector90                                          build/obj/can_lld.o
                                                  build/obj/vectors.o
Vector94                                          build/obj/can_lld.o
                                                  build/obj/vectors.o
Vector98                                          build/obj/can_lld.o
                                                  build/obj/vectors.o
Vector9C                                          build/obj/vectors.o
VectorA0                                          build/obj/vectors.o
VectorA4                                          build/obj/pwm_lld.o
                                                  build/obj/vectors.o
VectorA8                                          build/obj/vectors.o
VectorAC                                          build/obj/pwm_lld.o
                                                  build/obj/vectors.o
VectorB0                                          build/obj/pwm_lld.o
                                                  build/obj/vectors.o
VectorB4                                          build/obj/vectors.o
VectorB8                                          build/obj/pwm_lld.o
                                                  build/obj/vectors.o
VectorBC                                          build/obj/vectors.o
VectorC0                                          build/obj/vectors.o
VectorC4                                          build/obj/vectors.o
VectorC8                                          build/obj/vectors.o
VectorCC                                          build/obj/vectors.o
VectorD0                                          build/obj/vectors.o
VectorD4                                          build/obj/vectors.o
VectorD8                                          build/obj/serial_lld.o
                                                  build/obj/vectors.o
VectorDC                                          build/obj/vectors.o
VectorE0                                          build/obj/vectors.o
VectorE4                                          build/obj/vectors.o
VectorE8                                          build/obj/vectors.o
VectorEC                                          build/obj/vectors.o
VectorF0                                          build/obj/pwm_lld.o
                                                  build/obj/vectors.o
VectorF4                                          build/obj/vectors.o
VectorF8                                          build/obj/pwm_lld.o
                                                  build/obj/vectors.o
VectorFC                                          build/obj/stm32_dma.o
                                                  build/obj/vectors.o
__early_init                                      build/obj/board.o
                                                  build/obj/crt0.o
__fini_array_end                                  build/obj/crt0.o
__fini_array_start                                build/obj/crt0.o
__heap_base__                                     build/obj/chmemcore.o
__heap_end__                                      build/obj/chmemcore.o
__init_array_end                                  build/obj/crt0.o
__init_array_start                                build/obj/crt0.o
__late_init                                       build/obj/crt0.o
__main_stack_base__                               build/obj/crt0.o
__main_stack_end__                                build/obj/vectors.o
                                                  build/obj/crt0.o
__process_stack_base__                            build/obj/crt0.o
__process_stack_end__                             build/obj/crt0.o
_bss_end                                          build/obj/crt0.o
_bss_start                                        build/obj/crt0.o
_core_init                                        build/obj/chmemcore.o
                                                  build/obj/chsys.o
_data                                             build/obj/crt0.o
_default_exit                                     build/obj/crt0.o
_edata                                            build/obj/crt0.o
_heap_init                                        build/obj/chheap.o
                                                  build/obj/chsys.o
_idle_thread                                      build/obj/chsys.o
_idle_thread_wa                                   build/obj/chsys.o
_pal_lld_init                                     build/obj/pal_lld.o
                                                  build/obj/hal.o
_pal_lld_setgroupmode                             build/obj/pal_lld.o
                                                  build/obj/main.o
                                                  build/obj/pal.o
_port_init                                        build/obj/chcore_v7m.o
                                                  build/obj/chsys.o
_port_irq_epilogue                                build/obj/chcore_v7m.o
                                                  build/obj/serial_lld.o
                                                  build/obj/pwm_lld.o
                                                  build/obj/can_lld.o
                                                  build/obj/adc_lld.o
                                                  build/obj/stm32_dma.o
_port_switch                                      build/obj/chcore_v7m.o
                                                  build/obj/chschd.o
_port_switch_from_isr                             build/obj/chcore_v7m.o
_port_thread_start                                build/obj/chcore_v7m.o
                                                  build/obj/chthreads.o
_scheduler_init                                   build/obj/chschd.o
                                                  build/obj/chsys.o
_stm32_dma_streams                                build/obj/stm32_dma.o
                                                  build/obj/spi_lld.o
                                                  build/obj/adc_lld.o
_test_assert                                      build/obj/test.o
                                                  build/obj/testqueues.o
                                                  build/obj/testdyn.o
                                                  build/obj/testpools.o
                                                  build/obj/testheap.o
                                                  build/obj/testevt.o
                                                  build/obj/testmbox.o
                                                  build/obj/testmtx.o
                                                  build/obj/testsem.o
                                                  build/obj/testthd.o
_test_assert_sequence                             build/obj/test.o
                                                  build/obj/testqueues.o
                                                  build/obj/testdyn.o
                                                  build/obj/testevt.o
                                                  build/obj/testmbox.o
                                                  build/obj/testmsg.o
                                                  build/obj/testmtx.o
                                                  build/obj/testsem.o
                                                  build/obj/testthd.o
_test_assert_time_window                          build/obj/test.o
                                                  build/obj/testevt.o
                                                  build/obj/testmtx.o
                                                  build/obj/testsem.o
                                                  build/obj/testthd.o
_test_fail                                        build/obj/test.o
_textdata                                         build/obj/crt0.o
_thread_init                                      build/obj/chthreads.o
                                                  build/obj/chsys.o
_unhandled_exception                              build/obj/vectors.o
_vectors                                          build/obj/vectors.o
_vt_init                                          build/obj/chvt.o
                                                  build/obj/chsys.o
adcAcquireBus                                     build/obj/adc.o
adcConvert                                        build/obj/adc.o
adcInit                                           build/obj/adc.o
                                                  build/obj/hal.o
adcObjectInit                                     build/obj/adc.o
                                                  build/obj/adc_lld.o
adcReleaseBus                                     build/obj/adc.o
adcSTM32DisableTSVREFE                            build/obj/adc_lld.o
adcSTM32DisableVBATE                              build/obj/adc_lld.o
adcSTM32EnableTSVREFE                             build/obj/adc_lld.o
adcSTM32EnableVBATE                               build/obj/adc_lld.o
adcStart                                          build/obj/adc.o
adcStartConversion                                build/obj/adc.o
adcStartConversionI                               build/obj/adc.o
adcStop                                           build/obj/adc.o
adcStopConversion                                 build/obj/adc.o
adcStopConversionI                                build/obj/adc.o
adc_lld_init                                      build/obj/adc_lld.o
                                                  build/obj/adc.o
adc_lld_start                                     build/obj/adc_lld.o
                                                  build/obj/adc.o
adc_lld_start_conversion                          build/obj/adc_lld.o
                                                  build/obj/adc.o
adc_lld_stop                                      build/obj/adc_lld.o
                                                  build/obj/adc.o
adc_lld_stop_conversion                           build/obj/adc_lld.o
                                                  build/obj/adc.o
boardInit                                         build/obj/board.o
                                                  build/obj/hal.o
canInit                                           build/obj/can.o
                                                  build/obj/hal.o
canObjectInit                                     build/obj/can.o
                                                  build/obj/can_lld.o
canReceive                                        build/obj/can.o
                                                  build/obj/thruster.o
canSTM32SetFilters                                build/obj/can_lld.o
canSleep                                          build/obj/can.o
canStart                                          build/obj/can.o
                                                  build/obj/main.o
canStop                                           build/obj/can.o
canTransmit                                       build/obj/can.o
canWakeup                                         build/obj/can.o
can_lld_init                                      build/obj/can_lld.o
                                                  build/obj/can.o
can_lld_is_rx_nonempty                            build/obj/can_lld.o
                                                  build/obj/can.o
can_lld_is_tx_empty                               build/obj/can_lld.o
                                                  build/obj/can.o
can_lld_receive                                   build/obj/can_lld.o
                                                  build/obj/can.o
can_lld_sleep                                     build/obj/can_lld.o
                                                  build/obj/can.o
can_lld_start                                     build/obj/can_lld.o
                                                  build/obj/can.o
can_lld_stop                                      build/obj/can_lld.o
                                                  build/obj/can.o
can_lld_transmit                                  build/obj/can_lld.o
                                                  build/obj/can.o
can_lld_wakeup                                    build/obj/can_lld.o
                                                  build/obj/can.o
chCondBroadcast                                   build/obj/chcond.o
                                                  build/obj/testmtx.o
chCondBroadcastI                                  build/obj/chcond.o
chCondInit                                        build/obj/chcond.o
                                                  build/obj/testmtx.o
chCondSignal                                      build/obj/chcond.o
                                                  build/obj/testmtx.o
chCondSignalI                                     build/obj/chcond.o
                                                  build/obj/testmtx.o
chCondWait                                        build/obj/chcond.o
                                                  build/obj/testmtx.o
chCondWaitS                                       build/obj/chcond.o
chCondWaitTimeout                                 build/obj/chcond.o
                                                  build/obj/testmtx.o
chCondWaitTimeoutS                                build/obj/chcond.o
chCoreAlloc                                       build/obj/chmemcore.o
                                                  build/obj/chheap.o
chCoreAllocI                                      build/obj/chmemcore.o
chCoreStatus                                      build/obj/chmemcore.o
                                                  build/obj/testheap.o
chEvtAddEvents                                    build/obj/chevents.o
                                                  build/obj/testevt.o
chEvtBroadcastFlags                               build/obj/chevents.o
                                                  build/obj/testevt.o
chEvtBroadcastFlagsI                              build/obj/chevents.o
                                                  build/obj/serial_lld.o
                                                  build/obj/can_lld.o
                                                  build/obj/serial.o
                                                  build/obj/can.o
chEvtDispatch                                     build/obj/chevents.o
                                                  build/obj/testevt.o
chEvtGetAndClearEvents                            build/obj/chevents.o
                                                  build/obj/testevt.o
chEvtGetAndClearFlags                             build/obj/chevents.o
chEvtGetAndClearFlagsI                            build/obj/chevents.o
chEvtRegisterMask                                 build/obj/chevents.o
                                                  build/obj/testevt.o
chEvtSignal                                       build/obj/chevents.o
                                                  build/obj/testevt.o
chEvtSignalI                                      build/obj/chevents.o
chEvtUnregister                                   build/obj/chevents.o
                                                  build/obj/testevt.o
chEvtWaitAll                                      build/obj/chevents.o
                                                  build/obj/testevt.o
chEvtWaitAllTimeout                               build/obj/chevents.o
                                                  build/obj/testevt.o
chEvtWaitAny                                      build/obj/chevents.o
                                                  build/obj/testevt.o
chEvtWaitAnyTimeout                               build/obj/chevents.o
                                                  build/obj/testevt.o
chEvtWaitOne                                      build/obj/chevents.o
                                                  build/obj/testevt.o
chEvtWaitOneTimeout                               build/obj/chevents.o
                                                  build/obj/testevt.o
chHeapAlloc                                       build/obj/chheap.o
                                                  build/obj/testdyn.o
                                                  build/obj/testheap.o
                                                  build/obj/chdynamic.o
chHeapFree                                        build/obj/chheap.o
                                                  build/obj/testdyn.o
                                                  build/obj/testheap.o
                                                  build/obj/chdynamic.o
chHeapInit                                        build/obj/chheap.o
                                                  build/obj/testdyn.o
                                                  build/obj/testheap.o
chHeapStatus                                      build/obj/chheap.o
                                                  build/obj/testdyn.o
                                                  build/obj/testheap.o
chIQGetTimeout                                    build/obj/chqueues.o
                                                  build/obj/serial.o
                                                  build/obj/testbmk.o
                                                  build/obj/testqueues.o
chIQInit                                          build/obj/chqueues.o
                                                  build/obj/serial.o
                                                  build/obj/testbmk.o
                                                  build/obj/testqueues.o
chIQPutI                                          build/obj/chqueues.o
                                                  build/obj/serial.o
                                                  build/obj/testbmk.o
                                                  build/obj/testqueues.o
chIQReadTimeout                                   build/obj/chqueues.o
                                                  build/obj/serial.o
                                                  build/obj/testqueues.o
chIQResetI                                        build/obj/chqueues.o
                                                  build/obj/serial.o
                                                  build/obj/testqueues.o
chMBFetch                                         build/obj/chmboxes.o
                                                  build/obj/testmbox.o
chMBFetchI                                        build/obj/chmboxes.o
                                                  build/obj/testmbox.o
chMBFetchS                                        build/obj/chmboxes.o
chMBInit                                          build/obj/chmboxes.o
                                                  build/obj/testmbox.o
chMBPost                                          build/obj/chmboxes.o
                                                  build/obj/testmbox.o
chMBPostAhead                                     build/obj/chmboxes.o
                                                  build/obj/testmbox.o
chMBPostAheadI                                    build/obj/chmboxes.o
                                                  build/obj/testmbox.o
chMBPostAheadS                                    build/obj/chmboxes.o
chMBPostI                                         build/obj/chmboxes.o
                                                  build/obj/testmbox.o
chMBPostS                                         build/obj/chmboxes.o
chMBReset                                         build/obj/chmboxes.o
                                                  build/obj/testmbox.o
chMsgRelease                                      build/obj/chmsg.o
                                                  build/obj/testbmk.o
                                                  build/obj/testmsg.o
chMsgSend                                         build/obj/chmsg.o
                                                  build/obj/testbmk.o
                                                  build/obj/testmsg.o
chMsgWait                                         build/obj/chmsg.o
                                                  build/obj/testbmk.o
                                                  build/obj/testmsg.o
chMtxInit                                         build/obj/chmtx.o
                                                  build/obj/spi.o
                                                  build/obj/adc.o
                                                  build/obj/testbmk.o
                                                  build/obj/testmtx.o
                                                  build/obj/chheap.o
chMtxLock                                         build/obj/chmtx.o
                                                  build/obj/spi.o
                                                  build/obj/adc.o
                                                  build/obj/testbmk.o
                                                  build/obj/testmtx.o
                                                  build/obj/chheap.o
chMtxLockS                                        build/obj/chmtx.o
                                                  build/obj/chcond.o
chMtxTryLock                                      build/obj/chmtx.o
                                                  build/obj/testmtx.o
chMtxTryLockS                                     build/obj/chmtx.o
chMtxUnlock                                       build/obj/chmtx.o
                                                  build/obj/spi.o
                                                  build/obj/adc.o
                                                  build/obj/testbmk.o
                                                  build/obj/testmtx.o
                                                  build/obj/chheap.o
chMtxUnlockAll                                    build/obj/chmtx.o
                                                  build/obj/testmtx.o
chMtxUnlockS                                      build/obj/chmtx.o
                                                  build/obj/testmtx.o
                                                  build/obj/chcond.o
chOQGetI                                          build/obj/chqueues.o
                                                  build/obj/serial_lld.o
                                                  build/obj/serial.o
                                                  build/obj/testqueues.o
chOQInit                                          build/obj/chqueues.o
                                                  build/obj/serial.o
                                                  build/obj/testqueues.o
chOQPutTimeout                                    build/obj/chqueues.o
                                                  build/obj/serial.o
                                                  build/obj/testqueues.o
chOQResetI                                        build/obj/chqueues.o
                                                  build/obj/serial.o
                                                  build/obj/testqueues.o
chOQWriteTimeout                                  build/obj/chqueues.o
                                                  build/obj/serial.o
                                                  build/obj/testqueues.o
chPoolAlloc                                       build/obj/chmempools.o
                                                  build/obj/testdyn.o
                                                  build/obj/testpools.o
                                                  build/obj/chdynamic.o
chPoolAllocI                                      build/obj/chmempools.o
chPoolFree                                        build/obj/chmempools.o
                                                  build/obj/testdyn.o
                                                  build/obj/testpools.o
                                                  build/obj/chdynamic.o
chPoolFreeI                                       build/obj/chmempools.o
chPoolInit                                        build/obj/chmempools.o
                                                  build/obj/testdyn.o
                                                  build/obj/testpools.o
chPoolLoadArray                                   build/obj/chmempools.o
                                                  build/obj/testpools.o
chRegFirstThread                                  build/obj/chregistry.o
                                                  build/obj/testdyn.o
chRegNextThread                                   build/obj/chregistry.o
                                                  build/obj/testdyn.o
chSchDoReschedule                                 build/obj/chschd.o
                                                  build/obj/chcore_v7m.o
chSchDoRescheduleAhead                            build/obj/chschd.o
chSchDoRescheduleBehind                           build/obj/chschd.o
                                                  build/obj/chthreads.o
chSchGoSleepS                                     build/obj/chschd.o
                                                  build/obj/spi.o
                                                  build/obj/adc.o
                                                  build/obj/testbmk.o
                                                  build/obj/chmsg.o
                                                  build/obj/chevents.o
                                                  build/obj/chcond.o
                                                  build/obj/chmtx.o
                                                  build/obj/chsem.o
                                                  build/obj/chthreads.o
chSchGoSleepTimeoutS                              build/obj/chschd.o
                                                  build/obj/can_lld.o
                                                  build/obj/can.o
                                                  build/obj/chqueues.o
                                                  build/obj/chevents.o
                                                  build/obj/chcond.o
                                                  build/obj/chsem.o
                                                  build/obj/chthreads.o
chSchReadyI                                       build/obj/chschd.o
                                                  build/obj/spi_lld.o
                                                  build/obj/adc_lld.o
                                                  build/obj/adc.o
                                                  build/obj/chqueues.o
                                                  build/obj/chmsg.o
                                                  build/obj/chevents.o
                                                  build/obj/chcond.o
                                                  build/obj/chmtx.o
                                                  build/obj/chsem.o
                                                  build/obj/chthreads.o
chSchRescheduleS                                  build/obj/chschd.o
                                                  build/obj/serial.o
                                                  build/obj/can.o
                                                  build/obj/testmtx.o
                                                  build/obj/testsem.o
                                                  build/obj/chmboxes.o
                                                  build/obj/chevents.o
                                                  build/obj/chcond.o
                                                  build/obj/chmtx.o
                                                  build/obj/chsem.o
                                                  build/obj/chthreads.o
chSchWakeupS                                      build/obj/chschd.o
                                                  build/obj/adc.o
                                                  build/obj/testbmk.o
                                                  build/obj/chmsg.o
                                                  build/obj/chcond.o
                                                  build/obj/chmtx.o
                                                  build/obj/chsem.o
                                                  build/obj/chdynamic.o
                                                  build/obj/chthreads.o
chSemAddCounterI                                  build/obj/chsem.o
                                                  build/obj/testsem.o
chSemInit                                         build/obj/chsem.o
                                                  build/obj/can.o
                                                  build/obj/testbmk.o
                                                  build/obj/testsem.o
                                                  build/obj/chmboxes.o
chSemReset                                        build/obj/chsem.o
                                                  build/obj/testbmk.o
                                                  build/obj/testsem.o
chSemResetI                                       build/obj/chsem.o
                                                  build/obj/can.o
                                                  build/obj/chmboxes.o
chSemSignal                                       build/obj/chsem.o
                                                  build/obj/testbmk.o
                                                  build/obj/testsem.o
chSemSignalI                                      build/obj/chsem.o
                                                  build/obj/can_lld.o