Archive member included because of file (symbol)

/Users/Daniel/Documents/Bachelor/Kode/rov-subside2015/arm/bin/../lib/gcc/arm-none-eabi/4.9.3/../../../../arm-none-eabi/lib/armv7e-m/fpu/libm.a(lib_a-s_cos.o)
                              build/obj/thruster.o (cos)
/Users/Daniel/Documents/Bachelor/Kode/rov-subside2015/arm/bin/../lib/gcc/arm-none-eabi/4.9.3/../../../../arm-none-eabi/lib/armv7e-m/fpu/libm.a(lib_a-w_atan2.o)
                              build/obj/thruster.o (atan2)
/Users/Daniel/Documents/Bachelor/Kode/rov-subside2015/arm/bin/../lib/gcc/arm-none-eabi/4.9.3/../../../../arm-none-eabi/lib/armv7e-m/fpu/libm.a(lib_a-w_sqrt.o)
                              build/obj/thruster.o (sqrt)
/Users/Daniel/Documents/Bachelor/Kode/rov-subside2015/arm/bin/../lib/gcc/arm-none-eabi/4.9.3/../../../../arm-none-eabi/lib/armv7e-m/fpu/libm.a(lib_a-e_atan2.o)
                              /Users/Daniel/Documents/Bachelor/Kode/rov-subside2015/arm/bin/../lib/gcc/arm-none-eabi/4.9.3/../../../../arm-none-eabi/lib/armv7e-m/fpu/libm.a(lib_a-w_atan2.o) (__ieee754_atan2)
/Users/Daniel/Documents/Bachelor/Kode/rov-subside2015/arm/bin/../lib/gcc/arm-none-eabi/4.9.3/../../../../arm-none-eabi/lib/armv7e-m/fpu/libm.a(lib_a-e_rem_pio2.o)
                              /Users/Daniel/Documents/Bachelor/Kode/rov-subside2015/arm/bin/../lib/gcc/arm-none-eabi/4.9.3/../../../../arm-none-eabi/lib/armv7e-m/fpu/libm.a(lib_a-s_cos.o) (__ieee754_rem_pio2)
/Users/Daniel/Documents/Bachelor/Kode/rov-subside2015/arm/bin/../lib/gcc/arm-none-eabi/4.9.3/../../../../arm-none-eabi/lib/armv7e-m/fpu/libm.a(lib_a-e_sqrt.o)
                              /Users/Daniel/Documents/Bachelor/Kode/rov-subside2015/arm/bin/../lib/gcc/arm-none-eabi/4.9.3/../../../../arm-none-eabi/lib/armv7e-m/fpu/libm.a(lib_a-w_sqrt.o) (__ieee754_sqrt)
/Users/Daniel/Documents/Bachelor/Kode/rov-subside2015/arm/bin/../lib/gcc/arm-none-eabi/4.9.3/../../../../arm-none-eabi/lib/armv7e-m/fpu/libm.a(lib_a-k_cos.o)
                              /Users/Daniel/Documents/Bachelor/Kode/rov-subside2015/arm/bin/../lib/gcc/arm-none-eabi/4.9.3/../../../../arm-none-eabi/lib/armv7e-m/fpu/libm.a(lib_a-s_cos.o) (__kernel_cos)
/Users/Daniel/Documents/Bachelor/Kode/rov-subside2015/arm/bin/../lib/gcc/arm-none-eabi/4.9.3/../../../../arm-none-eabi/lib/armv7e-m/fpu/libm.a(lib_a-k_rem_pio2.o)
                              /Users/Daniel/Documents/Bachelor/Kode/rov-subside2015/arm/bin/../lib/gcc/arm-none-eabi/4.9.3/../../../../arm-none-eabi/lib/armv7e-m/fpu/libm.a(lib_a-e_rem_pio2.o) (__kernel_rem_pio2)
/Users/Daniel/Documents/Bachelor/Kode/rov-subside2015/arm/bin/../lib/gcc/arm-none-eabi/4.9.3/../../../../arm-none-eabi/lib/armv7e-m/fpu/libm.a(lib_a-k_sin.o)
                              /Users/Daniel/Documents/Bachelor/Kode/rov-subside2015/arm/bin/../lib/gcc/arm-none-eabi/4.9.3/../../../../arm-none-eabi/lib/armv7e-m/fpu/libm.a(lib_a-s_cos.o) (__kernel_sin)
/Users/Daniel/Documents/Bachelor/Kode/rov-subside2015/arm/bin/../lib/gcc/arm-none-eabi/4.9.3/../../../../arm-none-eabi/lib/armv7e-m/fpu/libm.a(lib_a-s_atan.o)
                              /Users/Daniel/Documents/Bachelor/Kode/rov-subside2015/arm/bin/../lib/gcc/arm-none-eabi/4.9.3/../../../../arm-none-eabi/lib/armv7e-m/fpu/libm.a(lib_a-e_atan2.o) (atan)
/Users/Daniel/Documents/Bachelor/Kode/rov-subside2015/arm/bin/../lib/gcc/arm-none-eabi/4.9.3/../../../../arm-none-eabi/lib/armv7e-m/fpu/libm.a(lib_a-s_fabs.o)
                              /Users/Daniel/Documents/Bachelor/Kode/rov-subside2015/arm/bin/../lib/gcc/arm-none-eabi/4.9.3/../../../../arm-none-eabi/lib/armv7e-m/fpu/libm.a(lib_a-e_atan2.o) (fabs)
/Users/Daniel/Documents/Bachelor/Kode/rov-subside2015/arm/bin/../lib/gcc/arm-none-eabi/4.9.3/../../../../arm-none-eabi/lib/armv7e-m/fpu/libm.a(lib_a-s_floor.o)
                              /Users/Daniel/Documents/Bachelor/Kode/rov-subside2015/arm/bin/../lib/gcc/arm-none-eabi/4.9.3/../../../../arm-none-eabi/lib/armv7e-m/fpu/libm.a(lib_a-k_rem_pio2.o) (floor)
/Users/Daniel/Documents/Bachelor/Kode/rov-subside2015/arm/bin/../lib/gcc/arm-none-eabi/4.9.3/../../../../arm-none-eabi/lib/armv7e-m/fpu/libm.a(lib_a-s_fpclassify.o)
                              /Users/Daniel/Documents/Bachelor/Kode/rov-subside2015/arm/bin/../lib/gcc/arm-none-eabi/4.9.3/../../../../arm-none-eabi/lib/armv7e-m/fpu/libm.a(lib_a-w_sqrt.o) (__fpclassifyd)
/Users/Daniel/Documents/Bachelor/Kode/rov-subside2015/arm/bin/../lib/gcc/arm-none-eabi/4.9.3/../../../../arm-none-eabi/lib/armv7e-m/fpu/libm.a(lib_a-s_lib_ver.o)
                              /Users/Daniel/Documents/Bachelor/Kode/rov-subside2015/arm/bin/../lib/gcc/arm-none-eabi/4.9.3/../../../../arm-none-eabi/lib/armv7e-m/fpu/libm.a(lib_a-w_sqrt.o) (__fdlib_version)
/Users/Daniel/Documents/Bachelor/Kode/rov-subside2015/arm/bin/../lib/gcc/arm-none-eabi/4.9.3/../../../../arm-none-eabi/lib/armv7e-m/fpu/libm.a(lib_a-s_matherr.o)
[...]
Memory Configuration

Name             Origin             Length             Attributes
flash            0x0000000008000000 0x0000000000100000
ram              0x0000000020000000 0x000000000001c000
ethram           0x000000002001c000 0x0000000000004000
ccmram           0x0000000010000000 0x0000000000010000
*default*        0x0000000000000000 0xffffffffffffffff

Linker script and memory map

LOAD build/obj/crt0.o
LOAD build/obj/vectors.o
LOAD build/obj/chcore.o
LOAD build/obj/chcore_v7m.o
LOAD build/obj/nvic.o
LOAD build/obj/chsys.o
LOAD build/obj/chdebug.o
LOAD build/obj/chlists.o
LOAD build/obj/chvt.o
LOAD build/obj/chschd.o
LOAD build/obj/chthreads.o
LOAD build/obj/chdynamic.o
LOAD build/obj/chregistry.o
LOAD build/obj/chsem.o
LOAD build/obj/chmtx.o
LOAD build/obj/chcond.o
LOAD build/obj/chevents.o
LOAD build/obj/chmsg.o
LOAD build/obj/chmboxes.o
LOAD build/obj/chqueues.o
LOAD build/obj/chmemcore.o
LOAD build/obj/chheap.o
LOAD build/obj/chmempools.o
LOAD build/obj/test.o
LOAD build/obj/testthd.o
LOAD build/obj/testsem.o
LOAD build/obj/testmtx.o
LOAD build/obj/testmsg.o
LOAD build/obj/testmbox.o
LOAD build/obj/testevt.o
LOAD build/obj/testheap.o
LOAD build/obj/testpools.o
LOAD build/obj/testdyn.o
LOAD build/obj/testqueues.o
LOAD build/obj/testbmk.o
LOAD build/obj/hal.o
LOAD build/obj/adc.o
LOAD build/obj/can.o
LOAD build/obj/ext.o
LOAD build/obj/gpt.o
LOAD build/obj/i2c.o
LOAD build/obj/icu.o
LOAD build/obj/mac.o
LOAD build/obj/mmc_spi.o
LOAD build/obj/mmcsd.o
LOAD build/obj/pal.o
LOAD build/obj/pwm.o
LOAD build/obj/rtc.o
LOAD build/obj/sdc.o
LOAD build/obj/serial.o
LOAD build/obj/serial_usb.o
LOAD build/obj/spi.o
LOAD build/obj/tm.o
LOAD build/obj/uart.o
LOAD build/obj/usb.o
LOAD build/obj/stm32_dma.o
LOAD build/obj/hal_lld.o
LOAD build/obj/adc_lld.o
LOAD build/obj/ext_lld_isr.o
LOAD build/obj/can_lld.o
LOAD build/obj/ext_lld.o
LOAD build/obj/mac_lld.o
LOAD build/obj/sdc_lld.o
LOAD build/obj/pal_lld.o
LOAD build/obj/i2c_lld.o
LOAD build/obj/usb_lld.o
LOAD build/obj/rtc_lld.o
LOAD build/obj/spi_lld.o
LOAD build/obj/gpt_lld.o
LOAD build/obj/icu_lld.o
LOAD build/obj/pwm_lld.o
LOAD build/obj/serial_lld.o
LOAD build/obj/uart_lld.o
LOAD build/obj/board.o
LOAD build/obj/lis302dl.o
LOAD build/obj/chprintf.o
LOAD build/obj/main.o
LOAD build/obj/thruster.o
                0x0000000000000400                __main_stack_size__ = 0x400
                0x0000000000000400                __process_stack_size__ = 0x400
                0x0000000020000000                __ram_start__ = ORIGIN (ram)
                0x000000000001c000                __ram_size__ = 0x1c000
                0x000000002001c000                __ram_end__ = (__ram_start__ + __ram_size__)
                0x0000000000000000                . = 0x0
                0x0000000000000000                _text = .

startup         0x0000000008000000      0x1ac
 *(vectors)
 vectors        0x0000000008000000      0x1ac build/obj/vectors.o
                0x0000000008000000                _vectors

constructors    0x00000000080001ac        0x0
                0x00000000080001ac                PROVIDE (__init_array_start, .)
 *(SORT(.init_array.*))
 *(.init_array)
                0x00000000080001ac                PROVIDE (__init_array_end, .)

destructors     0x00000000080001ac        0x0
                0x00000000080001ac                PROVIDE (__fini_array_start, .)
 *(.fini_array)
 *(SORT(.fini_array.*))
                0x00000000080001ac                PROVIDE (__fini_array_end, .)

.text           0x00000000080001b0     0x4e14
 *(.text.startup.*)
 .text.startup.main
                0x00000000080001b0       0x90 build/obj/main.o
                0x00000000080001b0                main
 *(.text)
 .text          0x0000000008000240      0x370 /Users/Daniel/Documents/Bachelor/Kode/rov-subside2015/arm/bin/../lib/gcc/arm-none-eabi/4.9.3/armv7e-m/fpu/libgcc.a(_arm_addsubdf3.o)
                0x0000000008000240                __aeabi_drsub
                0x0000000008000248                __subdf3
                0x0000000008000248                __aeabi_dsub
                0x000000000800024c                __aeabi_dadd
                0x000000000800024c                __adddf3
                0x00000000080004c4                __aeabi_ui2d
                0x00000000080004c4                __floatunsidf
                0x00000000080004e4                __floatsidf
                0x00000000080004e4                __aeabi_i2d
                0x0000000008000508                __extendsfdf2
                0x0000000008000508                __aeabi_f2d
                0x0000000008000544                __aeabi_ul2d
                0x0000000008000544                __floatundidf
                0x0000000008000554                __aeabi_l2d
                0x0000000008000554                __floatdidf
 .text          0x00000000080005b0      0x424 /Users/Daniel/Documents/Bachelor/Kode/rov-subside2015/arm/bin/../lib/gcc/arm-none-eabi/4.9.3/armv7e-m/fpu/libgcc.a(_arm_muldivdf3.o)
                0x00000000080005b0                __aeabi_dmul
                0x00000000080005b0                __muldf3
                0x0000000008000804                __aeabi_ddiv
                0x0000000008000804                __divdf3
 *fill*         0x00000000080009d4        0xc 
 .text          0x00000000080009e0      0x110 /Users/Daniel/Documents/Bachelor/Kode/rov-subside2015/arm/bin/../lib/gcc/arm-none-eabi/4.9.3/armv7e-m/fpu/libgcc.a(_arm_cmpdf2.o)
                0x00000000080009e0                __gtdf2
                0x00000000080009e0                __gedf2
                0x00000000080009e8                __ltdf2
                0x00000000080009e8                __ledf2
                0x00000000080009f0                __eqdf2
                0x00000000080009f0                __nedf2
                0x00000000080009f0                __cmpdf2
                0x0000000008000a6c                __aeabi_cdrcmple
                0x0000000008000a7c                __aeabi_cdcmple
                0x0000000008000a7c                __aeabi_cdcmpeq
                0x0000000008000a8c                __aeabi_dcmpeq
                0x0000000008000aa0                __aeabi_dcmplt
                0x0000000008000ab4                __aeabi_dcmple
                0x0000000008000ac8                __aeabi_dcmpge
                0x0000000008000adc                __aeabi_dcmpgt
 .text          0x0000000008000af0       0x50 /Users/Daniel/Documents/Bachelor/Kode/rov-subside2015/arm/bin/../lib/gcc/arm-none-eabi/4.9.3/armv7e-m/fpu/libgcc.a(_arm_fixdfsi.o)
                0x0000000008000af0                __fixdfsi
                0x0000000008000af0                __aeabi_d2iz
 *(.text.*)
 .text.__late_init
                0x0000000008000b40       0x10 build/obj/crt0.o
                0x0000000008000b40                __late_init
 .text._default_exit
                0x0000000008000b50       0x10 build/obj/crt0.o
                0x0000000008000b50                _default_exit
 .text.ResetHandler
                0x0000000008000b60      0x120 build/obj/crt0.o
                0x0000000008000b60                ResetHandler
 .text._unhandled_exception
                0x0000000008000c80       0x10 build/obj/vectors.o
                0x0000000008000c80                Vector174
                0x0000000008000c80                VectorE8
                0x0000000008000c80                Vector9C
                0x0000000008000c80                Vector1A0
                0x0000000008000c80                Vector5C
                0x0000000008000c80                NMIVector
                0x0000000008000c80                Vector11C
                0x0000000008000c80                Vector19C
                0x0000000008000c80                VectorDC
                0x0000000008000c80                Vector168
                0x0000000008000c80                Vector110
                0x0000000008000c80                VectorC8
                0x0000000008000c80                VectorA8
                0x0000000008000c80                VectorB4
                0x0000000008000c80                Vector160
                0x0000000008000c80                VectorEC
                0x0000000008000c80                UsageFaultVector
                0x0000000008000c80                DebugMonitorVector
                0x0000000008000c80                Vector40
                0x0000000008000c80                Vector108
                0x0000000008000c80                VectorBC
                0x0000000008000c80                Vector190
                0x0000000008000c80                Vector148
                0x0000000008000c80                Vector188
                0x0000000008000c80                PendSVVector
                0x0000000008000c80                Vector198
                0x0000000008000c80                Vector118
                0x0000000008000c80                Vector64
                0x0000000008000c80                VectorCC
                0x0000000008000c80                Vector54
                0x0000000008000c80                Vector138
                0x0000000008000c80                Vector24
                0x0000000008000c80                Vector178
                0x0000000008000c80                Vector1A4
                0x0000000008000c80                BusFaultVector
                0x0000000008000c80                VectorD0
                0x0000000008000c80                Vector140
                0x0000000008000c80                VectorE4
                0x0000000008000c80                VectorC0
                0x0000000008000c80                HardFaultVector
                0x0000000008000c80                Vector134
                0x0000000008000c80                Vector13C
                0x0000000008000c80                Vector100
                0x0000000008000c80                VectorE0
                0x0000000008000c80                VectorF4
                0x0000000008000c80                MemManageVector
                0x0000000008000c80                VectorA0
                0x0000000008000c80                VectorC4
                0x0000000008000c80                Vector180
                0x0000000008000c80                Vector114
                0x0000000008000c80                Vector164
                0x0000000008000c80                Vector60
                0x0000000008000c80                Vector1C
                0x0000000008000c80                Vector17C
                0x0000000008000c80                Vector48
                0x0000000008000c80                Vector1A8
                0x0000000008000c80                Vector16C
                0x0000000008000c80                VectorD4
                0x0000000008000c80                Vector4C
                0x0000000008000c80                Vector144
                0x0000000008000c80                Vector15C
                0x0000000008000c80                Vector68
                0x0000000008000c80                _unhandled_exception
                0x0000000008000c80                Vector170
                0x0000000008000c80                Vector104
                0x0000000008000c80                Vector184
                0x0000000008000c80                Vector10C
                0x0000000008000c80                Vector14C
                0x0000000008000c80                Vector50
                0x0000000008000c80                Vector194
                0x0000000008000c80                Vector44
                0x0000000008000c80                Vector28
                0x0000000008000c80                VectorB8
                0x0000000008000c80                Vector34
                0x0000000008000c80                Vector20
                0x0000000008000c80                Vector18C
                0x0000000008000c80                Vector58
 .text._port_switch_from_isr
                0x0000000008000c90       0x10 build/obj/chcore_v7m.o
                0x0000000008000c90                _port_switch_from_isr
 .text.SVCallVector
                0x0000000008000ca0       0x20 build/obj/chcore_v7m.o
                0x0000000008000ca0                SVCallVector
 .text._port_init
                0x0000000008000cc0       0x30 build/obj/chcore_v7m.o
                0x0000000008000cc0                _port_init
 .text._port_irq_epilogue
                0x0000000008000cf0       0x90 build/obj/chcore_v7m.o
                0x0000000008000cf0                _port_irq_epilogue
 .text.SysTickVector
                0x0000000008000d80       0x20 build/obj/chcore_v7m.o
                0x0000000008000d80                SysTickVector
 .text._port_switch
                0x0000000008000da0       0x20 build/obj/chcore_v7m.o
                0x0000000008000da0                _port_switch
 .text._port_thread_start
                0x0000000008000dc0       0x10 build/obj/chcore_v7m.o
                0x0000000008000dc0                _port_thread_start
 .text.nvicEnableVector
                0x0000000008000dd0       0x50 build/obj/nvic.o
                0x0000000008000dd0                nvicEnableVector
 .text.nvicSetSystemHandlerPriority
                0x0000000008000e20       0x30 build/obj/nvic.o
                0x0000000008000e20                nvicSetSystemHandlerPriority
 .text._idle_thread
                0x0000000008000e50       0x20 build/obj/chsys.o
                0x0000000008000e50                _idle_thread
 .text.chSysInit
                0x0000000008000e70       0x60 build/obj/chsys.o
                0x0000000008000e70                chSysInit
 .text.chSysTimerHandlerI
                0x0000000008000ed0       0x60 build/obj/chsys.o
                0x0000000008000ed0                chSysTimerHandlerI
 .text._vt_init
                0x0000000008000f30       0x20 build/obj/chvt.o
                0x0000000008000f30                _vt_init
 .text.chVTSetI
                0x0000000008000f50       0x40 build/obj/chvt.o
                0x0000000008000f50                chVTSetI
 .text.chVTResetI
                0x0000000008000f90       0x30 build/obj/chvt.o
                0x0000000008000f90                chVTResetI
 .text.wakeup   0x0000000008000fc0       0x70 build/obj/chschd.o
 .text._scheduler_init
                0x0000000008001030       0x20 build/obj/chschd.o
                0x0000000008001030                _scheduler_init
 .text.chSchReadyI
                0x0000000008001050       0x30 build/obj/chschd.o
                0x0000000008001050                chSchReadyI
 .text.chSchGoSleepS
                0x0000000008001080       0x30 build/obj/chschd.o
                0x0000000008001080                chSchGoSleepS
 .text.chSchGoSleepTimeoutS
                0x00000000080010b0       0x50 build/obj/chschd.o
                0x00000000080010b0                chSchGoSleepTimeoutS
 .text.chSchWakeupS
                0x0000000008001100       0x60 build/obj/chschd.o
                0x0000000008001100                chSchWakeupS
 .text.chSchDoRescheduleBehind
                0x0000000008001160       0x40 build/obj/chschd.o
                0x0000000008001160                chSchDoRescheduleBehind
 .text.chSchDoRescheduleAhead
                0x00000000080011a0       0x40 build/obj/chschd.o
                0x00000000080011a0                chSchDoRescheduleAhead
 .text.chSchDoReschedule
                0x00000000080011e0       0x20 build/obj/chschd.o
                0x00000000080011e0                chSchDoReschedule
 .text._thread_init
                0x0000000008001200       0x50 build/obj/chthreads.o
                0x0000000008001200                _thread_init
 .text.chThdCreateStatic
                0x0000000008001250       0x90 build/obj/chthreads.o
                0x0000000008001250                chThdCreateStatic
 .text.chThdSleep
                0x00000000080012e0       0x20 build/obj/chthreads.o
                0x00000000080012e0                chThdSleep
 .text.chThdExitS
                0x0000000008001300       0x40 build/obj/chthreads.o
                0x0000000008001300                chThdExitS
 .text.chThdExit
                0x0000000008001340       0x10 build/obj/chthreads.o
                0x0000000008001340                chThdExit
 .text.chSemInit
                0x0000000008001350       0x10 build/obj/chsem.o
                0x0000000008001350                chSemInit
 .text.chSemWaitTimeoutS
                0x0000000008001360       0x40 build/obj/chsem.o
                0x0000000008001360                chSemWaitTimeoutS
 .text.chSemSignalI
                0x00000000080013a0       0x20 build/obj/chsem.o
                0x00000000080013a0                chSemSignalI
 .text.chMtxInit
                0x00000000080013c0       0x10 build/obj/chmtx.o
                0x00000000080013c0                chMtxInit
 .text.chEvtSignalI
                0x00000000080013d0       0x30 build/obj/chevents.o
                0x00000000080013d0                chEvtSignalI
 .text.chEvtBroadcastFlagsI
                0x0000000008001400       0x20 build/obj/chevents.o
                0x0000000008001400                chEvtBroadcastFlagsI
 .text.qwait    0x0000000008001420       0x30 build/obj/chqueues.o
 .text.chIQInit
                0x0000000008001450       0x20 build/obj/chqueues.o
                0x0000000008001450                chIQInit
 .text.chIQPutI
                0x0000000008001470       0x50 build/obj/chqueues.o
                0x0000000008001470                chIQPutI
 .text.chIQGetTimeout
                0x00000000080014c0       0x50 build/obj/chqueues.o
                0x00000000080014c0                chIQGetTimeout
 .text.chIQReadTimeout
                0x0000000008001510       0x70 build/obj/chqueues.o
                0x0000000008001510                chIQReadTimeout
 .text.chOQInit
                0x0000000008001580       0x20 build/obj/chqueues.o
                0x0000000008001580                chOQInit
 .text.chOQPutTimeout
                0x00000000080015a0       0x60 build/obj/chqueues.o
                0x00000000080015a0                chOQPutTimeout
 .text.chOQGetI
                0x0000000008001600       0x50 build/obj/chqueues.o
                0x0000000008001600                chOQGetI
 .text.chOQWriteTimeout
                0x0000000008001650       0x90 build/obj/chqueues.o
                0x0000000008001650                chOQWriteTimeout
 .text._core_init
                0x00000000080016e0       0x30 build/obj/chmemcore.o
                0x00000000080016e0                _core_init
 .text.chCoreAlloc
                0x0000000008001710       0x40 build/obj/chmemcore.o
                0x0000000008001710                chCoreAlloc
 .text._heap_init
                0x0000000008001750       0x20 build/obj/chheap.o
                0x0000000008001750                _heap_init
 .text.halInit  0x0000000008001770       0x30 build/obj/hal.o
                0x0000000008001770                halInit
 .text.adcInit  0x00000000080017a0       0x10 build/obj/adc.o
                0x00000000080017a0                adcInit
 .text.adcObjectInit
                0x00000000080017b0       0x20 build/obj/adc.o
                0x00000000080017b0                adcObjectInit
 .text.canInit  0x00000000080017d0       0x10 build/obj/can.o
                0x00000000080017d0                canInit
 .text.canObjectInit
                0x00000000080017e0       0x40 build/obj/can.o
                0x00000000080017e0                canObjectInit
 .text.canStart
                0x0000000008001820       0x40 build/obj/can.o
                0x0000000008001820                canStart
 .text.canReceive
                0x0000000008001860       0x60 build/obj/can.o
                0x0000000008001860                canReceive
 .text.pwmInit  0x00000000080018c0       0x10 build/obj/pwm.o
                0x00000000080018c0                pwmInit
 .text.pwmObjectInit
                0x00000000080018d0       0x10 build/obj/pwm.o
                0x00000000080018d0                pwmObjectInit
 .text.pwmStart
                0x00000000080018e0       0x20 build/obj/pwm.o
                0x00000000080018e0                pwmStart
 .text.pwmEnableChannel
                0x0000000008001900       0x20 build/obj/pwm.o
                0x0000000008001900                pwmEnableChannel
 .text.readt    0x0000000008001920       0x10 build/obj/serial.o
 .text.read     0x0000000008001930       0x10 build/obj/serial.o
 .text.writet   0x0000000008001940       0x10 build/obj/serial.o
 .text.write    0x0000000008001950       0x10 build/obj/serial.o
 .text.gett     0x0000000008001960       0x10 build/obj/serial.o
 .text.get      0x0000000008001970       0x10 build/obj/serial.o
 .text.putt     0x0000000008001980       0x10 build/obj/serial.o
 .text.put      0x0000000008001990       0x10 build/obj/serial.o
 .text.sdInit   0x00000000080019a0       0x10 build/obj/serial.o
                0x00000000080019a0                sdInit
 .text.sdObjectInit
                0x00000000080019b0       0x40 build/obj/serial.o
                0x00000000080019b0                sdObjectInit
 .text.sdIncomingDataI
                0x00000000080019f0       0x40 build/obj/serial.o
                0x00000000080019f0                sdIncomingDataI
 .text.spiInit  0x0000000008001a30       0x10 build/obj/spi.o
                0x0000000008001a30                spiInit
 .text.spiObjectInit
                0x0000000008001a40       0x10 build/obj/spi.o
                0x0000000008001a40                spiObjectInit
 .text.Vector6C
                0x0000000008001a50       0x30 build/obj/stm32_dma.o
                0x0000000008001a50                Vector6C
 .text.Vector70
                0x0000000008001a80       0x30 build/obj/stm32_dma.o
                0x0000000008001a80                Vector70
 .text.Vector74
                0x0000000008001ab0       0x30 build/obj/stm32_dma.o
                0x0000000008001ab0                Vector74
 .text.Vector78
                0x0000000008001ae0       0x30 build/obj/stm32_dma.o
                0x0000000008001ae0                Vector78
 .text.Vector7C
                0x0000000008001b10       0x30 build/obj/stm32_dma.o
                0x0000000008001b10                Vector7C
 .text.Vector80
                0x0000000008001b40       0x30 build/obj/stm32_dma.o
                0x0000000008001b40                Vector80
 .text.Vector84
                0x0000000008001b70       0x30 build/obj/stm32_dma.o
                0x0000000008001b70                Vector84
 .text.VectorFC
                0x0000000008001ba0       0x30 build/obj/stm32_dma.o
                0x0000000008001ba0                VectorFC
 .text.Vector120
                0x0000000008001bd0       0x30 build/obj/stm32_dma.o
                0x0000000008001bd0                Vector120
 .text.Vector124
                0x0000000008001c00       0x30 build/obj/stm32_dma.o
                0x0000000008001c00                Vector124
 .text.Vector128
                0x0000000008001c30       0x30 build/obj/stm32_dma.o
                0x0000000008001c30                Vector128
 .text.Vector12C
                0x0000000008001c60       0x30 build/obj/stm32_dma.o
                0x0000000008001c60                Vector12C
 .text.Vector130
                0x0000000008001c90       0x30 build/obj/stm32_dma.o
                0x0000000008001c90                Vector130
 .text.Vector150
                0x0000000008001cc0       0x30 build/obj/stm32_dma.o
                0x0000000008001cc0                Vector150
 .text.Vector154
                0x0000000008001cf0       0x30 build/obj/stm32_dma.o
                0x0000000008001cf0                Vector154
 .text.Vector158
                0x0000000008001d20       0x30 build/obj/stm32_dma.o
                0x0000000008001d20                Vector158
 .text.dmaInit  0x0000000008001d50       0x50 build/obj/stm32_dma.o
                0x0000000008001d50                dmaInit
 .text.hal_lld_init
                0x0000000008001da0       0xa0 build/obj/hal_lld.o
                0x0000000008001da0                hal_lld_init
 .text.stm32_clock_init
                0x0000000008001e40       0xd0 build/obj/hal_lld.o
                0x0000000008001e40                stm32_clock_init
 .text.adc_lld_init
                0x0000000008001f10       0x40 build/obj/adc_lld.o
                0x0000000008001f10                adc_lld_init
 .text.adc_lld_stop_conversion
                0x0000000008001f50       0x30 build/obj/adc_lld.o
                0x0000000008001f50                adc_lld_stop_conversion
 .text.Vector88
                0x0000000008001f80       0x80 build/obj/adc_lld.o
                0x0000000008001f80                Vector88
 .text.can_lld_set_filters
                0x0000000008002000      0x120 build/obj/can_lld.o
 .text.Vector8C
                0x0000000008002120       0x50 build/obj/can_lld.o
                0x0000000008002120                Vector8C
 .text.Vector90
                0x0000000008002170       0x70 build/obj/can_lld.o
                0x0000000008002170                Vector90
 .text.Vector94
                0x00000000080021e0       0x70 build/obj/can_lld.o
                0x00000000080021e0                Vector94
 .text.Vector98
                0x0000000008002250       0x80 build/obj/can_lld.o
                0x0000000008002250                Vector98
 .text.can_lld_init
                0x00000000080022d0       0x30 build/obj/can_lld.o
                0x00000000080022d0                can_lld_init
 .text.can_lld_start
                0x0000000008002300       0x80 build/obj/can_lld.o
                0x0000000008002300                can_lld_start
 .text.can_lld_is_rx_nonempty
                0x0000000008002380       0x40 build/obj/can_lld.o
                0x0000000008002380                can_lld_is_rx_nonempty
 .text.can_lld_receive
                0x00000000080023c0       0xd0 build/obj/can_lld.o
                0x00000000080023c0                can_lld_receive
 .text._pal_lld_init
                0x0000000008002490      0x1d0 build/obj/pal_lld.o
                0x0000000008002490                _pal_lld_init
 .text._pal_lld_setgroupmode
                0x0000000008002660       0xb0 build/obj/pal_lld.o
                0x0000000008002660                _pal_lld_setgroupmode
 .text.spi_lld_init
                0x0000000008002710       0x50 build/obj/spi_lld.o
                0x0000000008002710                spi_lld_init
 .text.VectorA4
                0x0000000008002760       0x30 build/obj/pwm_lld.o
                0x0000000008002760                VectorA4
 .text.VectorAC
                0x0000000008002790       0x60 build/obj/pwm_lld.o
                0x0000000008002790                VectorAC
 .text.VectorB0
                0x00000000080027f0       0x70 build/obj/pwm_lld.o
                0x00000000080027f0                VectorB0
 .text.VectorF0
                0x0000000008002860       0x30 build/obj/pwm_lld.o
                0x0000000008002860                VectorF0
 .text.VectorF8
                0x0000000008002890       0x60 build/obj/pwm_lld.o
                0x0000000008002890                VectorF8
 .text.pwm_lld_init
                0x00000000080028f0       0x40 build/obj/pwm_lld.o
                0x00000000080028f0                pwm_lld_init
 .text.pwm_lld_start
                0x0000000008002930      0x1f0 build/obj/pwm_lld.o
                0x0000000008002930                pwm_lld_start
 .text.pwm_lld_enable_channel
                0x0000000008002b20       0x30 build/obj/pwm_lld.o
                0x0000000008002b20                pwm_lld_enable_channel
 .text.notify2  0x0000000008002b50       0x20 build/obj/serial_lld.o
 .text.VectorD8
                0x0000000008002b70      0x110 build/obj/serial_lld.o
                0x0000000008002b70                VectorD8
 .text.sd_lld_init
                0x0000000008002c80       0x20 build/obj/serial_lld.o
                0x0000000008002c80                sd_lld_init
 .text.__early_init
                0x0000000008002ca0       0x10 build/obj/board.o
                0x0000000008002ca0                __early_init
 .text.boardInit
                0x0000000008002cb0       0x10 build/obj/board.o
                0x0000000008002cb0                boardInit
 .text.thruster_thread
                0x0000000008002cc0      0x2a0 build/obj/thruster.o
                0x0000000008002cc0                thruster_thread
 .text.cos      0x0000000008002f60       0xa8 /Users/Daniel/Documents/Bachelor/Kode/rov-subside2015/arm/bin/../lib/gcc/arm-none-eabi/4.9.3/../../../../arm-none-eabi/lib/armv7e-m/fpu/libm.a(lib_a-s_cos.o)
                0x0000000008002f60                cos
 *fill*         0x0000000008003008        0x8 
 .text.atan2    0x0000000008003010        0x4 /Users/Daniel/Documents/Bachelor/Kode/rov-subside2015/arm/bin/../lib/gcc/arm-none-eabi/4.9.3/../../../../arm-none-eabi/lib/armv7e-m/fpu/libm.a(lib_a-w_atan2.o)
                0x0000000008003010                atan2
 *fill*         0x0000000008003014        0xc 
 .text.sqrt     0x0000000008003020       0xbc /Users/Daniel/Documents/Bachelor/Kode/rov-subside2015/arm/bin/../lib/gcc/arm-none-eabi/4.9.3/../../../../arm-none-eabi/lib/armv7e-m/fpu/libm.a(lib_a-w_sqrt.o)
                0x0000000008003020                sqrt
 *fill*         0x00000000080030dc        0x4 
 .text.__ieee754_atan2
                0x00000000080030e0      0x228 /Users/Daniel/Documents/Bachelor/Kode/rov-subside2015/arm/bin/../lib/gcc/arm-none-eabi/4.9.3/../../../../arm-none-eabi/lib/armv7e-m/fpu/libm.a(lib_a-e_atan2.o)
                0x00000000080030e0                __ieee754_atan2
 *fill*         0x0000000008003308        0x8 
 .text.__ieee754_rem_pio2
                0x0000000008003310      0x450 /Users/Daniel/Documents/Bachelor/Kode/rov-subside2015/arm/bin/../lib/gcc/arm-none-eabi/4.9.3/../../../../arm-none-eabi/lib/armv7e-m/fpu/libm.a(lib_a-e_rem_pio2.o)
                0x0000000008003310                __ieee754_rem_pio2
 .text.__ieee754_sqrt
                0x0000000008003760      0x1a8 /Users/Daniel/Documents/Bachelor/Kode/rov-subside2015/arm/bin/../lib/gcc/arm-none-eabi/4.9.3/../../../../arm-none-eabi/lib/armv7e-m/fpu/libm.a(lib_a-e_sqrt.o)
                0x0000000008003760                __ieee754_sqrt
 *fill*         0x0000000008003908        0x8 
 .text.__kernel_cos
                0x0000000008003910      0x280 /Users/Daniel/Documents/Bachelor/Kode/rov-subside2015/arm/bin/../lib/gcc/arm-none-eabi/4.9.3/../../../../arm-none-eabi/lib/armv7e-m/fpu/libm.a(lib_a-k_cos.o)
                0x0000000008003910                __kernel_cos
 .text.__kernel_rem_pio2
                0x0000000008003b90      0x7f8 /Users/Daniel/Documents/Bachelor/Kode/rov-subside2015/arm/bin/../lib/gcc/arm-none-eabi/4.9.3/../../../../arm-none-eabi/lib/armv7e-m/fpu/libm.a(lib_a-k_rem_pio2.o)
                0x0000000008003b90                __kernel_rem_pio2
 *fill*         0x0000000008004388        0x8 
 .text.__kernel_sin
                0x0000000008004390      0x190 /Users/Daniel/Documents/Bachelor/Kode/rov-subside2015/arm/bin/../lib/gcc/arm-none-eabi/4.9.3/../../../../arm-none-eabi/lib/armv7e-m/fpu/libm.a(lib_a-k_sin.o)
                0x0000000008004390                __kernel_sin
 .text.atan     0x0000000008004520      0x368 /Users/Daniel/Documents/Bachelor/Kode/rov-subside2015/arm/bin/../lib/gcc/arm-none-eabi/4.9.3/../../../../arm-none-eabi/lib/armv7e-m/fpu/libm.a(lib_a-s_atan.o)
                0x0000000008004520                atan
 *fill*         0x0000000008004888        0x8 
 .text.fabs     0x0000000008004890       0x10 /Users/Daniel/Documents/Bachelor/Kode/rov-subside2015/arm/bin/../lib/gcc/arm-none-eabi/4.9.3/../../../../arm-none-eabi/lib/armv7e-m/fpu/libm.a(lib_a-s_fabs.o)
                0x0000000008004890                fabs
 .text.floor    0x00000000080048a0      0x120 /Users/Daniel/Documents/Bachelor/Kode/rov-subside2015/arm/bin/../lib/gcc/arm-none-eabi/4.9.3/../../../../arm-none-eabi/lib/armv7e-m/fpu/libm.a(lib_a-s_floor.o)
                0x00000000080048a0                floor
 .text.__fpclassifyd
                0x00000000080049c0       0x5c /Users/Daniel/Documents/Bachelor/Kode/rov-subside2015/arm/bin/../lib/gcc/arm-none-eabi/4.9.3/../../../../arm-none-eabi/lib/armv7e-m/fpu/libm.a(lib_a-s_fpclassify.o)
                0x00000000080049c0                __fpclassifyd
 *fill*         0x0000000008004a1c        0x4 
 .text.matherr  0x0000000008004a20        0x4 /Users/Daniel/Documents/Bachelor/Kode/rov-subside2015/arm/bin/../lib/gcc/arm-none-eabi/4.9.3/../../../../arm-none-eabi/lib/armv7e-m/fpu/libm.a(lib_a-s_matherr.o)
                0x0000000008004a20                matherr
 *fill*         0x0000000008004a24        0xc 
 .text.scalbn   0x0000000008004a30      0x108 /Users/Daniel/Documents/Bachelor/Kode/rov-subside2015/arm/bin/../lib/gcc/arm-none-eabi/4.9.3/../../../../arm-none-eabi/lib/armv7e-m/fpu/libm.a(lib_a-s_scalbn.o)
                0x0000000008004a30                scalbn
 *fill*         0x0000000008004b38        0x8 
 .text.copysign
                0x0000000008004b40       0x1c /Users/Daniel/Documents/Bachelor/Kode/rov-subside2015/arm/bin/../lib/gcc/arm-none-eabi/4.9.3/../../../../arm-none-eabi/lib/armv7e-m/fpu/libm.a(lib_a-s_copysign.o)
                0x0000000008004b40                copysign
 *fill*         0x0000000008004b5c        0x4 
 .text.__errno  0x0000000008004b60        0xc /Users/Daniel/Documents/Bachelor/Kode/rov-subside2015/arm/bin/../lib/gcc/arm-none-eabi/4.9.3/../../../../arm-none-eabi/lib/armv7e-m/fpu/libg.a(lib_a-errno.o)
                0x0000000008004b60                __errno
 *(.rodata)
 *(.rodata.*)
 *fill*         0x0000000008004b6c        0x4 
 .rodata.str1.4
                0x0000000008004b70        0x5 build/obj/chsys.o
                                          0x8 (size before relaxing)
 *fill*         0x0000000008004b75        0xb 
 .rodata.ch_debug
                0x0000000008004b80       0x18 build/obj/chregistry.o
                0x0000000008004b80                ch_debug
 *fill*         0x0000000008004b98        0x8 
 .rodata.vmt    0x0000000008004ba0       0x20 build/obj/serial.o
 .rodata._stm32_dma_streams
                0x0000000008004bc0       0xc0 build/obj/stm32_dma.o
                0x0000000008004bc0                _stm32_dma_streams
 .rodata.pal_default_config
                0x0000000008004c80       0xfc build/obj/board.o
                0x0000000008004c80                pal_default_config
 *fill*         0x0000000008004d7c        0x4 
 .rodata.cancfg
                0x0000000008004d80        0x8 build/obj/main.o
 *fill*         0x0000000008004d88        0x8 
 .rodata.str1.4
                0x0000000008004d90        0x5 /Users/Daniel/Documents/Bachelor/Kode/rov-subside2015/arm/bin/../lib/gcc/arm-none-eabi/4.9.3/../../../../arm-none-eabi/lib/armv7e-m/fpu/libm.a(lib_a-w_sqrt.o)
                                          0x8 (size before relaxing)
 *fill*         0x0000000008004d95        0xb 
 .rodata.npio2_hw
                0x0000000008004da0       0x80 /Users/Daniel/Documents/Bachelor/Kode/rov-subside2015/arm/bin/../lib/gcc/arm-none-eabi/4.9.3/../../../../arm-none-eabi/lib/armv7e-m/fpu/libm.a(lib_a-e_rem_pio2.o)
 .rodata.two_over_pi
                0x0000000008004e20      0x108 /Users/Daniel/Documents/Bachelor/Kode/rov-subside2015/arm/bin/../lib/gcc/arm-none-eabi/4.9.3/../../../../arm-none-eabi/lib/armv7e-m/fpu/libm.a(lib_a-e_rem_pio2.o)
 *fill*         0x0000000008004f28        0x8 
 .rodata.init_jk
                0x0000000008004f30       0x10 /Users/Daniel/Documents/Bachelor/Kode/rov-subside2015/arm/bin/../lib/gcc/arm-none-eabi/4.9.3/../../../../arm-none-eabi/lib/armv7e-m/fpu/libm.a(lib_a-k_rem_pio2.o)
 .rodata.PIo2   0x0000000008004f40       0x40 /Users/Daniel/Documents/Bachelor/Kode/rov-subside2015/arm/bin/../lib/gcc/arm-none-eabi/4.9.3/../../../../arm-none-eabi/lib/armv7e-m/fpu/libm.a(lib_a-k_rem_pio2.o)
 .rodata.atanlo
                0x0000000008004f80       0x20 /Users/Daniel/Documents/Bachelor/Kode/rov-subside2015/arm/bin/../lib/gcc/arm-none-eabi/4.9.3/../../../../arm-none-eabi/lib/armv7e-m/fpu/libm.a(lib_a-s_atan.o)
 .rodata.atanhi
                0x0000000008004fa0       0x20 /Users/Daniel/Documents/Bachelor/Kode/rov-subside2015/arm/bin/../lib/gcc/arm-none-eabi/4.9.3/../../../../arm-none-eabi/lib/armv7e-m/fpu/libm.a(lib_a-s_atan.o)
 .rodata.str1.4
                0x0000000008004fc0        0x4 /Users/Daniel/Documents/Bachelor/Kode/rov-subside2015/arm/bin/../lib/gcc/arm-none-eabi/4.9.3/../../../../arm-none-eabi/lib/armv7e-m/fpu/libg.a(lib_a-impure.o)
 *(.glue_7t)
 .glue_7t       0x0000000000000000        0x0 linker stubs
 *(.glue_7)
 .glue_7        0x0000000000000000        0x0 linker stubs
 *(.gcc*)

.vfp11_veneer   0x0000000008004fc4        0x0
 .vfp11_veneer  0x0000000000000000        0x0 linker stubs

.v4_bx          0x0000000008004fc4        0x0
 .v4_bx         0x0000000000000000        0x0 linker stubs

.iplt           0x0000000008004fc4        0x0
 .iplt          0x0000000000000000        0x0 build/obj/crt0.o

.rel.dyn        0x0000000008004fc4        0x0
 .rel.iplt      0x0000000000000000        0x0 build/obj/crt0.o

.ARM.extab
 *(.ARM.extab* .gnu.linkonce.armextab.*)

.ARM.exidx      0x0000000008004fc4        0x0
                0x0000000008004fc4                PROVIDE (__exidx_start, .)
 *(.ARM.exidx* .gnu.linkonce.armexidx.*)
                0x0000000008004fc4                PROVIDE (__exidx_end, .)

.eh_frame_hdr
 *(.eh_frame_hdr)

.eh_frame
 *(.eh_frame)

.textalign      0x0000000008004fc4        0x4
                0x0000000008004fc8                . = ALIGN (0x8)
 *fill*         0x0000000008004fc4        0x4 
                0x0000000008004fc8                . = ALIGN (0x4)
                0x0000000008004fc8                _etext = .
                0x0000000008004fc8                _textdata = _etext

.stacks         0x0000000020000000      0x800
                0x0000000020000000                . = ALIGN (0x8)
                0x0000000020000000                __main_stack_base__ = .
                0x0000000020000400                . = (. + __main_stack_size__)
 *fill*         0x0000000020000000      0x400 
                0x0000000020000400                . = ALIGN (0x8)
                0x0000000020000400                __main_stack_end__ = .
                0x0000000020000400                __process_stack_base__ = .
                0x0000000020000400                __main_thread_stack_base__ = .
                0x0000000020000800                . = (. + __process_stack_size__)
 *fill*         0x0000000020000400      0x400 
                0x0000000020000800                . = ALIGN (0x8)
                0x0000000020000800                __process_stack_end__ = .
                0x0000000020000800                __main_thread_stack_end__ = .

.data           0x0000000020000800      0x46c load address 0x0000000008004fc8
                0x0000000020000800                . = ALIGN (0x4)
                0x0000000020000800                PROVIDE (_data, .)
 *(.data)
 *(.data.*)
 .data.pwmcfg   0x0000000020000800       0x38 build/obj/main.o
 .data.__fdlib_version
                0x0000000020000838        0x1 /Users/Daniel/Documents/Bachelor/Kode/rov-subside2015/arm/bin/../lib/gcc/arm-none-eabi/4.9.3/../../../../arm-none-eabi/lib/armv7e-m/fpu/libm.a(lib_a-s_lib_ver.o)
                0x0000000020000838                __fdlib_version
 *fill*         0x0000000020000839        0x7 
 .data.impure_data
                0x0000000020000840      0x428 /Users/Daniel/Documents/Bachelor/Kode/rov-subside2015/arm/bin/../lib/gcc/arm-none-eabi/4.9.3/../../../../arm-none-eabi/lib/armv7e-m/fpu/libg.a(lib_a-impure.o)
 .data._impure_ptr
                0x0000000020000c68        0x4 /Users/Daniel/Documents/Bachelor/Kode/rov-subside2015/arm/bin/../lib/gcc/arm-none-eabi/4.9.3/../../../../arm-none-eabi/lib/armv7e-m/fpu/libg.a(lib_a-impure.o)
                0x0000000020000c68                _impure_ptr
 *(.ramtext)
                0x0000000020000c6c                . = ALIGN (0x4)
                0x0000000020000c6c                PROVIDE (_edata, .)

.igot.plt       0x0000000020000c6c        0x0 load address 0x0000000008005434
 .igot.plt      0x0000000000000000        0x0 build/obj/crt0.o

.bss            0x0000000020000c6c      0x63c
                0x0000000020000c6c                . = ALIGN (0x4)
                0x0000000020000c6c                PROVIDE (_bss_start, .)
 *(.bss)
 *(.bss.*)
 .bss.mainthread.4846
                0x0000000020000c6c       0x48 build/obj/chsys.o
 *fill*         0x0000000020000cb4        0x4 
 .bss._idle_thread_wa
                0x0000000020000cb8      0x168 build/obj/chsys.o
                0x0000000020000cb8                _idle_thread_wa
 .bss.vtlist    0x0000000020000e20       0x10 build/obj/chvt.o
                0x0000000020000e20                vtlist
 .bss.rlist     0x0000000020000e30       0x1c build/obj/chschd.o
                0x0000000020000e30                rlist
 .bss.endmem    0x0000000020000e4c        0x4 build/obj/chmemcore.o
 .bss.nextmem   0x0000000020000e50        0x4 build/obj/chmemcore.o
 *fill*         0x0000000020000e54        0x4 
 .bss.default_heap
                0x0000000020000e58       0x20 build/obj/chheap.o
 .bss.dma_isr_redir
                0x0000000020000e78       0x80 build/obj/stm32_dma.o
 .bss.dma_streams_mask
                0x0000000020000ef8        0x4 build/obj/stm32_dma.o
 .bss.ADCD1     0x0000000020000efc       0x34 build/obj/adc_lld.o
                0x0000000020000efc                ADCD1
 .bss.CAND1     0x0000000020000f30       0x38 build/obj/can_lld.o
                0x0000000020000f30                CAND1
 .bss.dummytx   0x0000000020000f68        0x2 build/obj/spi_lld.o
 *fill*         0x0000000020000f6a        0x2 
 .bss.SPID2     0x0000000020000f6c       0x30 build/obj/spi_lld.o
                0x0000000020000f6c                SPID2
 .bss.PWMD1     0x0000000020000f9c       0x14 build/obj/pwm_lld.o
                0x0000000020000f9c                PWMD1
 .bss.PWMD2     0x0000000020000fb0       0x14 build/obj/pwm_lld.o
                0x0000000020000fb0                PWMD2
 .bss.PWMD8     0x0000000020000fc4       0x14 build/obj/pwm_lld.o
                0x0000000020000fc4                PWMD8
 .bss.SD2       0x0000000020000fd8       0x78 build/obj/serial_lld.o
                0x0000000020000fd8                SD2
 .bss.wa_thruster
                0x0000000020001050      0x258 build/obj/thruster.o
                0x0000000020001050                wa_thruster
 *(COMMON)
                0x00000000200012a8                . = ALIGN (0x4)
                0x00000000200012a8                PROVIDE (_bss_end, .)
                0x00000000200012a8                PROVIDE (end, .)
                0x00000000200012a8                _end = .
                0x00000000200012a8                __heap_base__ = _end
                0x000000002001c000                __heap_end__ = __ram_end__
LOAD /Users/Daniel/Documents/Bachelor/Kode/rov-subside2015/arm/bin/../lib/gcc/arm-none-eabi/4.9.3/../../../../arm-none-eabi/lib/armv7e-m/fpu/libm.a
START GROUP
LOAD /Users/Daniel/Documents/Bachelor/Kode/rov-subside2015/arm/bin/../lib/gcc/arm-none-eabi/4.9.3/armv7e-m/fpu/libgcc.a
LOAD /Users/Daniel/Documents/Bachelor/Kode/rov-subside2015/arm/bin/../lib/gcc/arm-none-eabi/4.9.3/../../../../arm-none-eabi/lib/armv7e-m/fpu/libg.a
LOAD /Users/Daniel/Documents/Bachelor/Kode/rov-subside2015/arm/bin/../lib/gcc/arm-none-eabi/4.9.3/../../../../arm-none-eabi/lib/armv7e-m/fpu/libc.a
END GROUP
OUTPUT(build/ch.elf elf32-littlearm)

.debug_info     0x0000000000000000    0x14f47
 .debug_info    0x0000000000000000      0x2b6 build/obj/crt0.o
 .debug_info    0x00000000000002b6      0x1cd build/obj/vectors.o
 .debug_info    0x0000000000000483      0xa32 build/obj/chcore_v7m.o
 .debug_info    0x0000000000000eb5      0x406 build/obj/nvic.o
 .debug_info    0x00000000000012bb      0x8f8 build/obj/chsys.o
 .debug_info    0x0000000000001bb3      0x203 build/obj/chvt.o
 .debug_info    0x0000000000001db6      0xab4 build/obj/chschd.o
 .debug_info    0x000000000000286a      0xcc2 build/obj/chthreads.o
 .debug_info    0x000000000000352c      0x6f9 build/obj/chregistry.o
 .debug_info    0x0000000000003c25      0xc1a build/obj/chsem.o
 .debug_info    0x000000000000483f      0xac4 build/obj/chmtx.o
 .debug_info    0x0000000000005303      0xe65 build/obj/chevents.o
 .debug_info    0x0000000000006168      0xc83 build/obj/chqueues.o
 .debug_info    0x0000000000006deb      0x21f build/obj/chmemcore.o
 .debug_info    0x000000000000700a      0x7ca build/obj/chheap.o
 .debug_info    0x00000000000077d4      0x3d5 build/obj/hal.o
 .debug_info    0x0000000000007ba9      0xed1 build/obj/adc.o
 .debug_info    0x0000000000008a7a     0x1107 build/obj/can.o
 .debug_info    0x0000000000009b81      0x692 build/obj/pwm.o
 .debug_info    0x000000000000a213     0x108e build/obj/serial.o
 .debug_info    0x000000000000b2a1     0x119b build/obj/spi.o
 .debug_info    0x000000000000c43c      0xa7f build/obj/stm32_dma.o
 .debug_info    0x000000000000cebb      0x491 build/obj/hal_lld.o
 .debug_info    0x000000000000d34c     0x1192 build/obj/adc_lld.o
 .debug_info    0x000000000000e4de     0x162f build/obj/can_lld.o
 .debug_info    0x000000000000fb0d      0x6fc build/obj/pal_lld.o
 .debug_info    0x0000000000010209      0xea4 build/obj/spi_lld.o
 .debug_info    0x00000000000110ad      0xa1d build/obj/pwm_lld.o
 .debug_info    0x0000000000011aca      0xff2 build/obj/serial_lld.o
 .debug_info    0x0000000000012abc      0x1f4 build/obj/board.o
 .debug_info    0x0000000000012cb0      0xedf build/obj/main.o
 .debug_info    0x0000000000013b8f     0x13b8 build/obj/thruster.o

.debug_abbrev   0x0000000000000000     0x487e
 .debug_abbrev  0x0000000000000000       0xee build/obj/crt0.o
 .debug_abbrev  0x00000000000000ee       0xaf build/obj/vectors.o
 .debug_abbrev  0x000000000000019d      0x225 build/obj/chcore_v7m.o
 .debug_abbrev  0x00000000000003c2      0x10e build/obj/nvic.o
 .debug_abbrev  0x00000000000004d0      0x20e build/obj/chsys.o
 .debug_abbrev  0x00000000000006de      0x117 build/obj/chvt.o
 .debug_abbrev  0x00000000000007f5      0x317 build/obj/chschd.o
 .debug_abbrev  0x0000000000000b0c      0x34f build/obj/chthreads.o
 .debug_abbrev  0x0000000000000e5b      0x187 build/obj/chregistry.o
 .debug_abbrev  0x0000000000000fe2      0x34b build/obj/chsem.o
 .debug_abbrev  0x000000000000132d      0x303 build/obj/chmtx.o
 .debug_abbrev  0x0000000000001630      0x2ef build/obj/chevents.o
 .debug_abbrev  0x000000000000191f      0x34a build/obj/chqueues.o
 .debug_abbrev  0x0000000000001c69      0x15b build/obj/chmemcore.o
 .debug_abbrev  0x0000000000001dc4      0x1e7 build/obj/chheap.o
 .debug_abbrev  0x0000000000001fab      0x1ca build/obj/hal.o
 .debug_abbrev  0x0000000000002175      0x304 build/obj/adc.o
 .debug_abbrev  0x0000000000002479      0x2ef build/obj/can.o
 .debug_abbrev  0x0000000000002768      0x19c build/obj/pwm.o
 .debug_abbrev  0x0000000000002904      0x2b9 build/obj/serial.o
 .debug_abbrev  0x0000000000002bbd      0x276 build/obj/spi.o
 .debug_abbrev  0x0000000000002e33      0x21f build/obj/stm32_dma.o
 .debug_abbrev  0x0000000000003052      0x12b build/obj/hal_lld.o
 .debug_abbrev  0x000000000000317d      0x324 build/obj/adc_lld.o
 .debug_abbrev  0x00000000000034a1      0x3d7 build/obj/can_lld.o
 .debug_abbrev  0x0000000000003878      0x1aa build/obj/pal_lld.o
 .debug_abbrev  0x0000000000003a22      0x304 build/obj/spi_lld.o
 .debug_abbrev  0x0000000000003d26      0x25a build/obj/pwm_lld.o
 .debug_abbrev  0x0000000000003f80      0x30e build/obj/serial_lld.o
 .debug_abbrev  0x000000000000428e       0xe3 build/obj/board.o
 .debug_abbrev  0x0000000000004371      0x231 build/obj/main.o
 .debug_abbrev  0x00000000000045a2      0x2dc build/obj/thruster.o

.debug_loc      0x0000000000000000     0x49b0
 .debug_loc     0x0000000000000000       0xda build/obj/crt0.o
 .debug_loc     0x00000000000000da       0x5e build/obj/chcore_v7m.o
 .debug_loc     0x0000000000000138      0x158 build/obj/nvic.o
 .debug_loc     0x0000000000000290       0x31 build/obj/chsys.o
 .debug_loc     0x00000000000002c1       0x67 build/obj/chvt.o
 .debug_loc     0x0000000000000328      0x314 build/obj/chschd.o
 .debug_loc     0x000000000000063c      0x41f build/obj/chthreads.o
 .debug_loc     0x0000000000000a5b       0x3f build/obj/chregistry.o
 .debug_loc     0x0000000000000a9a      0x548 build/obj/chsem.o
 .debug_loc     0x0000000000000fe2      0x404 build/obj/chmtx.o
 .debug_loc     0x00000000000013e6      0x5cd build/obj/chevents.o
 .debug_loc     0x00000000000019b3      0x679 build/obj/chqueues.o
 .debug_loc     0x000000000000202c       0xb0 build/obj/chmemcore.o
 .debug_loc     0x00000000000020dc      0x3a1 build/obj/chheap.o
 .debug_loc     0x000000000000247d       0x87 build/obj/hal.o
 .debug_loc     0x0000000000002504      0x3e6 build/obj/adc.o
 .debug_loc     0x00000000000028ea      0x222 build/obj/can.o
 .debug_loc     0x0000000000002b0c      0x102 build/obj/pwm.o
 .debug_loc     0x0000000000002c0e      0x4e4 build/obj/serial.o
 .debug_loc     0x00000000000030f2      0x468 build/obj/spi.o
 .debug_loc     0x000000000000355a      0x276 build/obj/stm32_dma.o
 .debug_loc     0x00000000000037d0      0x306 build/obj/adc_lld.o
 .debug_loc     0x0000000000003ad6      0x4fc build/obj/can_lld.o
 .debug_loc     0x0000000000003fd2      0x129 build/obj/pal_lld.o
 .debug_loc     0x00000000000040fb      0x254 build/obj/spi_lld.o
 .debug_loc     0x000000000000434f      0x267 build/obj/pwm_lld.o
 .debug_loc     0x00000000000045b6      0x226 build/obj/serial_lld.o
 .debug_loc     0x00000000000047dc      0x1d4 build/obj/thruster.o

.debug_aranges  0x0000000000000000      0xa80
 .debug_aranges
                0x0000000000000000       0x38 build/obj/crt0.o
 .debug_aranges
                0x0000000000000038       0x20 build/obj/vectors.o
 .debug_aranges
                0x0000000000000058       0x50 build/obj/chcore_v7m.o
 .debug_aranges
                0x00000000000000a8       0x30 build/obj/nvic.o
 .debug_aranges
                0x00000000000000d8       0x30 build/obj/chsys.o
 .debug_aranges
                0x0000000000000108       0x30 build/obj/chvt.o
 .debug_aranges
                0x0000000000000138       0x68 build/obj/chschd.o
 .debug_aranges
                0x00000000000001a0       0x78 build/obj/chthreads.o
 .debug_aranges
                0x0000000000000218       0x28 build/obj/chregistry.o
 .debug_aranges
                0x0000000000000240       0x70 build/obj/chsem.o
 .debug_aranges
                0x00000000000002b0       0x58 build/obj/chmtx.o
 .debug_aranges
                0x0000000000000308       0xa0 build/obj/chevents.o
 .debug_aranges
                0x00000000000003a8       0x70 build/obj/chqueues.o
 .debug_aranges
                0x0000000000000418       0x38 build/obj/chmemcore.o
 .debug_aranges
                0x0000000000000450       0x40 build/obj/chheap.o
 .debug_aranges
                0x0000000000000490       0x30 build/obj/hal.o
 .debug_aranges
                0x00000000000004c0       0x70 build/obj/adc.o
 .debug_aranges
                0x0000000000000530       0x58 build/obj/can.o
 .debug_aranges
                0x0000000000000588       0x50 build/obj/pwm.o
 .debug_aranges
                0x00000000000005d8       0x88 build/obj/serial.o
 .debug_aranges
                0x0000000000000660       0x98 build/obj/spi.o
 .debug_aranges
                0x00000000000006f8       0xb0 build/obj/stm32_dma.o
 .debug_aranges
                0x00000000000007a8       0x28 build/obj/hal_lld.o
 .debug_aranges
                0x00000000000007d0       0x70 build/obj/adc_lld.o
 .debug_aranges
                0x0000000000000840       0x90 build/obj/can_lld.o
 .debug_aranges
                0x00000000000008d0       0x28 build/obj/pal_lld.o
 .debug_aranges
                0x00000000000008f8       0x78 build/obj/spi_lld.o
 .debug_aranges
                0x0000000000000970       0x68 build/obj/pwm_lld.o
 .debug_aranges
                0x00000000000009d8       0x40 build/obj/serial_lld.o
 .debug_aranges
                0x0000000000000a18       0x28 build/obj/board.o
 .debug_aranges
                0x0000000000000a40       0x20 build/obj/main.o
 .debug_aranges
                0x0000000000000a60       0x20 build/obj/thruster.o

.debug_ranges   0x0000000000000000     0x1200
 .debug_ranges  0x0000000000000000       0x58 build/obj/crt0.o
 .debug_ranges  0x0000000000000058       0x10 build/obj/vectors.o
 .debug_ranges  0x0000000000000068       0x58 build/obj/chcore_v7m.o
 .debug_ranges  0x00000000000000c0       0x20 build/obj/nvic.o
 .debug_ranges  0x00000000000000e0       0x38 build/obj/chsys.o
 .debug_ranges  0x0000000000000118       0x20 build/obj/chvt.o
 .debug_ranges  0x0000000000000138      0x1a8 build/obj/chschd.o
 .debug_ranges  0x00000000000002e0      0x128 build/obj/chthreads.o
 .debug_ranges  0x0000000000000408       0x18 build/obj/chregistry.o
 .debug_ranges  0x0000000000000420      0x168 build/obj/chsem.o
 .debug_ranges  0x0000000000000588      0x190 build/obj/chmtx.o
 .debug_ranges  0x0000000000000718       0xc0 build/obj/chevents.o
 .debug_ranges  0x00000000000007d8       0xd0 build/obj/chqueues.o
 .debug_ranges  0x00000000000008a8       0x28 build/obj/chmemcore.o
 .debug_ranges  0x00000000000008d0       0x30 build/obj/chheap.o
 .debug_ranges  0x0000000000000900       0x20 build/obj/hal.o
 .debug_ranges  0x0000000000000920       0xf0 build/obj/adc.o
 .debug_ranges  0x0000000000000a10       0xd8 build/obj/can.o
 .debug_ranges  0x0000000000000ae8       0x70 build/obj/pwm.o
 .debug_ranges  0x0000000000000b58       0xa8 build/obj/serial.o
 .debug_ranges  0x0000000000000c00      0x100 build/obj/spi.o
 .debug_ranges  0x0000000000000d00       0xa0 build/obj/stm32_dma.o
 .debug_ranges  0x0000000000000da0       0x30 build/obj/hal_lld.o
 .debug_ranges  0x0000000000000dd0       0x78 build/obj/adc_lld.o
 .debug_ranges  0x0000000000000e48       0xc8 build/obj/can_lld.o
 .debug_ranges  0x0000000000000f10      0x120 build/obj/pal_lld.o
 .debug_ranges  0x0000000000001030       0x68 build/obj/spi_lld.o
 .debug_ranges  0x0000000000001098       0x70 build/obj/pwm_lld.o
 .debug_ranges  0x0000000000001108       0xa8 build/obj/serial_lld.o
 .debug_ranges  0x00000000000011b0       0x18 build/obj/board.o
 .debug_ranges  0x00000000000011c8       0x10 build/obj/main.o
 .debug_ranges  0x00000000000011d8       0x28 build/obj/thruster.o

.debug_line     0x0000000000000000     0x6475
 .debug_line    0x0000000000000000      0x195 build/obj/crt0.o
 .debug_line    0x0000000000000195      0x12f build/obj/vectors.o
 .debug_line    0x00000000000002c4      0x25a build/obj/chcore_v7m.o
 .debug_line    0x000000000000051e      0x164 build/obj/nvic.o
 .debug_line    0x0000000000000682      0x284 build/obj/chsys.o
 .debug_line    0x0000000000000906      0x1a7 build/obj/chvt.o
 .debug_line    0x0000000000000aad      0x3be build/obj/chschd.o
 .debug_line    0x0000000000000e6b      0x435 build/obj/chthreads.o
 .debug_line    0x00000000000012a0      0x24e build/obj/chregistry.o
 .debug_line    0x00000000000014ee      0x380 build/obj/chsem.o
 .debug_line    0x000000000000186e      0x380 build/obj/chmtx.o
 .debug_line    0x0000000000001bee      0x366 build/obj/chevents.o
 .debug_line    0x0000000000001f54      0x3da build/obj/chqueues.o
 .debug_line    0x000000000000232e      0x1d4 build/obj/chmemcore.o
 .debug_line    0x0000000000002502      0x2f3 build/obj/chheap.o
 .debug_line    0x00000000000027f5      0x2db build/obj/hal.o
 .debug_line    0x0000000000002ad0      0x3d3 build/obj/adc.o
 .debug_line    0x0000000000002ea3      0x349 build/obj/can.o
 .debug_line    0x00000000000031ec      0x231 build/obj/pwm.o
 .debug_line    0x000000000000341d      0x3f7 build/obj/serial.o
 .debug_line    0x0000000000003814      0x442 build/obj/spi.o
 .debug_line    0x0000000000003c56      0x418 build/obj/stm32_dma.o
 .debug_line    0x000000000000406e      0x235 build/obj/hal_lld.o
 .debug_line    0x00000000000042a3      0x4cd build/obj/adc_lld.o
 .debug_line    0x0000000000004770      0x4d6 build/obj/can_lld.o
 .debug_line    0x0000000000004c46      0x240 build/obj/pal_lld.o
 .debug_line    0x0000000000004e86      0x4c5 build/obj/spi_lld.o
 .debug_line    0x000000000000534b      0x3e1 build/obj/pwm_lld.o
 .debug_line    0x000000000000572c      0x3c8 build/obj/serial_lld.o
 .debug_line    0x0000000000005af4      0x1da build/obj/board.o
 .debug_line    0x0000000000005cce      0x384 build/obj/main.o
 .debug_line    0x0000000000006052      0x423 build/obj/thruster.o

.debug_str      0x0000000000000000     0x2bcd
 .debug_str     0x0000000000000000      0x2f9 build/obj/crt0.o
                                        0x33e (size before relaxing)
 .debug_str     0x00000000000002f9      0x149 build/obj/vectors.o
                                        0x35f (size before relaxing)
 .debug_str     0x0000000000000442      0x326 build/obj/chcore_v7m.o
                                        0x551 (size before relaxing)
 .debug_str     0x0000000000000768       0x9a build/obj/nvic.o
                                        0x331 (size before relaxing)
 .debug_str     0x0000000000000802      0x20d build/obj/chsys.o
                                        0x609 (size before relaxing)
 .debug_str     0x0000000000000a0f       0x3a build/obj/chvt.o
                                        0x2b2 (size before relaxing)
 .debug_str     0x0000000000000a49       0xd2 build/obj/chschd.o
                                        0x528 (size before relaxing)
 .debug_str     0x0000000000000b1b       0xd7 build/obj/chthreads.o
                                        0x593 (size before relaxing)
 .debug_str     0x0000000000000bf2       0x46 build/obj/chregistry.o
                                        0x521 (size before relaxing)
 .debug_str     0x0000000000000c38       0xcc build/obj/chsem.o
                                        0x50c (size before relaxing)
 .debug_str     0x0000000000000d04       0x95 build/obj/chmtx.o
                                        0x4ad (size before relaxing)
 .debug_str     0x0000000000000d99      0x1bd build/obj/chevents.o
                                        0x5d1 (size before relaxing)
 .debug_str     0x0000000000000f56      0x11d build/obj/chqueues.o
                                        0x538 (size before relaxing)
 .debug_str     0x0000000000001073       0x74 build/obj/chmemcore.o
                                        0x2a7 (size before relaxing)
 .debug_str     0x00000000000010e7       0xb7 build/obj/chheap.o
                                        0x49c (size before relaxing)
 .debug_str     0x000000000000119e      0x18a build/obj/hal.o
                                        0x3bb (size before relaxing)
 .debug_str     0x0000000000001328      0x2fd build/obj/adc.o
                                        0x762 (size before relaxing)
 .debug_str     0x0000000000001625      0x2d5 build/obj/can.o
                                        0x778 (size before relaxing)
 .debug_str     0x00000000000018fa      0x1b6 build/obj/pwm.o
                                        0x430 (size before relaxing)
 .debug_str     0x0000000000001ab0      0x131 build/obj/serial.o
                                        0x6b0 (size before relaxing)
 .debug_str     0x0000000000001be1      0x27f build/obj/spi.o
                                        0x769 (size before relaxing)
 .debug_str     0x0000000000001e60      0x744 build/obj/stm32_dma.o
                                        0xa7d (size before relaxing)
 .debug_str     0x00000000000025a4       0xc2 build/obj/hal_lld.o
                                        0x45b (size before relaxing)
 .debug_str     0x0000000000002666       0xd2 build/obj/adc_lld.o
                                        0xd98 (size before relaxing)
 .debug_str     0x0000000000002738      0x122 build/obj/can_lld.o
                                        0x91c (size before relaxing)
 .debug_str     0x000000000000285a       0x7b build/obj/pal_lld.o
                                        0x4b9 (size before relaxing)
 .debug_str     0x00000000000028d5       0xa5 build/obj/spi_lld.o
                                        0x809 (size before relaxing)
 .debug_str     0x000000000000297a       0x8d build/obj/pwm_lld.o
                                        0x59b (size before relaxing)
 .debug_str     0x0000000000002a07       0x69 build/obj/serial_lld.o
                                        0x756 (size before relaxing)
 .debug_str     0x0000000000002a70       0x2e build/obj/board.o
                                        0x313 (size before relaxing)
 .debug_str     0x0000000000002a9e       0x21 build/obj/main.o
                                        0x7c8 (size before relaxing)
 .debug_str     0x0000000000002abf      0x10e build/obj/thruster.o
                                        0x8bc (size before relaxing)

.comment        0x0000000000000000       0x70
 .comment       0x0000000000000000       0x70 build/obj/crt0.o
                                         0x71 (size before relaxing)
 .comment       0x0000000000000000       0x71 build/obj/vectors.o
 .comment       0x0000000000000000       0x71 build/obj/chcore_v7m.o
 .comment       0x0000000000000000       0x71 build/obj/nvic.o
 .comment       0x0000000000000000       0x71 build/obj/chsys.o
 .comment       0x0000000000000000       0x71 build/obj/chvt.o
 .comment       0x0000000000000000       0x71 build/obj/chschd.o
 .comment       0x0000000000000000       0x71 build/obj/chthreads.o
 .comment       0x0000000000000000       0x71 build/obj/chregistry.o
 .comment       0x0000000000000000       0x71 build/obj/chsem.o
 .comment       0x0000000000000000       0x71 build/obj/chmtx.o
 .comment       0x0000000000000000       0x71 build/obj/chevents.o
 .comment       0x0000000000000000       0x71 build/obj/chqueues.o
 .comment       0x0000000000000000       0x71 build/obj/chmemcore.o
 .comment       0x0000000000000000       0x71 build/obj/chheap.o
 .comment       0x0000000000000000       0x71 build/obj/hal.o
 .comment       0x0000000000000000       0x71 build/obj/adc.o
 .comment       0x0000000000000000       0x71 build/obj/can.o
 .comment       0x0000000000000000       0x71 build/obj/pwm.o
 .comment       0x0000000000000000       0x71 build/obj/serial.o
 .comment       0x0000000000000000       0x71 build/obj/spi.o
 .comment       0x0000000000000000       0x71 build/obj/stm32_dma.o
 .comment       0x0000000000000000       0x71 build/obj/hal_lld.o
 .comment       0x0000000000000000       0x71 build/obj/adc_lld.o
 .comment       0x0000000000000000       0x71 build/obj/can_lld.o
 .comment       0x0000000000000000       0x71 build/obj/pal_lld.o
 .comment       0x0000000000000000       0x71 build/obj/spi_lld.o
 .comment       0x0000000000000000       0x71 build/obj/pwm_lld.o
 .comment       0x0000000000000000       0x71 build/obj/serial_lld.o
 .comment       0x0000000000000000       0x71 build/obj/board.o
 .comment       0x0000000000000000       0x71 build/obj/main.o
 .comment       0x0000000000000000       0x71 build/obj/thruster.o

.ARM.attributes
                0x0000000000000000       0x39
 .ARM.attributes
                0x0000000000000000       0x39 build/obj/crt0.o
 .ARM.attributes
                0x0000000000000039       0x39 build/obj/vectors.o
 .ARM.attributes
                0x0000000000000072       0x39 build/obj/chcore_v7m.o
 .ARM.attributes
                0x00000000000000ab       0x39 build/obj/nvic.o
 .ARM.attributes
                0x00000000000000e4       0x39 build/obj/chsys.o
 .ARM.attributes
                0x000000000000011d       0x39 build/obj/chvt.o
 .ARM.attributes
                0x0000000000000156       0x39 build/obj/chschd.o
 .ARM.attributes
                0x000000000000018f       0x39 build/obj/chthreads.o
 .ARM.attributes
                0x00000000000001c8       0x39 build/obj/chregistry.o
 .ARM.attributes
                0x0000000000000201       0x39 build/obj/chsem.o
 .ARM.attributes
                0x000000000000023a       0x39 build/obj/chmtx.o
 .ARM.attributes
                0x0000000000000273       0x39 build/obj/chevents.o
 .ARM.attributes
                0x00000000000002ac       0x39 build/obj/chqueues.o
 .ARM.attributes
                0x00000000000002e5       0x39 build/obj/chmemcore.o
 .ARM.attributes
                0x000000000000031e       0x39 build/obj/chheap.o
 .ARM.attributes
                0x0000000000000357       0x39 build/obj/hal.o
 .ARM.attributes
                0x0000000000000390       0x39 build/obj/adc.o
 .ARM.attributes
                0x00000000000003c9       0x39 build/obj/can.o
 .ARM.attributes
                0x0000000000000402       0x39 build/obj/pwm.o
 .ARM.attributes
                0x000000000000043b       0x39 build/obj/serial.o
 .ARM.attributes
                0x0000000000000474       0x39 build/obj/spi.o
 .ARM.attributes
                0x00000000000004ad       0x39 build/obj/stm32_dma.o
 .ARM.attributes
                0x00000000000004e6       0x39 build/obj/hal_lld.o
 .ARM.attributes
                0x000000000000051f       0x39 build/obj/adc_lld.o
 .ARM.attributes
                0x0000000000000558       0x39 build/obj/can_lld.o
 .ARM.attributes
                0x0000000000000591       0x39 build/obj/pal_lld.o
 .ARM.attributes
                0x00000000000005ca       0x39 build/obj/spi_lld.o
 .ARM.attributes
                0x0000000000000603       0x39 build/obj/pwm_lld.o
 .ARM.attributes
                0x000000000000063c       0x39 build/obj/serial_lld.o
 .ARM.attributes
                0x0000000000000675       0x39 build/obj/board.o
 .ARM.attributes
                0x00000000000006ae       0x39 build/obj/main.o
 .ARM.attributes
                0x00000000000006e7       0x39 build/obj/thruster.o
 .ARM.attributes
                0x0000000000000720       0x34 /Users/Daniel/Documents/Bachelor/Kode/rov-subside2015/arm/bin/../lib/gcc/arm-none-eabi/4.9.3/../../../../arm-none-eabi/lib/armv7e-m/fpu/libm.a(lib_a-s_cos.o)
 .ARM.attributes
                0x0000000000000754       0x34 /Users/Daniel/Documents/Bachelor/Kode/rov-subside2015/arm/bin/../lib/gcc/arm-none-eabi/4.9.3/../../../../arm-none-eabi/lib/armv7e-m/fpu/libm.a(lib_a-w_atan2.o)
 .ARM.attributes
                0x0000000000000788       0x34 /Users/Daniel/Documents/Bachelor/Kode/rov-subside2015/arm/bin/../lib/gcc/arm-none-eabi/4.9.3/../../../../arm-none-eabi/lib/armv7e-m/fpu/libm.a(lib_a-w_sqrt.o)
 .ARM.attributes
                0x00000000000007bc       0x34 /Users/Daniel/Documents/Bachelor/Kode/rov-subside2015/arm/bin/../lib/gcc/arm-none-eabi/4.9.3/../../../../arm-none-eabi/lib/armv7e-m/fpu/libm.a(lib_a-e_atan2.o)
 .ARM.attributes
                0x00000000000007f0       0x34 /Users/Daniel/Documents/Bachelor/Kode/rov-subside2015/arm/bin/../lib/gcc/arm-none-eabi/4.9.3/../../../../arm-none-eabi/lib/armv7e-m/fpu/libm.a(lib_a-e_rem_pio2.o)
 .ARM.attributes
                0x0000000000000824       0x34 /Users/Daniel/Documents/Bachelor/Kode/rov-subside2015/arm/bin/../lib/gcc/arm-none-eabi/4.9.3/../../../../arm-none-eabi/lib/armv7e-m/fpu/libm.a(lib_a-e_sqrt.o)
 .ARM.attributes
                0x0000000000000858       0x34 /Users/Daniel/Documents/Bachelor/Kode/rov-subside2015/arm/bin/../lib/gcc/arm-none-eabi/4.9.3/../../../../arm-none-eabi/lib/armv7e-m/fpu/libm.a(lib_a-k_cos.o)
 .ARM.attributes
                0x000000000000088c       0x34 /Users/Daniel/Documents/Bachelor/Kode/rov-subside2015/arm/bin/../lib/gcc/arm-none-eabi/4.9.3/../../../../arm-none-eabi/lib/armv7e-m/fpu/libm.a(lib_a-k_rem_pio2.o)
 .ARM.attributes
                0x00000000000008c0       0x34 /Users/Daniel/Documents/Bachelor/Kode/rov-subside2015/arm/bin/../lib/gcc/arm-none-eabi/4.9.3/../../../../arm-none-eabi/lib/armv7e-m/fpu/libm.a(lib_a-k_sin.o)
 .ARM.attributes
                0x00000000000008f4       0x34 /Users/Daniel/Documents/Bachelor/Kode/rov-subside2015/arm/bin/../lib/gcc/arm-none-eabi/4.9.3/../../../../arm-none-eabi/lib/armv7e-m/fpu/libm.a(lib_a-s_atan.o)
 .ARM.attributes
                0x0000000000000928       0x34 /Users/Daniel/Documents/Bachelor/Kode/rov-subside2015/arm/bin/../lib/gcc/arm-none-eabi/4.9.3/../../../../arm-none-eabi/lib/armv7e-m/fpu/libm.a(lib_a-s_fabs.o)
 .ARM.attributes
                0x000000000000095c       0x34 /Users/Daniel/Documents/Bachelor/Kode/rov-subside2015/arm/bin/../lib/gcc/arm-none-eabi/4.9.3/../../../../arm-none-eabi/lib/armv7e-m/fpu/libm.a(lib_a-s_floor.o)
 .ARM.attributes
                0x0000000000000990       0x34 /Users/Daniel/Documents/Bachelor/Kode/rov-subside2015/arm/bin/../lib/gcc/arm-none-eabi/4.9.3/../../../../arm-none-eabi/lib/armv7e-m/fpu/libm.a(lib_a-s_fpclassify.o)
 .ARM.attributes
                0x00000000000009c4       0x34 /Users/Daniel/Documents/Bachelor/Kode/rov-subside2015/arm/bin/../lib/gcc/arm-none-eabi/4.9.3/../../../../arm-none-eabi/lib/armv7e-m/fpu/libm.a(lib_a-s_lib_ver.o)
 .ARM.attributes
                0x00000000000009f8       0x34 /Users/Daniel/Documents/Bachelor/Kode/rov-subside2015/arm/bin/../lib/gcc/arm-none-eabi/4.9.3/../../../../arm-none-eabi/lib/armv7e-m/fpu/libm.a(lib_a-s_matherr.o)
 .ARM.attributes
                0x0000000000000a2c       0x34 /Users/Daniel/Documents/Bachelor/Kode/rov-subside2015/arm/bin/../lib/gcc/arm-none-eabi/4.9.3/../../../../arm-none-eabi/lib/armv7e-m/fpu/libm.a(lib_a-s_scalbn.o)
 .ARM.attributes
                0x0000000000000a60       0x34 /Users/Daniel/Documents/Bachelor/Kode/rov-subside2015/arm/bin/../lib/gcc/arm-none-eabi/4.9.3/../../../../arm-none-eabi/lib/armv7e-m/fpu/libm.a(lib_a-s_copysign.o)
 .ARM.attributes
                0x0000000000000a94       0x22 /Users/Daniel/Documents/Bachelor/Kode/rov-subside2015/arm/bin/../lib/gcc/arm-none-eabi/4.9.3/armv7e-m/fpu/libgcc.a(_arm_addsubdf3.o)
 .ARM.attributes
                0x0000000000000ab6       0x22 /Users/Daniel/Documents/Bachelor/Kode/rov-subside2015/arm/bin/../lib/gcc/arm-none-eabi/4.9.3/armv7e-m/fpu/libgcc.a(_arm_muldivdf3.o)
 .ARM.attributes
                0x0000000000000ad8       0x22 /Users/Daniel/Documents/Bachelor/Kode/rov-subside2015/arm/bin/../lib/gcc/arm-none-eabi/4.9.3/armv7e-m/fpu/libgcc.a(_arm_cmpdf2.o)
 .ARM.attributes
                0x0000000000000afa       0x22 /Users/Daniel/Documents/Bachelor/Kode/rov-subside2015/arm/bin/../lib/gcc/arm-none-eabi/4.9.3/armv7e-m/fpu/libgcc.a(_arm_fixdfsi.o)
 .ARM.attributes
                0x0000000000000b1c       0x34 /Users/Daniel/Documents/Bachelor/Kode/rov-subside2015/arm/bin/../lib/gcc/arm-none-eabi/4.9.3/../../../../arm-none-eabi/lib/armv7e-m/fpu/libg.a(lib_a-errno.o)
 .ARM.attributes
                0x0000000000000b50       0x34 /Users/Daniel/Documents/Bachelor/Kode/rov-subside2015/arm/bin/../lib/gcc/arm-none-eabi/4.9.3/../../../../arm-none-eabi/lib/armv7e-m/fpu/libg.a(lib_a-impure.o)

.debug_frame    0x0000000000000000     0x2098
 .debug_frame   0x0000000000000000       0x50 build/obj/crt0.o
 .debug_frame   0x0000000000000050       0x20 build/obj/vectors.o
 .debug_frame   0x0000000000000070       0xa0 build/obj/chcore_v7m.o
 .debug_frame   0x0000000000000110       0x74 build/obj/nvic.o
 .debug_frame   0x0000000000000184       0x5c build/obj/chsys.o
 .debug_frame   0x00000000000001e0       0x58 build/obj/chvt.o
 .debug_frame   0x0000000000000238      0x15c build/obj/chschd.o
 .debug_frame   0x0000000000000394      0x194 build/obj/chthreads.o
 .debug_frame   0x0000000000000528       0x3c build/obj/chregistry.o
 .debug_frame   0x0000000000000564      0x14c build/obj/chsem.o
 .debug_frame   0x00000000000006b0       0xec build/obj/chmtx.o
 .debug_frame   0x000000000000079c      0x1dc build/obj/chevents.o
 .debug_frame   0x0000000000000978      0x190 build/obj/chqueues.o
 .debug_frame   0x0000000000000b08       0x68 build/obj/chmemcore.o
 .debug_frame   0x0000000000000b70       0xb4 build/obj/chheap.o
 .debug_frame   0x0000000000000c24       0x50 build/obj/hal.o
 .debug_frame   0x0000000000000c74      0x128 build/obj/adc.o
 .debug_frame   0x0000000000000d9c      0x104 build/obj/can.o
 .debug_frame   0x0000000000000ea0       0xb0 build/obj/pwm.o
 .debug_frame   0x0000000000000f50      0x14c build/obj/serial.o
 .debug_frame   0x000000000000109c      0x1a8 build/obj/spi.o
 .debug_frame   0x0000000000001244      0x274 build/obj/stm32_dma.o
 .debug_frame   0x00000000000014b8       0x50 build/obj/hal_lld.o
 .debug_frame   0x0000000000001508      0x15c build/obj/adc_lld.o
 .debug_frame   0x0000000000001664      0x1cc build/obj/can_lld.o
 .debug_frame   0x0000000000001830       0x70 build/obj/pal_lld.o
 .debug_frame   0x00000000000018a0      0x168 build/obj/spi_lld.o
 .debug_frame   0x0000000000001a08      0x158 build/obj/pwm_lld.o
 .debug_frame   0x0000000000001b60       0xa8 build/obj/serial_lld.o
 .debug_frame   0x0000000000001c08       0x30 build/obj/board.o
 .debug_frame   0x0000000000001c38       0x2c build/obj/main.o
 .debug_frame   0x0000000000001c64       0x4c build/obj/thruster.o
 .debug_frame   0x0000000000001cb0       0x3c /Users/Daniel/Documents/Bachelor/Kode/rov-subside2015/arm/bin/../lib/gcc/arm-none-eabi/4.9.3/../../../../arm-none-eabi/lib/armv7e-m/fpu/libm.a(lib_a-s_cos.o)
 .debug_frame   0x0000000000001cec       0x20 /Users/Daniel/Documents/Bachelor/Kode/rov-subside2015/arm/bin/../lib/gcc/arm-none-eabi/4.9.3/../../../../arm-none-eabi/lib/armv7e-m/fpu/libm.a(lib_a-w_atan2.o)
 .debug_frame   0x0000000000001d0c       0x60 /Users/Daniel/Documents/Bachelor/Kode/rov-subside2015/arm/bin/../lib/gcc/arm-none-eabi/4.9.3/../../../../arm-none-eabi/lib/armv7e-m/fpu/libm.a(lib_a-w_sqrt.o)
 .debug_frame   0x0000000000001d6c       0x44 /Users/Daniel/Documents/Bachelor/Kode/rov-subside2015/arm/bin/../lib/gcc/arm-none-eabi/4.9.3/../../../../arm-none-eabi/lib/armv7e-m/fpu/libm.a(lib_a-e_atan2.o)
 .debug_frame   0x0000000000001db0       0x48 /Users/Daniel/Documents/Bachelor/Kode/rov-subside2015/arm/bin/../lib/gcc/arm-none-eabi/4.9.3/../../../../arm-none-eabi/lib/armv7e-m/fpu/libm.a(lib_a-e_rem_pio2.o)
 .debug_frame   0x0000000000001df8       0x30 /Users/Daniel/Documents/Bachelor/Kode/rov-subside2015/arm/bin/../lib/gcc/arm-none-eabi/4.9.3/../../../../arm-none-eabi/lib/armv7e-m/fpu/libm.a(lib_a-e_sqrt.o)
 .debug_frame   0x0000000000001e28       0x68 /Users/Daniel/Documents/Bachelor/Kode/rov-subside2015/arm/bin/../lib/gcc/arm-none-eabi/4.9.3/../../../../arm-none-eabi/lib/armv7e-m/fpu/libm.a(lib_a-k_cos.o)
 .debug_frame   0x0000000000001e90       0x54 /Users/Daniel/Documents/Bachelor/Kode/rov-subside2015/arm/bin/../lib/gcc/arm-none-eabi/4.9.3/../../../../arm-none-eabi/lib/armv7e-m/fpu/libm.a(lib_a-k_rem_pio2.o)
 .debug_frame   0x0000000000001ee4       0x68 /Users/Daniel/Documents/Bachelor/Kode/rov-subside2015/arm/bin/../lib/gcc/arm-none-eabi/4.9.3/../../../../arm-none-eabi/lib/armv7e-m/fpu/libm.a(lib_a-k_sin.o)
 .debug_frame   0x0000000000001f4c       0x38 /Users/Daniel/Documents/Bachelor/Kode/rov-subside2015/arm/bin/../lib/gcc/arm-none-eabi/4.9.3/../../../../arm-none-eabi/lib/armv7e-m/fpu/libm.a(lib_a-s_atan.o)
 .debug_frame   0x0000000000001f84       0x20 /Users/Daniel/Documents/Bachelor/Kode/rov-subside2015/arm/bin/../lib/gcc/arm-none-eabi/4.9.3/../../../../arm-none-eabi/lib/armv7e-m/fpu/libm.a(lib_a-s_fabs.o)
 .debug_frame   0x0000000000001fa4       0x34 /Users/Daniel/Documents/Bachelor/Kode/rov-subside2015/arm/bin/../lib/gcc/arm-none-eabi/4.9.3/../../../../arm-none-eabi/lib/armv7e-m/fpu/libm.a(lib_a-s_floor.o)
 .debug_frame   0x0000000000001fd8       0x34 /Users/Daniel/Documents/Bachelor/Kode/rov-subside2015/arm/bin/../lib/gcc/arm-none-eabi/4.9.3/../../../../arm-none-eabi/lib/armv7e-m/fpu/libm.a(lib_a-s_fpclassify.o)
 .debug_frame   0x000000000000200c       0x20 /Users/Daniel/Documents/Bachelor/Kode/rov-subside2015/arm/bin/../lib/gcc/arm-none-eabi/4.9.3/../../../../arm-none-eabi/lib/armv7e-m/fpu/libm.a(lib_a-s_matherr.o)
 .debug_frame   0x000000000000202c       0x2c /Users/Daniel/Documents/Bachelor/Kode/rov-subside2015/arm/bin/../lib/gcc/arm-none-eabi/4.9.3/../../../../arm-none-eabi/lib/armv7e-m/fpu/libm.a(lib_a-s_scalbn.o)
 .debug_frame   0x0000000000002058       0x20 /Users/Daniel/Documents/Bachelor/Kode/rov-subside2015/arm/bin/../lib/gcc/arm-none-eabi/4.9.3/../../../../arm-none-eabi/lib/armv7e-m/fpu/libm.a(lib_a-s_copysign.o)
 .debug_frame   0x0000000000002078       0x20 /Users/Daniel/Documents/Bachelor/Kode/rov-subside2015/arm/bin/../lib/gcc/arm-none-eabi/4.9.3/../../../../arm-none-eabi/lib/armv7e-m/fpu/libg.a(lib_a-errno.o)

Cross Reference Table

Symbol                                            File
ADCD1                                             build/obj/adc_lld.o
BusFaultVector                                    build/obj/vectors.o
CAND1                                             build/obj/can_lld.o
                                                  build/obj/thruster.o
                                                  build/obj/main.o
DebugMonitorVector                                build/obj/vectors.o
HardFaultVector                                   build/obj/vectors.o
MemManageVector                                   build/obj/vectors.o
NMIVector                                         build/obj/vectors.o
PWMD1                                             build/obj/pwm_lld.o
                                                  build/obj/thruster.o
                                                  build/obj/main.o
PWMD2                                             build/obj/pwm_lld.o
                                                  build/obj/thruster.o
                                                  build/obj/main.o
PWMD8                                             build/obj/pwm_lld.o
                                                  build/obj/thruster.o
                                                  build/obj/main.o
PendSVVector                                      build/obj/vectors.o
ResetHandler                                      build/obj/crt0.o
                                                  build/obj/vectors.o
SD2                                               build/obj/serial_lld.o
SPID2                                             build/obj/spi_lld.o
SVCallVector                                      build/obj/chcore_v7m.o
                                                  build/obj/vectors.o
SysTickVector                                     build/obj/chcore_v7m.o
                                                  build/obj/vectors.o
TestThread                                        build/obj/test.o
UsageFaultVector                                  build/obj/vectors.o
Vector100                                         build/obj/vectors.o
Vector104                                         build/obj/vectors.o
Vector108                                         build/obj/vectors.o
Vector10C                                         build/obj/vectors.o
Vector110                                         build/obj/vectors.o
Vector114                                         build/obj/vectors.o
Vector118                                         build/obj/vectors.o
Vector11C                                         build/obj/vectors.o
Vector120                                         build/obj/stm32_dma.o
                                                  build/obj/vectors.o
Vector124                                         build/obj/stm32_dma.o
                                                  build/obj/vectors.o
Vector128                                         build/obj/stm32_dma.o
                                                  build/obj/vectors.o
Vector12C                                         build/obj/stm32_dma.o
                                                  build/obj/vectors.o
Vector130                                         build/obj/stm32_dma.o
                                                  build/obj/vectors.o
Vector134                                         build/obj/vectors.o
Vector138                                         build/obj/vectors.o
Vector13C                                         build/obj/vectors.o
Vector140                                         build/obj/vectors.o
Vector144                                         build/obj/vectors.o
Vector148                                         build/obj/vectors.o
Vector14C                                         build/obj/vectors.o
Vector150                                         build/obj/stm32_dma.o
                                                  build/obj/vectors.o
Vector154                                         build/obj/stm32_dma.o
                                                  build/obj/vectors.o
Vector158                                         build/obj/stm32_dma.o
                                                  build/obj/vectors.o
Vector15C                                         build/obj/vectors.o
Vector160                                         build/obj/vectors.o
Vector164                                         build/obj/vectors.o
Vector168                                         build/obj/vectors.o
Vector16C                                         build/obj/vectors.o
Vector170                                         build/obj/vectors.o
Vector174                                         build/obj/vectors.o
Vector178                                         build/obj/vectors.o
Vector17C                                         build/obj/vectors.o
Vector180                                         build/obj/vectors.o
Vector184                                         build/obj/vectors.o
Vector188                                         build/obj/vectors.o
Vector18C                                         build/obj/vectors.o
Vector190                                         build/obj/vectors.o
Vector194                                         build/obj/vectors.o
Vector198                                         build/obj/vectors.o
Vector19C                                         build/obj/vectors.o
Vector1A0                                         build/obj/vectors.o
Vector1A4                                         build/obj/vectors.o
Vector1A8                                         build/obj/vectors.o
Vector1C                                          build/obj/vectors.o
Vector20                                          build/obj/vectors.o
Vector24                                          build/obj/vectors.o
Vector28                                          build/obj/vectors.o
Vector34                                          build/obj/vectors.o
Vector40                                          build/obj/vectors.o
Vector44                                          build/obj/vectors.o
Vector48                                          build/obj/vectors.o
Vector4C                                          build/obj/vectors.o
Vector50                                          build/obj/vectors.o
Vector54                                          build/obj/vectors.o
Vector58                                          build/obj/vectors.o
Vector5C                                          build/obj/vectors.o
Vector60                                          build/obj/vectors.o
Vector64                                          build/obj/vectors.o
Vector68                                          build/obj/vectors.o
Vector6C                                          build/obj/stm32_dma.o
                                                  build/obj/vectors.o
Vector70                                          build/obj/stm32_dma.o
                                                  build/obj/vectors.o
Vector74                                          build/obj/stm32_dma.o
                                                  build/obj/vectors.o
Vector78                                          build/obj/stm32_dma.o
                                                  build/obj/vectors.o
Vector7C                                          build/obj/stm32_dma.o
                                                  build/obj/vectors.o
Vector80                                          build/obj/stm32_dma.o
                                                  build/obj/vectors.o
Vector84                                          build/obj/stm32_dma.o
                                                  build/obj/vectors.o
Vector88                                          build/obj/adc_lld.o
                                                  build/obj/vectors.o
Vector8C                                          build/obj/can_lld.o
                                                  build/obj/vectors.o
Vector90                                          build/obj/can_lld.o
                                                  build/obj/vectors.o
Vector94                                          build/obj/can_lld.o
                                                  build/obj/vectors.o
Vector98                                          build/obj/can_lld.o
                                                  build/obj/vectors.o
Vector9C                                          build/obj/vectors.o
VectorA0                                          build/obj/vectors.o
VectorA4                                          build/obj/pwm_lld.o
                                                  build/obj/vectors.o
VectorA8                                          build/obj/vectors.o
VectorAC                                          build/obj/pwm_lld.o
                                                  build/obj/vectors.o
VectorB0                                          build/obj/pwm_lld.o
                                                  build/obj/vectors.o
VectorB4                                          build/obj/vectors.o
VectorB8                                          build/obj/vectors.o
VectorBC                                          build/obj/vectors.o
VectorC0                                          build/obj/vectors.o
VectorC4                                          build/obj/vectors.o
VectorC8                                          build/obj/vectors.o
VectorCC                                          build/obj/vectors.o
VectorD0                                          build/obj/vectors.o
VectorD4                                          build/obj/vectors.o
VectorD8                                          build/obj/serial_lld.o
                                                  build/obj/vectors.o
VectorDC                                          build/obj/vectors.o
VectorE0                                          build/obj/vectors.o
VectorE4                                          build/obj/vectors.o
VectorE8                                          build/obj/vectors.o
VectorEC                                          build/obj/vectors.o
VectorF0                                          build/obj/pwm_lld.o
                                                  build/obj/vectors.o
VectorF4                                          build/obj/vectors.o
VectorF8                                          build/obj/pwm_lld.o
                                                  build/obj/vectors.o
VectorFC                                          build/obj/stm32_dma.o
                                                  build/obj/vectors.o
__adddf3                                          /Users/Daniel/Documents/Bachelor/Kode/rov-subside2015/arm/bin/../lib/gcc/arm-none-eabi/4.9.3/armv7e-m/fpu/libgcc.a(_arm_addsubdf3.o)
__aeabi_cdcmpeq                                   /Users/Daniel/Documents/Bachelor/Kode/rov-subside2015/arm/bin/../lib/gcc/arm-none-eabi/4.9.3/armv7e-m/fpu/libgcc.a(_arm_cmpdf2.o)
__aeabi_cdcmple                                   /Users/Daniel/Documents/Bachelor/Kode/rov-subside2015/arm/bin/../lib/gcc/arm-none-eabi/4.9.3/armv7e-m/fpu/libgcc.a(_arm_cmpdf2.o)
__aeabi_cdrcmple                                  /Users/Daniel/Documents/Bachelor/Kode/rov-subside2015/arm/bin/../lib/gcc/arm-none-eabi/4.9.3/armv7e-m/fpu/libgcc.a(_arm_cmpdf2.o)
__aeabi_d2iz                                      /Users/Daniel/Documents/Bachelor/Kode/rov-subside2015/arm/bin/../lib/gcc/arm-none-eabi/4.9.3/armv7e-m/fpu/libgcc.a(_arm_fixdfsi.o)
                                                  /Users/Daniel/Documents/Bachelor/Kode/rov-subside2015/arm/bin/../lib/gcc/arm-none-eabi/4.9.3/../../../../arm-none-eabi/lib/armv7e-m/fpu/libm.a(lib_a-k_sin.o)
                                                  /Users/Daniel/Documents/Bachelor/Kode/rov-subside2015/arm/bin/../lib/gcc/arm-none-eabi/4.9.3/../../../../arm-none-eabi/lib/armv7e-m/fpu/libm.a(lib_a-k_rem_pio2.o)
                                                  /Users/Daniel/Documents/Bachelor/Kode/rov-subside2015/arm/bin/../lib/gcc/arm-none-eabi/4.9.3/../../../../arm-none-eabi/lib/armv7e-m/fpu/libm.a(lib_a-k_cos.o)
                                                  /Users/Daniel/Documents/Bachelor/Kode/rov-subside2015/arm/bin/../lib/gcc/arm-none-eabi/4.9.3/../../../../arm-none-eabi/lib/armv7e-m/fpu/libm.a(lib_a-e_rem_pio2.o)
                                                  build/obj/thruster.o
__aeabi_dadd                                      /Users/Daniel/Documents/Bachelor/Kode/rov-subside2015/arm/bin/../lib/gcc/arm-none-eabi/4.9.3/armv7e-m/fpu/libgcc.a(_arm_addsubdf3.o)
                                                  /Users/Daniel/Documents/Bachelor/Kode/rov-subside2015/arm/bin/../lib/gcc/arm-none-eabi/4.9.3/../../../../arm-none-eabi/lib/armv7e-m/fpu/libm.a(lib_a-s_scalbn.o)
                                                  /Users/Daniel/Documents/Bachelor/Kode/rov-subside2015/arm/bin/../lib/gcc/arm-none-eabi/4.9.3/../../../../arm-none-eabi/lib/armv7e-m/fpu/libm.a(lib_a-s_floor.o)
                                                  /Users/Daniel/Documents/Bachelor/Kode/rov-subside2015/arm/bin/../lib/gcc/arm-none-eabi/4.9.3/../../../../arm-none-eabi/lib/armv7e-m/fpu/libm.a(lib_a-s_atan.o)
                                                  /Users/Daniel/Documents/Bachelor/Kode/rov-subside2015/arm/bin/../lib/gcc/arm-none-eabi/4.9.3/../../../../arm-none-eabi/lib/armv7e-m/fpu/libm.a(lib_a-k_sin.o)
                                                  /Users/Daniel/Documents/Bachelor/Kode/rov-subside2015/arm/bin/../lib/gcc/arm-none-eabi/4.9.3/../../../../arm-none-eabi/lib/armv7e-m/fpu/libm.a(lib_a-k_rem_pio2.o)
                                                  /Users/Daniel/Documents/Bachelor/Kode/rov-subside2015/arm/bin/../lib/gcc/arm-none-eabi/4.9.3/../../../../arm-none-eabi/lib/armv7e-m/fpu/libm.a(lib_a-k_cos.o)
                                                  /Users/Daniel/Documents/Bachelor/Kode/rov-subside2015/arm/bin/../lib/gcc/arm-none-eabi/4.9.3/../../../../arm-none-eabi/lib/armv7e-m/fpu/libm.a(lib_a-e_sqrt.o)
                                                  /Users/Daniel/Documents/Bachelor/Kode/rov-subside2015/arm/bin/../lib/gcc/arm-none-eabi/4.9.3/../../../../arm-none-eabi/lib/armv7e-m/fpu/libm.a(lib_a-e_rem_pio2.o)
                                                  /Users/Daniel/Documents/Bachelor/Kode/rov-subside2015/arm/bin/../lib/gcc/arm-none-eabi/4.9.3/../../../../arm-none-eabi/lib/armv7e-m/fpu/libm.a(lib_a-e_atan2.o)
                                                  build/obj/thruster.o
__aeabi_dcmpeq                                    /Users/Daniel/Documents/Bachelor/Kode/rov-subside2015/arm/bin/../lib/gcc/arm-none-eabi/4.9.3/armv7e-m/fpu/libgcc.a(_arm_cmpdf2.o)
                                                  /Users/Daniel/Documents/Bachelor/Kode/rov-subside2015/arm/bin/../lib/gcc/arm-none-eabi/4.9.3/../../../../arm-none-eabi/lib/armv7e-m/fpu/libm.a(lib_a-k_rem_pio2.o)
                                                  /Users/Daniel/Documents/Bachelor/Kode/rov-subside2015/arm/bin/../lib/gcc/arm-none-eabi/4.9.3/../../../../arm-none-eabi/lib/armv7e-m/fpu/libm.a(lib_a-e_rem_pio2.o)
__aeabi_dcmpge                                    /Users/Daniel/Documents/Bachelor/Kode/rov-subside2015/arm/bin/../lib/gcc/arm-none-eabi/4.9.3/armv7e-m/fpu/libgcc.a(_arm_cmpdf2.o)
                                                  /Users/Daniel/Documents/Bachelor/Kode/rov-subside2015/arm/bin/../lib/gcc/arm-none-eabi/4.9.3/../../../../arm-none-eabi/lib/armv7e-m/fpu/libm.a(lib_a-k_rem_pio2.o)
__aeabi_dcmpgt                                    /Users/Daniel/Documents/Bachelor/Kode/rov-subside2015/arm/bin/../lib/gcc/arm-none-eabi/4.9.3/armv7e-m/fpu/libgcc.a(_arm_cmpdf2.o)
                                                  /Users/Daniel/Documents/Bachelor/Kode/rov-subside2015/arm/bin/../lib/gcc/arm-none-eabi/4.9.3/../../../../arm-none-eabi/lib/armv7e-m/fpu/libm.a(lib_a-s_floor.o)
                                                  /Users/Daniel/Documents/Bachelor/Kode/rov-subside2015/arm/bin/../lib/gcc/arm-none-eabi/4.9.3/../../../../arm-none-eabi/lib/armv7e-m/fpu/libm.a(lib_a-s_atan.o)
__aeabi_dcmple                                    /Users/Daniel/Documents/Bachelor/Kode/rov-subside2015/arm/bin/../lib/gcc/arm-none-eabi/4.9.3/armv7e-m/fpu/libgcc.a(_arm_cmpdf2.o)
__aeabi_dcmplt                                    /Users/Daniel/Documents/Bachelor/Kode/rov-subside2015/arm/bin/../lib/gcc/arm-none-eabi/4.9.3/armv7e-m/fpu/libgcc.a(_arm_cmpdf2.o)
                                                  /Users/Daniel/Documents/Bachelor/Kode/rov-subside2015/arm/bin/../lib/gcc/arm-none-eabi/4.9.3/../../../../arm-none-eabi/lib/armv7e-m/fpu/libm.a(lib_a-w_sqrt.o)
__aeabi_ddiv                                      /Users/Daniel/Documents/Bachelor/Kode/rov-subside2015/arm/bin/../lib/gcc/arm-none-eabi/4.9.3/armv7e-m/fpu/libgcc.a(_arm_muldivdf3.o)
                                                  /Users/Daniel/Documents/Bachelor/Kode/rov-subside2015/arm/bin/../lib/gcc/arm-none-eabi/4.9.3/../../../../arm-none-eabi/lib/armv7e-m/fpu/libm.a(lib_a-s_atan.o)
                                                  /Users/Daniel/Documents/Bachelor/Kode/rov-subside2015/arm/bin/../lib/gcc/arm-none-eabi/4.9.3/../../../../arm-none-eabi/lib/armv7e-m/fpu/libm.a(lib_a-e_sqrt.o)
                                                  /Users/Daniel/Documents/Bachelor/Kode/rov-subside2015/arm/bin/../lib/gcc/arm-none-eabi/4.9.3/../../../../arm-none-eabi/lib/armv7e-m/fpu/libm.a(lib_a-e_atan2.o)
                                                  /Users/Daniel/Documents/Bachelor/Kode/rov-subside2015/arm/bin/../lib/gcc/arm-none-eabi/4.9.3/../../../../arm-none-eabi/lib/armv7e-m/fpu/libm.a(lib_a-w_sqrt.o)
                                                  build/obj/thruster.o
__aeabi_dmul                                      /Users/Daniel/Documents/Bachelor/Kode/rov-subside2015/arm/bin/../lib/gcc/arm-none-eabi/4.9.3/armv7e-m/fpu/libgcc.a(_arm_muldivdf3.o)